###############################################################################
#
# IAR ANSI C/C++ Compiler V8.40.2.214/W32 for ARM         10/Apr/2021  11:16:33
# Copyright 1999-2019 IAR Systems AB.
#
#    Cpu mode     =  
#    Endian       =  little
#    Source file  =
#        C:\Users\@@@@@@@\Desktop\Kursovoy-main\code\AHardware\ButtonPoll\ButtonPoll.cpp
#    Command line =
#        -f C:\Users\BA60~1\AppData\Local\Temp\EW6371.tmp
#        (C:\Users\@@@@@@@\Desktop\Kursovoy-main\code\AHardware\ButtonPoll\ButtonPoll.cpp
#        -lC C:\Users\@@@@@@@\Desktop\Kursovoy-main\code\Debug\List -lA
#        C:\Users\@@@@@@@\Desktop\Kursovoy-main\code\Debug\List -o
#        C:\Users\@@@@@@@\Desktop\Kursovoy-main\code\Debug\Obj --no_cse
#        --no_unroll --no_inline --no_code_motion --no_tbaa --no_clustering
#        --no_scheduling --debug --endian=little --cpu=Cortex-M4 -e
#        --fpu=VFPv4_sp --dlib_config "C:\Program Files (x86)\IAR
#        Systems\Embedded Workbench 8.3\arm\inc\c\DLib_Config_Normal.h" -I
#        C:\Users\@@@@@@@\Desktop\Kursovoy-main\code\Rtos\ -I
#        C:\Users\@@@@@@@\Desktop\Kursovoy-main\code\Rtos\wrapper\ -I
#        C:\Users\@@@@@@@\Desktop\Kursovoy-main\code\Rtos\wrapper\FreeRtos\
#        -I C:\Users\@@@@@@@\Desktop\Kursovoy-main\code\Rtos\FreeRtos\
#        -I
#        C:\Users\@@@@@@@\Desktop\Kursovoy-main\code\Rtos\FreeRtos\include\
#        -I
#        C:\Users\@@@@@@@\Desktop\Kursovoy-main\code\Rtos\FreeRtos\portable\
#        -I
#        C:\Users\@@@@@@@\Desktop\Kursovoy-main\code\Rtos\FreeRtos\portable\Common\
#        -I
#        C:\Users\@@@@@@@\Desktop\Kursovoy-main\code\Rtos\FreeRtos\portable\IAR\
#        -I
#        C:\Users\@@@@@@@\Desktop\Kursovoy-main\code\Rtos\FreeRtos\portable\IAR\ARM_CM4F\
#        -I
#        C:\Users\@@@@@@@\Desktop\Kursovoy-main\code\Rtos\FreeRtos\portable\MemMang\
#        -I C:\Users\@@@@@@@\Desktop\Kursovoy-main\code\MyTasks\ -I
#        C:\Users\@@@@@@@\Desktop\Kursovoy-main\code\Common\ -I
#        C:\Users\@@@@@@@\Desktop\Kursovoy-main\code\CMSIS\ -I
#        C:\Users\@@@@@@@\Desktop\Kursovoy-main\code\Application\ -I
#        C:\Users\@@@@@@@\Desktop\Kursovoy-main\code\Application\Diagnostic\
#        -I C:\Users\@@@@@@@\Desktop\Kursovoy-main\code\AHardware\ -I
#        C:\Users\@@@@@@@\Desktop\Kursovoy-main\code\AHardware\GpioPort\
#        -I
#        C:\Users\@@@@@@@\Desktop\Kursovoy-main\code\AHardware\IrqController\
#        -I
#        C:\Users\@@@@@@@\Desktop\Kursovoy-main\code\..\CortexLib\AbstractHardware\Pin\
#        -I
#        C:\Users\@@@@@@@\Desktop\Kursovoy-main\code\..\CortexLib\AbstractHardware\Registers\STM32F411\FieldValues\
#        -I
#        C:\Users\@@@@@@@\Desktop\Kursovoy-main\code\..\CortexLib\AbstractHardware\Registers\STM32F411\
#        -I
#        C:\Users\@@@@@@@\Desktop\Kursovoy-main\code\..\CortexLib\AbstractHardware\Registers\
#        -I
#        C:\Users\@@@@@@@\Desktop\Kursovoy-main\code\..\CortexLib\AbstractHardware\Port\
#        -I
#        C:\Users\@@@@@@@\Desktop\Kursovoy-main\code\..\CortexLib\AbstractHardware\Atomic\
#        -I
#        C:\Users\@@@@@@@\Desktop\Kursovoy-main\code\..\CortexLib\Common\
#        -I
#        C:\Users\@@@@@@@\Desktop\Kursovoy-main\code\..\CortexLib\Common\Singleton\
#        -I
#        C:\Users\@@@@@@@\Desktop\Kursovoy-main\code\..\CortexLib\Common\RomObject\
#        -I
#        C:\Users\@@@@@@@\Desktop\Kursovoy-main\code\AHardware\Registers\
#        -I
#        C:\Users\@@@@@@@\Desktop\Kursovoy-main\code\AHardware\Registers\CortexM4\
#        -I
#        C:\Users\@@@@@@@\Desktop\Kursovoy-main\code\AHardware\Registers\CortexM4\FieldValues\
#        -I
#        C:\Users\@@@@@@@\Desktop\Kursovoy-main\code\AHardware\Registers\STM32F411\FieldValues\
#        -I C:\Users\@@@@@@@\Desktop\Kursovoy-main\code\Common\ -I
#        C:\Users\@@@@@@@\Desktop\Kursovoy-main\code\AHardware\Atomic\
#        -I C:\Users\@@@@@@@\Desktop\Kursovoy-main\code\AHardware\USART\
#        -I C:\Users\@@@@@@@\Desktop\Kursovoy-main\code\Tasks\ -I
#        C:\Users\@@@@@@@\Desktop\Kursovoy-main\code\Application\Button\
#        -I C:\Users\@@@@@@@\Desktop\Kursovoy-main\code\Application\ -I
#        C:\Users\@@@@@@@\Desktop\Kursovoy-main\code\AHardware\Timer\ -I
#        C:\Users\@@@@@@@\Desktop\Kursovoy-main\code\AHardware\ -I
#        C:\Users\@@@@@@@\Desktop\Kursovoy-main\code\AHardware\Registers\STM32F411\
#        -I
#        C:\Users\@@@@@@@\Desktop\Kursovoy-main\code\AHardware\Registers\IrqController\
#        -I
#        C:\Users\@@@@@@@\Desktop\Kursovoy-main\code\AHardware\Button\
#        -I
#        C:\Users\@@@@@@@\Desktop\Kursovoy-main\code\AHardware\ButtonPoll\
#        -I
#        C:\Users\@@@@@@@\Desktop\Kursovoy-main\code\AHardware\ITransmit\
#        -I
#        C:\Users\@@@@@@@\Desktop\Kursovoy-main\code\AHardware\LCDDriver\
#        -I C:\Users\@@@@@@@\Desktop\Kursovoy-main\code\AHardware\SMBus\
#        -I C:\Users\@@@@@@@\Desktop\Kursovoy-main\code\AHardware\SPIx\
#        -I
#        C:\Users\@@@@@@@\Desktop\Kursovoy-main\code\AHardware\TempSens\
#        -I C:\Users\@@@@@@@\Desktop\Kursovoy-main\code\AHardware\Timer\
#        -I C:\Users\@@@@@@@\Desktop\Kursovoy-main\code\AHardware\UART\
#        -I
#        C:\Users\@@@@@@@\Desktop\Kursovoy-main\code\AHardware\UARTDriver\
#        -I
#        C:\Users\@@@@@@@\Desktop\Kursovoy-main\code\Application\Filter\
#        -I
#        C:\Users\@@@@@@@\Desktop\Kursovoy-main\code\Application\Tasks\
#        -I
#        C:\Users\@@@@@@@\Desktop\Kursovoy-main\code\Application\Tasks\BlueToothTask\
#        -I
#        C:\Users\@@@@@@@\Desktop\Kursovoy-main\code\Application\Tasks\ScreenTask\
#        -I
#        C:\Users\@@@@@@@\Desktop\Kursovoy-main\code\Application\Tasks\TemperatureTask\
#        -I
#        C:\Users\@@@@@@@\Desktop\Kursovoy-main\code\Application\Temp\
#        -I
#        C:\Users\@@@@@@@\Desktop\Kursovoy-main\code\Application\Temp\Temp\
#        -I
#        C:\Users\@@@@@@@\Desktop\Kursovoy-main\code\Application\Temp\Units\
#        -I
#        C:\Users\@@@@@@@\Desktop\Kursovoy-main\code\AHardware\InterruptHandler\
#        -I C:\Users\@@@@@@@\Desktop\Kursovoy-main\code\ -Ol --c++
#        --no_exceptions --no_rtti)
#    Locale       =  C
#    List file    =
#        C:\Users\@@@@@@@\Desktop\Kursovoy-main\code\Debug\List\ButtonPoll.lst
#    Object file  =
#        C:\Users\@@@@@@@\Desktop\Kursovoy-main\code\Debug\Obj\ButtonPoll.o
#
###############################################################################

C:\Users\@@@@@@@\Desktop\Kursovoy-main\code\AHardware\ButtonPoll\ButtonPoll.cpp
      1          #include "ButtonPoll.hpp"
      2          #include "timer.hpp"  //for Timer
      3          #include <iostream>
      4          
      5          
      6          
      7          ButtonPoll::ButtonPoll(UserButton& aButton, Event& iButtonPressEvent): 
      8            button(aButton),
      9            ButtonPressEvent(iButtonPressEvent)  
     10          {
     11          }
     12          
     13          template<typename TTimer>
     14          void ButtonPoll::ButtonPollInitialization()
                      ^
Error[Pe464]: "ButtonPoll" is not a class template
     15          {
     16            TTimer::Start();
     17          }
     18          
     19           void ButtonPoll::Poll()
     20          {
     21            if(button.IsPressed())
     22            {
     23              std::cout << " Amogus : "  << std::endl;
     24              //event.Signal();
     25            }
     26          }

Errors: 1
Warnings: none
