###############################################################################
#
# IAR ANSI C/C++ Compiler V8.40.2.214/W32 for ARM         09/Apr/2021  22:24:42
# Copyright 1999-2019 IAR Systems AB.
#
#    Cpu mode     =  
#    Endian       =  little
#    Source file  =
#        E:\Git\POIP\Kursovoy\code\AHardware\ButtonPoll\ButtonPoll.cpp
#    Command line =
#        -f C:\Users\D9F8~1\AppData\Local\Temp\EW79C2.tmp
#        (E:\Git\POIP\Kursovoy\code\AHardware\ButtonPoll\ButtonPoll.cpp -lC
#        E:\Git\POIP\Kursovoy\code\Debug\List -lA
#        E:\Git\POIP\Kursovoy\code\Debug\List -o
#        E:\Git\POIP\Kursovoy\code\Debug\Obj --no_cse --no_unroll --no_inline
#        --no_code_motion --no_tbaa --no_clustering --no_scheduling --debug
#        --endian=little --cpu=Cortex-M4 -e --fpu=VFPv4_sp --dlib_config
#        "D:\@@@@@\@@@@@@\7
#        @@@@@\IAR\arm\inc\c\DLib_Config_Normal.h" -I
#        E:\Git\POIP\Kursovoy\code\Rtos\ -I
#        E:\Git\POIP\Kursovoy\code\Rtos\wrapper\ -I
#        E:\Git\POIP\Kursovoy\code\Rtos\wrapper\FreeRtos\ -I
#        E:\Git\POIP\Kursovoy\code\Rtos\FreeRtos\ -I
#        E:\Git\POIP\Kursovoy\code\Rtos\FreeRtos\include\ -I
#        E:\Git\POIP\Kursovoy\code\Rtos\FreeRtos\portable\ -I
#        E:\Git\POIP\Kursovoy\code\Rtos\FreeRtos\portable\Common\ -I
#        E:\Git\POIP\Kursovoy\code\Rtos\FreeRtos\portable\IAR\ -I
#        E:\Git\POIP\Kursovoy\code\Rtos\FreeRtos\portable\IAR\ARM_CM4F\ -I
#        E:\Git\POIP\Kursovoy\code\Rtos\FreeRtos\portable\MemMang\ -I
#        E:\Git\POIP\Kursovoy\code\MyTasks\ -I
#        E:\Git\POIP\Kursovoy\code\Common\ -I E:\Git\POIP\Kursovoy\code\CMSIS\
#        -I E:\Git\POIP\Kursovoy\code\Application\ -I
#        E:\Git\POIP\Kursovoy\code\Application\Diagnostic\ -I
#        E:\Git\POIP\Kursovoy\code\AHardware\ -I
#        E:\Git\POIP\Kursovoy\code\AHardware\GpioPort\ -I
#        E:\Git\POIP\Kursovoy\code\AHardware\IrqController\ -I
#        E:\Git\POIP\Kursovoy\code\..\CortexLib\AbstractHardware\Pin\ -I
#        E:\Git\POIP\Kursovoy\code\..\CortexLib\AbstractHardware\Registers\STM32F411\FieldValues\
#        -I
#        E:\Git\POIP\Kursovoy\code\..\CortexLib\AbstractHardware\Registers\STM32F411\
#        -I E:\Git\POIP\Kursovoy\code\..\CortexLib\AbstractHardware\Registers\
#        -I E:\Git\POIP\Kursovoy\code\..\CortexLib\AbstractHardware\Port\ -I
#        E:\Git\POIP\Kursovoy\code\..\CortexLib\AbstractHardware\Atomic\ -I
#        E:\Git\POIP\Kursovoy\code\..\CortexLib\Common\ -I
#        E:\Git\POIP\Kursovoy\code\..\CortexLib\Common\Singleton\ -I
#        E:\Git\POIP\Kursovoy\code\..\CortexLib\Common\RomObject\ -I
#        E:\Git\POIP\Kursovoy\code\AHardware\Registers\ -I
#        E:\Git\POIP\Kursovoy\code\AHardware\Registers\CortexM4\ -I
#        E:\Git\POIP\Kursovoy\code\AHardware\Registers\CortexM4\FieldValues\ -I
#        E:\Git\POIP\Kursovoy\code\AHardware\Registers\STM32F411\FieldValues\
#        -I E:\Git\POIP\Kursovoy\code\Common\ -I
#        E:\Git\POIP\Kursovoy\code\AHardware\Atomic\ -I
#        E:\Git\POIP\Kursovoy\code\AHardware\USART\ -I
#        E:\Git\POIP\Kursovoy\code\Tasks\ -I
#        E:\Git\POIP\Kursovoy\code\Application\Button\ -I
#        E:\Git\POIP\Kursovoy\code\Application\ -I
#        E:\Git\POIP\Kursovoy\code\AHardware\Timer\ -I
#        E:\Git\POIP\Kursovoy\code\AHardware\ -I
#        E:\Git\POIP\Kursovoy\code\AHardware\Registers\STM32F411\ -I
#        E:\Git\POIP\Kursovoy\code\AHardware\Registers\IrqController\ -I
#        E:\Git\POIP\Kursovoy\code\AHardware\Button\ -I
#        E:\Git\POIP\Kursovoy\code\AHardware\ButtonPoll\ -I
#        E:\Git\POIP\Kursovoy\code\AHardware\ITransmit\ -I
#        E:\Git\POIP\Kursovoy\code\AHardware\LCDDriver\ -I
#        E:\Git\POIP\Kursovoy\code\AHardware\SMBus\ -I
#        E:\Git\POIP\Kursovoy\code\AHardware\SPIx\ -I
#        E:\Git\POIP\Kursovoy\code\AHardware\TempSens\ -I
#        E:\Git\POIP\Kursovoy\code\AHardware\Timer\ -I
#        E:\Git\POIP\Kursovoy\code\AHardware\UART\ -I
#        E:\Git\POIP\Kursovoy\code\AHardware\UARTDriver\ -I
#        E:\Git\POIP\Kursovoy\code\Application\Filter\ -I
#        E:\Git\POIP\Kursovoy\code\Application\Tasks\ -I
#        E:\Git\POIP\Kursovoy\code\Application\Tasks\BlueToothTask\ -I
#        E:\Git\POIP\Kursovoy\code\Application\Tasks\ScreenTask\ -I
#        E:\Git\POIP\Kursovoy\code\Application\Tasks\TemperatureTask\ -I
#        E:\Git\POIP\Kursovoy\code\Application\Temp\ -I
#        E:\Git\POIP\Kursovoy\code\Application\Temp\Temp\ -I
#        E:\Git\POIP\Kursovoy\code\Application\Temp\Units\ -I
#        E:\Git\POIP\Kursovoy\code\AHardware\InterruptHandler\ -I
#        E:\Git\POIP\Kursovoy\code\ -Ol --c++ --no_exceptions --no_rtti)
#    Locale       =  C
#    List file    =  E:\Git\POIP\Kursovoy\code\Debug\List\ButtonPoll.lst
#    Object file  =  E:\Git\POIP\Kursovoy\code\Debug\Obj\ButtonPoll.o
#
###############################################################################

E:\Git\POIP\Kursovoy\code\AHardware\ButtonPoll\ButtonPoll.cpp
      1          #include "ButtonPoll.hpp"

    buttonPoll.Poll();
    ^
"E:\Git\POIP\Kursovoy\code\AHardware\Timer\Timer.hpp",29  Error[Pe020]: 
          identifier "buttonPoll" is undefined
      2          #include <iostream>
      3          
      4          
      5          ButtonPoll::ButtonPoll(IButton& aButton, Event& iButtonPressEvent): button(aButton), ButtonPressEvent(iButtonPressEvent)
      6          {
      7          }
      8          
      9          void ButtonPollInitialization()
     10          {
     11            Timer::Start();
     12          }
     13          
     14           void ButtonPoll::Poll()
     15          {
     16            if(button.IsPressed())
     17            {
     18              std::cout << " Amogus : "  << std::endl;
     19              //event.Signal();
     20            }
     21          }

Errors: 1
Warnings: none
