###############################################################################
#
# IAR ELF Linker V8.40.2.214/W32 for ARM                  21/May/2021  23:29:18
# Copyright 2007-2019 IAR Systems AB.
#
#    Output file  =  D:\Git\POIP\Kursovoy\code\Debug\Exe\iarproject.out
#    Map file     =  D:\Git\POIP\Kursovoy\code\Debug\List\iarproject.map
#    Command line =
#        -f C:\Users\KONSTA~1\AppData\Local\Temp\EW8B21.tmp
#        (D:\Git\POIP\Kursovoy\code\Debug\Obj\croutine.o
#        D:\Git\POIP\Kursovoy\code\Debug\Obj\event_groups.o
#        D:\Git\POIP\Kursovoy\code\Debug\Obj\font24.o
#        D:\Git\POIP\Kursovoy\code\Debug\Obj\font48.o
#        D:\Git\POIP\Kursovoy\code\Debug\Obj\list.o
#        D:\Git\POIP\Kursovoy\code\Debug\Obj\main.o
#        D:\Git\POIP\Kursovoy\code\Debug\Obj\port.o
#        D:\Git\POIP\Kursovoy\code\Debug\Obj\portasm.o
#        D:\Git\POIP\Kursovoy\code\Debug\Obj\queue.o
#        D:\Git\POIP\Kursovoy\code\Debug\Obj\startupF411RE.o
#        D:\Git\POIP\Kursovoy\code\Debug\Obj\tasks.o
#        D:\Git\POIP\Kursovoy\code\Debug\Obj\Timer.o
#        D:\Git\POIP\Kursovoy\code\Debug\Obj\timers.o --no_out_extension -o
#        D:\Git\POIP\Kursovoy\code\Debug\Exe\iarproject.out --map
#        D:\Git\POIP\Kursovoy\code\Debug\List\iarproject.map --log
#        libraries,initialization,modules,redirects,sections,veneers,unused_fragments,call_graph
#        --log_file D:\Git\POIP\Kursovoy\code\Debug\List\iarproject.log
#        --config D:\Git\POIP\Kursovoy\code\stm32f411xE.icf --semihosting
#        --entry __iar_program_start --vfe --text_out locale)
#
###############################################################################

*******************************************************************************
*** RUNTIME MODEL ATTRIBUTES
***

CppFlavor                     = *
__CPP_Exceptions              = Disabled
__CPP_Language                = C++14
__Heap_Handler                = Basic
__SystemLibrary               = DLib
__dlib_dynamic_initialization = normal
__dlib_version                = 6


*******************************************************************************
*** HEAP SELECTION
***

The basic heap was selected because no calls to memory allocation
functions were found in the application outside of system library
functions, and there are calls to deallocation functions in the
application.


*******************************************************************************
*** PLACEMENT SUMMARY
***

"A0":  place at address 0x800'0000 { ro section .intvec };
"P1":  place in [from 0x800'0000 to 0x807'ffff] { ro };
define block CSTACK with size = 8K, alignment = 8 { };
define block HEAP with size = 8K, alignment = 8 { };
"P2":  place in [from 0x2000'0000 to 0x2001'ffff] {
          rw, block CSTACK, block HEAP };
initialize by copy { rw };

  Section                Kind         Address    Size  Object
  -------                ----         -------    ----  ------
"A0":                                           0x198
  .intvec                const     0x800'0000   0x198  startupF411RE.o [1]
                                 - 0x800'0198   0x198

"P1":                                          0x6911
  .rodata                const     0x800'0198  0x1c80  main.o [1]
  .text                  ro code   0x800'1e18   0xdaa  xprintflarge_nomb.o [2]
  .text                  ro code   0x800'2bc2    0x3a  zero_init3.o [5]
  .text                  ro code   0x800'2bfc    0x16  strchr.o [5]
  .text                  ro code   0x800'2c12     0xa  xsprout.o [2]
  .text                  ro code   0x800'2c1c    0x40  xfail_s.o [2]
  .text                  ro code   0x800'2c5c    0x36  strlen.o [5]
  .rodata                const     0x800'2c92     0x1  unwind_debug.o [6]
  .text                  ro code   0x800'2c94    0x58  memchr.o [5]
  .text                  ro code   0x800'2cec    0xa6  ABImemcpy.o [5]
  .text                  ro code   0x800'2d94    0x70  frexp.o [4]
  .text                  ro code   0x800'2e04   0x246  DblDiv.o [4]
  .text                  ro code   0x800'304c    0x28  DblToU32.o [4]
  .text                  ro code   0x800'3074    0x1a  U32ToDbl.o [4]
  .text                  ro code   0x800'3090    0xe2  DblSub.o [4]
  .text                  ro code   0x800'3174   0x1a2  DblMul.o [4]
  .text                  ro code   0x800'3318   0x274  I64DivMod.o [5]
  .text                  ro code   0x800'358c     0x6  abort.o [2]
  .text                  ro code   0x800'3594   0x16a  DblAdd.o [4]
  .text                  ro code   0x800'3700     0x2  I64DivZer.o [5]
  .text                  ro code   0x800'3704    0x14  exit.o [6]
  .text                  ro code   0x800'3718   0x8c0  tasks.o [1]
  .text                  ro code   0x800'3fd8    0x98  list.o [1]
  .text                  ro code   0x800'4070   0x184  port.o [1]
  .text                  ro code   0x800'41f4   0x3b4  timers.o [1]
  CODE                   ro code   0x800'45a8    0xa8  portasm.o [1]
  .text                  ro code   0x800'4650   0x60e  queue.o [1]
  .text                  ro code   0x800'4c60   0x238  main.o [1]
  .text                  ro code   0x800'4e98     0xc  startupF411RE.o [1]
  .text                  ro code   0x800'4ea4    0x66  ABImemset.o [5]
  .text                  ro code   0x800'4f0c     0xc  main.o [1]
  .text                  ro code   0x800'4f18     0xc  main.o [1]
  .text                  ro code   0x800'4f24     0xc  main.o [1]
  .text                  ro code   0x800'4f30    0x2c  main.o [1]
  .text                  ro code   0x800'4f5c     0xa  cxxabi.o [3]
  .text                  ro code   0x800'4f66     0x6  main.o [1]
  .text                  ro code   0x800'4f6c    0x3a  main.o [1]
  .text                  ro code   0x800'4fa6     0x4  main.o [1]
  .text                  ro code   0x800'4fac    0x28  main.o [1]
  .text                  ro code   0x800'4fd4    0x24  main.o [1]
  .text                  ro code   0x800'4ff8    0x18  main.o [1]
  .text                  ro code   0x800'5010    0x10  main.o [1]
  .text                  ro code   0x800'5020    0x10  main.o [1]
  .text                  ro code   0x800'5030    0x10  main.o [1]
  .text                  ro code   0x800'5040    0x18  main.o [1]
  .text                  ro code   0x800'5058     0xc  main.o [1]
  .text                  ro code   0x800'5064     0xc  main.o [1]
  .text                  ro code   0x800'5070    0x10  main.o [1]
  .text                  ro code   0x800'5080    0x10  main.o [1]
  .text                  ro code   0x800'5090    0x10  main.o [1]
  .text                  ro code   0x800'50a0    0x10  main.o [1]
  .text                  ro code   0x800'50b0    0x10  main.o [1]
  .text                  ro code   0x800'50c0    0x10  main.o [1]
  .text                  ro code   0x800'50d0    0x10  main.o [1]
  .text                  ro code   0x800'50e0    0x1c  main.o [1]
  .text                  ro code   0x800'50fc    0x1c  main.o [1]
  .text                  ro code   0x800'5118     0xc  main.o [1]
  .text                  ro code   0x800'5124    0x1c  main.o [1]
  .text                  ro code   0x800'5140    0x1c  main.o [1]
  .text                  ro code   0x800'515c    0x34  main.o [1]
  .text                  ro code   0x800'5190    0x10  main.o [1]
  .text                  ro code   0x800'51a0    0x10  main.o [1]
  .text                  ro code   0x800'51b0    0x10  main.o [1]
  .text                  ro code   0x800'51c0    0x10  main.o [1]
  .text                  ro code   0x800'51d0    0x10  main.o [1]
  .text                  ro code   0x800'51e0    0x10  main.o [1]
  .text                  ro code   0x800'51f0    0x30  main.o [1]
  .text                  ro code   0x800'5220     0xc  main.o [1]
  .text                  ro code   0x800'522c    0x10  main.o [1]
  .text                  ro code   0x800'523c    0x10  main.o [1]
  .text                  ro code   0x800'524c    0x14  main.o [1]
  .text                  ro code   0x800'5260    0x14  main.o [1]
  .text                  ro code   0x800'5274    0x14  main.o [1]
  .text                  ro code   0x800'5288    0x14  main.o [1]
  .text                  ro code   0x800'529c    0x10  main.o [1]
  .text                  ro code   0x800'52ac    0x10  main.o [1]
  .text                  ro code   0x800'52bc    0x10  main.o [1]
  .text                  ro code   0x800'52cc    0x10  main.o [1]
  .text                  ro code   0x800'52dc    0x14  main.o [1]
  .text                  ro code   0x800'52f0    0x14  main.o [1]
  .text                  ro code   0x800'5304    0x1c  main.o [1]
  .text                  ro code   0x800'5320    0x14  main.o [1]
  .text                  ro code   0x800'5334    0x14  main.o [1]
  .text                  ro code   0x800'5348     0xc  main.o [1]
  .text                  ro code   0x800'5354    0x10  main.o [1]
  .text                  ro code   0x800'5364     0xc  main.o [1]
  .text                  ro code   0x800'5370     0x8  main.o [1]
  .text                  ro code   0x800'5378    0x24  main.o [1]
  .text                  ro code   0x800'539c    0x24  main.o [1]
  .text                  ro code   0x800'53c0    0x24  main.o [1]
  .text                  ro code   0x800'53e4     0x8  main.o [1]
  .text                  ro code   0x800'53ec    0x1c  main.o [1]
  .text                  ro code   0x800'5408     0x4  main.o [1]
  .text                  ro code   0x800'540c     0x8  main.o [1]
  .text                  ro code   0x800'5414    0xa0  cppinit.o [2]
  .text                  ro code   0x800'54b4    0x5a  expf.o [4]
  .text                  ro code   0x800'550e     0x8  main.o [1]
  .text                  ro code   0x800'5518    0x24  ABIassert.o [6]
  .text                  ro code   0x800'553c    0x36  main.o [1]
  .text                  ro code   0x800'5572     0x2  main.o [1]
  .text                  ro code   0x800'5574    0x2c  main.o [1]
  .text                  ro code   0x800'55a0    0x2c  main.o [1]
  .text                  ro code   0x800'55cc    0x2c  main.o [1]
  .text                  ro code   0x800'55f8     0x8  main.o [1]
  .text                  ro code   0x800'5600     0x6  main.o [1]
  .text                  ro code   0x800'5606     0x6  main.o [1]
  .text                  ro code   0x800'560c   0x1ac  event_groups.o [1]
  .text                  ro code   0x800'57b8    0xde  xexpf.o [4]
  .text                  ro code   0x800'5896     0xe  main.o [1]
  .text                  ro code   0x800'58a4    0x10  main.o [1]
  .text                  ro code   0x800'58b4     0xc  main.o [1]
  .text                  ro code   0x800'58c0     0xc  main.o [1]
  .text                  ro code   0x800'58cc     0xc  main.o [1]
  .text                  ro code   0x800'58d8    0x10  main.o [1]
  .text                  ro code   0x800'58e8    0x10  Timer.o [1]
  .text                  ro code   0x800'58f8     0xe  main.o [1]
  .text                  ro code   0x800'5906     0xe  main.o [1]
  .text                  ro code   0x800'5914     0xc  main.o [1]
  .text                  ro code   0x800'5920     0x8  main.o [1]
  .text                  ro code   0x800'5928     0xa  main.o [1]
  .rodata                const     0x800'5934   0x178  main.o [1]
  .text                  ro code   0x800'5aac   0x130  main.o [1]
  .text                  ro code   0x800'5bdc     0x6  main.o [1]
  .text                  ro code   0x800'5be4    0x90  main.o [1]
  .text                  ro code   0x800'5c74     0x4  main.o [1]
  .text                  ro code   0x800'5c78    0xa8  main.o [1]
  .text                  ro code   0x800'5d20    0x7c  main.o [1]
  .rodata                const     0x800'5d9c    0x9c  main.o [1]
  .rodata                const     0x800'5e38    0x9c  main.o [1]
  .text                  ro code   0x800'5ed4    0x90  main.o [1]
  .text                  ro code   0x800'5f64    0x10  main.o [1]
  .text                  ro code   0x800'5f74    0x10  main.o [1]
  .text                  ro code   0x800'5f84    0x14  main.o [1]
  .text                  ro code   0x800'5f98     0xc  main.o [1]
  .text                  ro code   0x800'5fa4     0xc  main.o [1]
  .text                  ro code   0x800'5fb0    0x18  main.o [1]
  .text                  ro code   0x800'5fc8     0xc  main.o [1]
  .text                  ro code   0x800'5fd4    0x18  main.o [1]
  .text                  ro code   0x800'5fec    0x10  main.o [1]
  .text                  ro code   0x800'5ffc    0x10  main.o [1]
  .text                  ro code   0x800'600c    0x18  main.o [1]
  .text                  ro code   0x800'6024    0x10  main.o [1]
  .text                  ro code   0x800'6034     0xc  main.o [1]
  .text                  ro code   0x800'6040    0x78  lz77_init_single.o [5]
  .text                  ro code   0x800'60b8    0x60  main.o [1]
  .text                  ro code   0x800'6118     0x2  main.o [1]
  .text                  ro code   0x800'611a     0x4  startupF411RE.o [1]
  .text                  ro code   0x800'611e     0xa  startupF411RE.o [1]
  .text                  ro code   0x800'6128     0x8  main.o [1]
  .text                  ro code   0x800'6130     0x8  main.o [1]
  .text                  ro code   0x800'6138     0xc  startupF411RE.o [1]
  .text                  ro code   0x800'6144    0x10  main.o [1]
  .text                  ro code   0x800'6154    0x10  main.o [1]
  .text                  ro code   0x800'6164    0x48  main.o [1]
  .text                  ro code   0x800'61ac    0x22  main.o [1]
  .text                  ro code   0x800'61d0    0x48  FltToDbl.o [4]
  .rodata                const     0x800'6218    0x44  xexpf.o [4]
  .rodata                const     0x800'625c    0x40  main.o [1]
  .rodata                const     0x800'629c    0x40  main.o [1]
  .rodata                const     0x800'62dc    0x40  main.o [1]
  .text                  ro code   0x800'631c    0x40  sprintf.o [2]
  .rodata                const     0x800'635c    0x3c  main.o [1]
  .rodata                const     0x800'6398    0x3c  main.o [1]
  .rodata                const     0x800'63d4    0x3c  main.o [1]
  .text                  ro code   0x800'6410    0x3c  main.o [1]
  .text                  ro code   0x800'644c    0x3c  main.o [1]
  .text                  ro code   0x800'6488    0x1e  main.o [1]
  .text                  ro code   0x800'64a6    0x1a  main.o [1]
  .text                  ro code   0x800'64c0    0x16  main.o [1]
  .text                  ro code   0x800'64d6     0x8  main.o [1]
  .text                  ro code   0x800'64de     0x4  main.o [1]
  .text                  ro code   0x800'64e4    0x38  Timer.o [1]
  .text                  ro code   0x800'651c    0x32  startupF411RE.o [1]
  .text                  ro code   0x800'6550    0x22  fpinit_M.o [4]
  .text                  ro code   0x800'6574    0x1e  cmain.o [5]
  .text                  ro code   0x800'6594    0x28  data_init.o [5]
  .text                  ro code   0x800'65bc     0x4  exit.o [2]
  .text                  ro code   0x800'65c0     0xe  cexit.o [5]
  .rodata                const     0x800'65d0    0x30  main.o [1]
  .text                  ro code   0x800'6600    0x30  main.o [1]
  .text                  ro code   0x800'6630    0x2e  main.o [1]
  .text                  ro code   0x800'665e     0xe  main.o [1]
  .text                  ro code   0x800'666c    0x22  main.o [1]
  .text                  ro code   0x800'668e    0x18  main.o [1]
  .text                  ro code   0x800'66a6     0x4  main.o [1]
  .text                  ro code   0x800'66aa    0x2e  startupF411RE.o [1]
  .text                  ro code   0x800'66d8     0x8  startupF411RE.o [1]
  .text                  ro code   0x800'66e0     0x8  startupF411RE.o [1]
  .text                  ro code   0x800'66e8    0x10  startupF411RE.o [1]
  .text                  ro code   0x800'66f8    0x10  startupF411RE.o [1]
  .rodata                const     0x800'6708    0x2c  main.o [1]
  .rodata                const     0x800'6734    0x2c  main.o [1]
  .text                  ro code   0x800'6760    0x2c  main.o [1]
  .iar.init_table        const     0x800'678c    0x24  - Linker created -
  .text                  ro code   0x800'67b0    0x20  main.o [1]
  .text                  ro code   0x800'67d0    0x20  cmain_call_ctors.o [5]
  .rodata                const     0x800'67f0    0x18  main.o [1]
  .rodata                const     0x800'6808    0x18  main.o [1]
  .rodata                const     0x800'6820    0x18  main.o [1]
  .text                  ro code   0x800'6838    0x16  Timer.o [1]
  .text                  ro code   0x800'684e    0x14  Timer.o [1]
  .text                  ro code   0x800'6862     0xa  Timer.o [1]
  .text                  ro code   0x800'686c     0xc  Timer.o [1]
  .rodata                const     0x800'6878    0x14  main.o [1]
  .text                  ro code   0x800'688c    0x14  main.o [1]
  .text                  ro code   0x800'68a0     0x8  main.o [1]
  .text                  ro code   0x800'68a8    0x14  Timer.o [1]
  .rodata                const     0x800'68bc    0x10  main.o [1]
  .rodata                const     0x800'68cc    0x10  main.o [1]
  .text                  ro code   0x800'68dc    0x10  startupF411RE.o [1]
  .text                  ro code   0x800'68ec     0xe  main.o [1]
  .text                  ro code   0x800'68fa     0xa  main.o [1]
  .rodata                const     0x800'6904     0xc  main.o [1]
  .rodata                const     0x800'6910     0xc  main.o [1]
  .rodata                const     0x800'691c     0xc  main.o [1]
  .rodata                const     0x800'6928     0xc  main.o [1]
  .rodata                const     0x800'6934     0xc  main.o [1]
  .rodata                const     0x800'6940     0xc  main.o [1]
  .rodata                const     0x800'694c     0xc  main.o [1]
  .rodata                const     0x800'6958     0xc  main.o [1]
  .rodata                const     0x800'6968     0x8  main.o [1]
  .rodata                const     0x800'6970     0x8  main.o [1]
  .rodata                const     0x800'6978     0x8  main.o [1]
  .rodata                const     0x800'6980     0x8  tasks.o [1]
  .rodata                const     0x800'6988     0x8  timers.o [1]
  .rodata                const     0x800'6990     0x8  timers.o [1]
  .text                  ro code   0x800'6998     0x8  main.o [1]
  .text                  ro code   0x800'69a0     0x8  startupF411RE.o [1]
  .text                  ro code   0x800'69a8     0x8  startupF411RE.o [1]
  .text                  ro code   0x800'69b0     0x8  startupF411RE.o [1]
  .text                  ro code   0x800'69b8     0x8  startupF411RE.o [1]
  SHT$$PREINIT_ARRAY               0x800'69c0     0x0  <Block>
  SHT$$INIT_ARRAY                  0x800'69c0     0x8  <Block>
    .init_array          const     0x800'69c0     0x4  main.o [1]
    .init_array          const     0x800'69c4     0x4  startupF411RE.o [1]
  __iar_tls$$INIT_ARRAY            0x800'69c8     0x0  <Block>
  .rodata                const     0x800'69c8     0x4  main.o [1]
  .rodata                const     0x800'69cc     0x4  main.o [1]
  .rodata                const     0x800'69d0     0x4  port.o [1]
  .text                  ro code   0x800'69d4     0x0  cstart_call_dtors.o [5]
  .rodata                const     0x800'69d4     0x0  zero_init3.o [5]
  .rodata                const     0x800'69d4     0x0  lz77_init_single.o [5]
  Initializer bytes      const     0x800'69d4    0xd5  <for P2-1>
                                 - 0x800'6aa9  0x6911

"P2", part 1 of 3:                             0x3ab4
  P2-1                            0x2000'0000  0x3ab4  <Init block>
    .data                inited   0x2000'0000  0x3a98  main.o [1]
    .data                inited   0x2000'3a98     0x4  main.o [1]
    .data                inited   0x2000'3a9c    0x14  main.o [1]
    .data                inited   0x2000'3ab0     0x4  port.o [1]
                                - 0x2000'3ab4  0x3ab4

"P2", part 2 of 3:                             0x23e8
  .bss                   zero     0x2000'3ab4   0x870  main.o [1]
  .bss                   zero     0x2000'4324   0x864  main.o [1]
  .bss                   zero     0x2000'4b88   0x860  main.o [1]
  .bss                   zero     0x2000'53e8   0x400  tasks.o [1]
  .bss                   zero     0x2000'57e8   0x200  tasks.o [1]
  .bss                   zero     0x2000'59e8   0x108  startupF411RE.o [1]
  .bss                   zero     0x2000'5af0    0xa0  timers.o [1]
  .bss                   zero     0x2000'5b90    0x64  tasks.o [1]
  .bss                   zero     0x2000'5bf4    0x50  tasks.o [1]
  .bss                   zero     0x2000'5c44    0x50  tasks.o [1]
  .bss                   zero     0x2000'5c94    0x48  timers.o [1]
  .bss                   zero     0x2000'5cdc    0x40  queue.o [1]
  .bss                   zero     0x2000'5d1c    0x24  main.o [1]
  .bss                   zero     0x2000'5d40    0x20  main.o [1]
  .bss                   zero     0x2000'5d60    0x20  main.o [1]
  .bss                   zero     0x2000'5d80    0x20  main.o [1]
  .bss                   zero     0x2000'5da0    0x14  tasks.o [1]
  .bss                   zero     0x2000'5db4    0x14  tasks.o [1]
  .bss                   zero     0x2000'5dc8    0x14  tasks.o [1]
  .bss                   zero     0x2000'5ddc    0x14  tasks.o [1]
  .bss                   zero     0x2000'5df0    0x14  timers.o [1]
  .bss                   zero     0x2000'5e04    0x14  timers.o [1]
  .bss                   zero     0x2000'5e18     0xc  main.o [1]
  .bss                   zero     0x2000'5e24     0xc  main.o [1]
  .bss                   zero     0x2000'5e30     0x8  main.o [1]
  .bss                   zero     0x2000'5e38     0x4  port.o [1]
  .bss                   zero     0x2000'5e3c     0x4  tasks.o [1]
  .bss                   zero     0x2000'5e40     0x4  tasks.o [1]
  .bss                   zero     0x2000'5e44     0x4  tasks.o [1]
  .bss                   zero     0x2000'5e48     0x4  tasks.o [1]
  .bss                   zero     0x2000'5e4c     0x4  tasks.o [1]
  .bss                   zero     0x2000'5e50     0x4  tasks.o [1]
  .bss                   zero     0x2000'5e54     0x4  tasks.o [1]
  .bss                   zero     0x2000'5e58     0x4  tasks.o [1]
  .bss                   zero     0x2000'5e5c     0x4  tasks.o [1]
  .bss                   zero     0x2000'5e60     0x4  tasks.o [1]
  .bss                   zero     0x2000'5e64     0x4  tasks.o [1]
  .bss                   zero     0x2000'5e68     0x4  tasks.o [1]
  .bss                   zero     0x2000'5e6c     0x4  tasks.o [1]
  .bss                   zero     0x2000'5e70     0x4  tasks.o [1]
  .bss                   zero     0x2000'5e74     0x4  timers.o [1]
  .bss                   zero     0x2000'5e78     0x4  timers.o [1]
  .bss                   zero     0x2000'5e7c     0x4  timers.o [1]
  .bss                   zero     0x2000'5e80     0x4  timers.o [1]
  .bss                   zero     0x2000'5e84     0x4  timers.o [1]
  .bss                   zero     0x2000'5e88     0x4  cppinit.o [2]
  .bss                   zero     0x2000'5e8c     0x4  cppinit.o [2]
  .bss                   zero     0x2000'5e90     0x4  xfail_s.o [2]
  .bss                   zero     0x2000'5e94     0x1  main.o [1]
  .bss                   zero     0x2000'5e95     0x1  main.o [1]
  .bss                   zero     0x2000'5e96     0x1  main.o [1]
  .bss                   zero     0x2000'5e97     0x1  main.o [1]
  .bss                   zero     0x2000'5e98     0x1  port.o [1]
  .bss                   zero     0x2000'5e99     0x1  startupF411RE.o [1]
                                - 0x2000'5e9a  0x23e6

"P2", part 3 of 3:                             0x218c
  .iar.dynexit                    0x2000'5e9c   0x18c  <Block>
    .iar.dynexit         uninit   0x2000'5e9c     0xc  cppinit.o [2]
    .iar.dynexit         uninit   0x2000'5ea8   0x180  <Block tail>
  CSTACK                          0x2000'6028  0x2000  <Block>
    CSTACK               uninit   0x2000'6028  0x2000  <Block tail>
                                - 0x2000'8028  0x218c

Unused ranges:

         From           To      Size
         ----           --      ----
   0x800'6aa9   0x807'ffff  0x7'9557
  0x2000'8028  0x2001'ffff  0x1'7fd8


*******************************************************************************
*** INIT TABLE
***

          Address      Size
          -------      ----
Zero (__iar_zero_init3)
    1 destination range, total size 0x23e6:
          0x2000'3ab4  0x23e6

Copy/lz77 (__iar_lz77_init_single3)
    1 source range, total size 0xd5 (1% of destination):
           0x800'69d4    0xd5
    1 destination range, total size 0x3ab4:
          0x2000'0000  0x3ab4

Extra (__iar_cstart_call_ctors)



*******************************************************************************
*** MODULE SUMMARY
***

    Module               ro code  ro data  rw data
    ------               -------  -------  -------
command line/config:
    ----------------------------------------------
    Total:

D:\Git\POIP\Kursovoy\code\Debug\Obj: [1]
    Timer.o                  156
    event_groups.o           428
    list.o                   152
    main.o                 4'082    8'960   21'644
    port.o                   388        5        9
    portasm.o                168
    queue.o                1'550                64
    startupF411RE.o          230      412      265
    tasks.o                2'240        8    1'932
    timers.o                 948       16      292
    ----------------------------------------------
    Total:                10'342    9'401   24'206

dl7M_tln.a: [2]
    abort.o                    6
    cppinit.o                160                20
    exit.o                     4
    sprintf.o                 64
    xfail_s.o                 64                 4
    xprintflarge_nomb.o    3'498
    xsprout.o                 10
    ----------------------------------------------
    Total:                 3'806                24

dlpp7M_tl_nc.a: [3]
    cxxabi.o                  10
    ----------------------------------------------
    Total:                    10

m7M_tls.a: [4]
    DblAdd.o                 362
    DblDiv.o                 582
    DblMul.o                 418
    DblSub.o                 226
    DblToU32.o                40
    FltToDbl.o                72
    U32ToDbl.o                26
    expf.o                    90
    fpinit_M.o                34
    frexp.o                  112
    xexpf.o                  222       68
    ----------------------------------------------
    Total:                 2'184       68

rt7M_tl.a: [5]
    ABImemcpy.o              166
    ABImemset.o              102
    I64DivMod.o              628
    I64DivZer.o                2
    cexit.o                   14
    cmain.o                   30
    cmain_call_ctors.o        32
    cstart_call_dtors.o
    data_init.o               40
    lz77_init_single.o       120
    memchr.o                  88
    strchr.o                  22
    strlen.o                  54
    zero_init3.o              58
    ----------------------------------------------
    Total:                 1'356

shb_l.a: [6]
    ABIassert.o               36
    exit.o                    20
    unwind_debug.o                      1
    ----------------------------------------------
    Total:                    56        1

    Gaps                      37        8
    Linker created                     36    8'576
--------------------------------------------------
    Grand Total:          17'791    9'514   32'806


*******************************************************************************
*** ENTRY LIST
***

Entry                       Address    Size  Type      Object
-----                       -------    ----  ----      ------
.iar.dynexit$$Base      0x2000'5e9c           --   Gb  - Linker created -
.iar.dynexit$$Limit     0x2000'6028           --   Gb  - Linker created -
.iar.init_table$$Base    0x800'678c           --   Gb  - Linker created -
.iar.init_table$$Limit   0x800'67b0           --   Gb  - Linker created -
?main                    0x800'6575          Code  Gb  cmain.o [5]
BlueToothTask<temperatureTask>::BlueToothTask()
                         0x800'4ff9    0x18  Code  Gb  main.o [1]
BlueToothTask<temperatureTask>::Execute()
                         0x800'644d    0x3c  Code  Gb  main.o [1]
Button<GPIOC, (int)13>::IsPressed()
                         0x800'684f    0x14  Code  Gb  Timer.o [1]
ButtonPoll<Timer>::ButtonPoll(Button<GPIOC, (int)13> &, OsWrapper::Event &)
                         0x800'4f67     0x6  Code  Gb  main.o [1]
ButtonPoll<Timer>::ButtonPollInitialization()
                         0x800'5371     0x8  Code  Gb  main.o [1]
ButtonPoll<Timer>::Poll()
                         0x800'6839    0x16  Code  Gb  Timer.o [1]
CSTACK$$Base            0x2000'6028           --   Gb  - Linker created -
CSTACK$$Limit           0x2000'8028           --   Gb  - Linker created -
Celsius::Calculate(float)
                         0x800'67b1    0x20  Code  Gb  main.o [1]
Celsius::Calculate(float)::string
                         0x800'67f0    0x18  Data  Gb  main.o [1]
Celsius::Celsius()       0x800'4f0d     0xc  Code  Gb  main.o [1]
Display<(unsigned short)400, (unsigned short)300>::ClearWindows(Point, Point, Color)
                         0x800'5d21    0x7c  Code  Gb  main.o [1]
Display<(unsigned short)400, (unsigned short)300>::ClearWindows(Point, Point, Color)::string
                         0x800'65d0    0x30  Data  Gb  main.o [1]
Display<(unsigned short)400, (unsigned short)300>::ClearWindows(Point, Point, Color)::string (instance 2)
                         0x800'6398    0x3c  Data  Gb  main.o [1]
Display<(unsigned short)400, (unsigned short)300>::DrawChar(Point, char)
                         0x800'5aad   0x130  Code  Gb  main.o [1]
Display<(unsigned short)400, (unsigned short)300>::DrawChar(Point, char)::string
                         0x800'6734    0x2c  Data  Gb  main.o [1]
Display<(unsigned short)400, (unsigned short)300>::DrawChar(Point, char)::string (instance 2)
                         0x800'63d4    0x3c  Data  Gb  main.o [1]
Display<(unsigned short)400, (unsigned short)300>::DrawString(Point, char const *)
                         0x800'5c79    0xa8  Code  Gb  main.o [1]
Display<(unsigned short)400, (unsigned short)300>::SetPixel(Point, Color)
                         0x800'5be5    0x90  Code  Gb  main.o [1]
Display<(unsigned short)400, (unsigned short)300>::SetPixel(Point, Color)::string
                         0x800'6708    0x2c  Data  Gb  main.o [1]
Display<(unsigned short)400, (unsigned short)300>::SetPixel(Point, Color)::string (instance 2)
                         0x800'635c    0x3c  Data  Gb  main.o [1]
Display<(unsigned short)400, (unsigned short)300>::font
                         0x800'69c8     0x4  Data  Gb  main.o [1]
Display<(unsigned short)400, (unsigned short)300>::image
                        0x2000'0000  0x3a98  Data  Gb  main.o [1]
DtorRecArray            0x2000'5e9c     0xc  Data  Lc  cppinit.o [2]
DummyModule::handler()   0x800'653d     0x2  Code  Gb  startupF411RE.o [1]
Fahrenheit::Calculate(float)
                         0x800'6411    0x3c  Code  Gb  main.o [1]
Fahrenheit::Calculate(float)::string
                         0x800'6820    0x18  Data  Gb  main.o [1]
Fahrenheit::Fahrenheit()
                         0x800'4f25     0xc  Code  Gb  main.o [1]
Filter::Filter(float, float)
                         0x800'4f6d    0x3a  Code  Gb  main.o [1]
Filter::FiltredValue(float)
                         0x800'61ad    0x22  Code  Gb  main.o [1]
IUnits::GetValue()       0x800'64df     0x4  Code  Gb  main.o [1]
Initialization guard variable for celsius
                        0x2000'5e94     0x1  Data  Gb  main.o [1]
Initialization guard variable for fahrenheit
                        0x2000'5e96     0x1  Data  Gb  main.o [1]
Initialization guard variable for kelvin
                        0x2000'5e95     0x1  Data  Gb  main.o [1]
Initialization guard variable for usartDriver
                        0x2000'5e99     0x1  Data  Gb  startupF411RE.o [1]
Kelvin::Calculate(float)
                         0x800'6761    0x2c  Code  Gb  main.o [1]
Kelvin::Calculate(float)::string
                         0x800'6808    0x18  Data  Gb  main.o [1]
Kelvin::Kelvin()         0x800'4f19     0xc  Code  Gb  main.o [1]
OsWrapper::Event::Event(std::chrono::duration<long long, std::ratio<(long long)1, (long long)1000>>, unsigned int)
                         0x800'4f31    0x2c  Code  Gb  main.o [1]
OsWrapper::Event::Signal()
                         0x800'6863     0xa  Code  Gb  Timer.o [1]
OsWrapper::Event::Wait(OsWrapper::EventMode, unsigned int) const
                         0x800'665f     0xe  Code  Gb  main.o [1]
OsWrapper::Event::~Event()
                         0x800'68ed     0xe  Code  Gb  main.o [1]
OsWrapper::IThread::IThread()
                         0x800'5929     0xa  Code  Gb  main.o [1]
OsWrapper::IThread::IThread() [subobject]
                         0x800'5921     0x8  Code  Gb  main.o [1]
OsWrapper::IThread::Run()
                         0x800'688d    0x14  Code  Gb  main.o [1]
OsWrapper::IThread::Sleep(std::chrono::duration<long long, std::ratio<(long long)1, (long long)1000>>)
                         0x800'64a7    0x1a  Code  Gb  main.o [1]
OsWrapper::Rtos::HandleSvcInterrupt()
                         0x800'69b1     0x8  Code  Gb  startupF411RE.o [1]
OsWrapper::Rtos::HandleSysTickInterrupt()
                         0x800'69b9     0x8  Code  Gb  startupF411RE.o [1]
OsWrapper::Rtos::Run(void *)
                         0x800'6999     0x8  Code  Gb  main.o [1]
OsWrapper::Rtos::Start()
                         0x800'53e5     0x8  Code  Gb  main.o [1]
OsWrapper::RtosWrapper::wCreateEvent(xSTATIC_EVENT_GROUP &)
                         0x800'540d     0x8  Code  Gb  main.o [1]
OsWrapper::RtosWrapper::wDeleteEvent(void *&)
                         0x800'68fb     0xa  Code  Gb  main.o [1]
OsWrapper::RtosWrapper::wGetTicks()
                         0x800'68a1     0x8  Code  Gb  main.o [1]
OsWrapper::RtosWrapper::wHandleSvcInterrupt()
                         0x800'69a1     0x8  Code  Gb  startupF411RE.o [1]
OsWrapper::RtosWrapper::wHandleSysTickInterrupt()
                         0x800'69a9     0x8  Code  Gb  startupF411RE.o [1]
OsWrapper::RtosWrapper::wSignalEvent(void *const &, unsigned int)
                         0x800'64e5    0x38  Code  Gb  Timer.o [1]
OsWrapper::RtosWrapper::wSleep(unsigned int)
                         0x800'64d7     0x8  Code  Gb  main.o [1]
OsWrapper::RtosWrapper::wStart()
                         0x800'55f9     0x8  Code  Gb  main.o [1]
OsWrapper::RtosWrapper::wWaitEvent(void *const &, unsigned int, unsigned int, OsWrapper::EventMode)
                         0x800'668f    0x18  Code  Gb  main.o [1]
OsWrapper::Thread<(unsigned int)512>::Thread()
                         0x800'5897     0xe  Code  Gb  main.o [1]
OsWrapper::Thread<(unsigned int)512>::Thread() [subobject]
                         0x800'550f     0x8  Code  Gb  main.o [1]
Point::Point(unsigned short, unsigned short)
                         0x800'5bdd     0x6  Code  Gb  main.o [1]
Region$$Table$$Base      0x800'678c           --   Gb  - Linker created -
Region$$Table$$Limit     0x800'67b0           --   Gb  - Linker created -
SHT$$INIT_ARRAY$$Base    0x800'69c0           --   Gb  - Linker created -
SHT$$INIT_ARRAY$$Limit   0x800'69c8           --   Gb  - Linker created -
SHT$$PREINIT_ARRAY$$Base
                         0x800'69c0           --   Gb  - Linker created -
SHT$$PREINIT_ARRAY$$Limit
                         0x800'69c0           --   Gb  - Linker created -
SMBus::ReadWord(unsigned char)
                         0x800'5ed5    0x90  Code  Gb  main.o [1]
ScreenTask<temperatureTask>::Execute()
                         0x800'6601    0x30  Code  Gb  main.o [1]
ScreenTask<temperatureTask>::ScreenTask()
                         0x800'4fd5    0x24  Code  Gb  main.o [1]
SystemCoreClock         0x2000'3a98     0x4  Data  Gb  main.o [1]
Temp::GetTempInCurrentUnits(float)
                         0x800'64c1    0x16  Code  Gb  main.o [1]
Temp::SetNextUnits()     0x800'666d    0x22  Code  Gb  main.o [1]
TempSens::TakeMeas()     0x800'6165    0x48  Code  Gb  main.o [1]
TempSens::TempSens(Filter &)
                         0x800'4fa7     0x4  Code  Gb  main.o [1]
TemperatureTask::Execute()
                         0x800'6631    0x2e  Code  Gb  main.o [1]
TemperatureTask::GetValue()
                         0x800'6489    0x1e  Code  Gb  main.o [1]
TemperatureTask::TemperatureTask(Temp &, TempSens &, OsWrapper::Event &)
                         0x800'4fad    0x28  Code  Gb  main.o [1]
Timer::InterruptHandler()
                         0x800'68a9    0x14  Code  Gb  Timer.o [1]
Timer::Start()           0x800'553d    0x36  Code  Gb  main.o [1]
USARTDriver<Usart2>::OnNextByteTransmit()
                         0x800'66ab    0x2e  Code  Gb  startupF411RE.o [1]
USARTDriver<Usart2>::SendMessage(char const *, unsigned int)
                         0x800'60b9    0x60  Code  Gb  main.o [1]
USARTDriver<Usart2>::SendMessage(char const *, unsigned int)::string
                         0x800'694c     0xc  Data  Gb  main.o [1]
USARTDriver<Usart2>::SendMessage(char const *, unsigned int)::string (instance 2)
                         0x800'62dc    0x40  Data  Gb  main.o [1]
USARTDriver<Usart2>::USARTDriver()
                         0x800'4e99     0xc  Code  Gb  startupF411RE.o [1]
Uart::interruptHandler()
                         0x800'68dd    0x10  Code  Gb  startupF411RE.o [1]
Usart<USART2>::InterruptDisable()
                         0x800'66e1     0x8  Code  Gb  startupF411RE.o [1]
Usart<USART2>::InterruptEnable()
                         0x800'6131     0x8  Code  Gb  main.o [1]
Usart<USART2>::TransmitDisable()
                         0x800'66d9     0x8  Code  Gb  startupF411RE.o [1]
Usart<USART2>::TransmitEnable()
                         0x800'6129     0x8  Code  Gb  main.o [1]
Usart<USART2>::WriteByte(unsigned char)
                         0x800'611f     0xa  Code  Gb  startupF411RE.o [1]
Virtual function table for BlueToothTask<temperatureTask>
                         0x800'6940     0xc  Data  Gb  main.o [1]
Virtual function table for Celsius
                         0x800'6904     0xc  Data  Gb  main.o [1]
Virtual function table for Fahrenheit
                         0x800'691c     0xc  Data  Gb  main.o [1]
Virtual function table for Kelvin
                         0x800'6910     0xc  Data  Gb  main.o [1]
Virtual function table for ScreenTask<temperatureTask>
                         0x800'6934     0xc  Data  Gb  main.o [1]
Virtual function table for TemperatureTask
                         0x800'6928     0xc  Data  Gb  main.o [1]
_LitobLargeNoMb          0x800'2997   0x10a  Code  Lc  xprintflarge_nomb.o [2]
_PrintfLargeNoMb         0x800'1e19   0xb78  Code  Gb  xprintflarge_nomb.o [2]
_PutcharLargeNoMb        0x800'2b09    0x20  Code  Lc  xprintflarge_nomb.o [2]
_PutcharsLargeNoMb       0x800'2b29    0x2e  Code  Lc  xprintflarge_nomb.o [2]
_SProut                  0x800'2c13     0xa  Code  Gb  xsprout.o [2]
__aeabi_assert           0x800'5519    0x24  Code  Gb  ABIassert.o [6]
__aeabi_atexit           0x800'4f5d     0xa  Code  Gb  cxxabi.o [3]
__aeabi_d2uiz            0x800'304d          Code  Gb  DblToU32.o [4]
__aeabi_ddiv             0x800'2e05          Code  Gb  DblDiv.o [4]
__aeabi_dmul             0x800'3175          Code  Gb  DblMul.o [4]
__aeabi_dsub             0x800'3091          Code  Gb  DblSub.o [4]
__aeabi_f2d              0x800'61d1          Code  Gb  FltToDbl.o [4]
__aeabi_ldiv0            0x800'3701          Code  Gb  I64DivZer.o [5]
__aeabi_ldivmod          0x800'3319          Code  Gb  I64DivMod.o [5]
__aeabi_memcpy           0x800'2ced          Code  Gb  ABImemcpy.o [5]
__aeabi_memcpy4          0x800'2d0d          Code  Gb  ABImemcpy.o [5]
__aeabi_memcpy8          0x800'2d0d          Code  Gb  ABImemcpy.o [5]
__aeabi_memset           0x800'4ea5          Code  Gb  ABImemset.o [5]
__aeabi_ui2d             0x800'3075          Code  Gb  U32ToDbl.o [4]
__aeabi_uldivmod         0x800'335d          Code  Gb  I64DivMod.o [5]
__call_ctors             0x800'5415    0x18  Code  Gb  cppinit.o [2]
__call_dtors             0x800'5463     0xc  Code  Gb  cppinit.o [2]
__call_dtors0            0x800'546f    0x36  Code  Gb  cppinit.o [2]
__cexit_call_dtors       0x800'65c3          Code  Gb  cexit.o [5]
__cmain                  0x800'6575          Code  Gb  cmain.o [5]
__cstart_call_dtors      0x800'69d4          Data  Gb  cstart_call_dtors.o [5]
__cxa_atexit             0x800'542d    0x36  Code  Gb  cppinit.o [2]
__dso_handle            0x2000'5e8c     0x4  Data  Gb  cppinit.o [2]
__exit                   0x800'3705    0x14  Code  Gb  exit.o [6]
__iar_Fail_s             0x800'2c1d    0x1c  Code  Gb  xfail_s.o [2]
__iar_Memchr             0x800'2c95          Code  Gb  memchr.o [5]
__iar_Memset             0x800'4ea5          Code  Gb  ABImemset.o [5]
__iar_Memset_word        0x800'4ead          Code  Gb  ABImemset.o [5]
__iar_Strchr             0x800'2bfd          Code  Gb  strchr.o [5]
__iar_cstart_call_ctors
                         0x800'67d1    0x20  Code  Gb  cmain_call_ctors.o [5]
__iar_dadd               0x800'30a1          Code  Gb  DblSub.o [4]
__iar_data_init3         0x800'6595    0x28  Code  Gb  data_init.o [5]
__iar_debug_exceptions   0x800'2c92     0x1  Data  Gb  unwind_debug.o [6]
__iar_dsub               0x800'3595          Code  Gb  DblAdd.o [4]
__iar_dsubStart          0x800'35a7          Code  Gb  DblAdd.o [4]
__iar_exp32              0x800'54b5          Code  Gb  expf.o [4]
__iar_expf_OutBnd        0x800'54e5          Code  Gb  expf.o [4]
__iar_expf_cTab          0x800'6218          Data  Gb  xexpf.o [4]
__iar_frexp              0x800'2da1          Code  Gb  frexp.o [4]
__iar_frexpl             0x800'2da1          Code  Gb  frexp.o [4]
__iar_init_vfp           0x800'6551          Code  Gb  fpinit_M.o [4]
__iar_lz77_init_single3
                         0x800'6041    0x78  Code  Gb  lz77_init_single.o [5]
__iar_program_start      0x800'653f    0x10  Code  Gb  startupF411RE.o [1]
__iar_softfp___iar_frexp64
                         0x800'2d95          Code  Gb  frexp.o [4]
__iar_softfp_frexp       0x800'2d95          Code  Gb  frexp.o [4]
__iar_softfp_frexpl      0x800'2d95          Code  Gb  frexp.o [4]
__iar_tls$$INIT_ARRAY$$Base
                         0x800'69c8           --   Gb  - Linker created -
__iar_tls$$INIT_ARRAY$$Limit
                         0x800'69c8           --   Gb  - Linker created -
__iar_xexp2f             0x800'57c5          Code  Gb  xexpf.o [4]
__iar_xexpf              0x800'57b9          Code  Gb  xexpf.o [4]
__iar_xsinhf             0x800'57c9          Code  Gb  xexpf.o [4]
__iar_zero_init3         0x800'2bc3    0x3a  Code  Gb  zero_init3.o [5]
__low_level_init         0x800'4d29    0xe0  Code  Gb  main.o [1]
__sti__routine           0x800'4c61    0xc8  Code  Lc  main.o [1]
__sti__routine           0x800'651d    0x16  Code  Lc  startupF411RE.o [1]
__vector_table           0x800'0000   0x198  Data  Gb  startupF411RE.o [1]
_call_main               0x800'6581          Code  Gb  cmain.o [5]
_exit                    0x800'65c1          Code  Gb  cexit.o [5]
_main                    0x800'658f          Code  Gb  cmain.o [5]
abort                    0x800'358d     0x6  Code  Gb  abort.o [2]
blueToothTask           0x2000'4b88   0x860  Data  Gb  main.o [1]
bool FieldValueBase<I2C1_SR1_ADDR_Values<I2C1::SR1, (unsigned int)1, (unsigned int)1, ReadMode, I2C1::I2C1SR1Base>, I2C1::I2C1SR1Base, (unsigned int)0>::IsSet<ReadMode, void>()
                         0x800'5fb1    0x18  Code  Gb  main.o [1]
bool FieldValueBase<I2C1_SR1_BTF_Values<I2C1::SR1, (unsigned int)2, (unsigned int)1, ReadMode, I2C1::I2C1SR1Base>, I2C1::I2C1SR1Base, (unsigned int)0>::IsSet<ReadMode, void>()
                         0x800'600d    0x18  Code  Gb  main.o [1]
bool FieldValueBase<I2C1_SR1_SB_Values<I2C1::SR1, (unsigned int)0, (unsigned int)1, ReadMode, I2C1::I2C1SR1Base>, I2C1::I2C1SR1Base, (unsigned int)0>::IsSet<ReadMode, void>()
                         0x800'5f85    0x14  Code  Gb  main.o [1]
bool FieldValueBase<I2C1_SR1_TxE_Values<I2C1::SR1, (unsigned int)7, (unsigned int)1, ReadMode, I2C1::I2C1SR1Base>, I2C1::I2C1SR1Base, (unsigned int)0>::IsSet<ReadMode, void>()
                         0x800'5fd5    0x18  Code  Gb  main.o [1]
bool FieldValueBase<RCC_CFGR_SWS_Values<RCC::CFGR, (unsigned int)2, (unsigned int)2, ReadMode, RCC::RCCCFGRBase>, RCC::RCCCFGRBase, (unsigned int)0>::IsSet<ReadMode, void>()
                         0x800'5041    0x18  Code  Gb  main.o [1]
bool FieldValueBase<RCC_CR_HSIRDY_Values<RCC::CR, (unsigned int)1, (unsigned int)1, ReadMode, RCC::RCCCRBase>, RCC::RCCCRBase, (unsigned int)1>::IsSet<ReadMode, void>()
                         0x800'5021    0x10  Code  Gb  main.o [1]
button                  0x2000'5e97     0x1  Data  Gb  main.o [1]
buttonPoll              0x2000'5e30     0x8  Data  Gb  main.o [1]
celsius                 0x2000'5d40    0x20  Data  Gb  main.o [1]
event                   0x2000'5d1c    0x24  Data  Gb  main.o [1]
exit                     0x800'65bd     0x4  Code  Gb  exit.o [2]
expf                     0x800'54b5          Code  Gb  expf.o [4]
fahrenheit              0x2000'5d80    0x20  Data  Gb  main.o [1]
filter                  0x2000'5e18     0xc  Data  Gb  main.o [1]
kelvin                  0x2000'5d60    0x20  Data  Gb  main.o [1]
main                     0x800'4e09    0x2c  Code  Gb  main.o [1]
memchr                   0x800'2c95          Code  Gb  memchr.o [5]
next_abi_dtor_rec       0x2000'5e88     0x4  Data  Lc  cppinit.o [2]
pcInterruptPriorityRegisters
                         0x800'69d0     0x4  Data  Lc  port.o [1]
prvAddCurrentTaskToDelayedList
                         0x800'3f01    0x6e  Code  Lc  tasks.o [1]
prvAddNewTaskToReadyList
                         0x800'37e1    0x9a  Code  Lc  tasks.o [1]
prvCheckForValidListAndQueue
                         0x800'450b    0x4c  Code  Lc  timers.o [1]
prvCheckForValidListAndQueue{1}{2}{3}{4}::ucStaticTimerQueueStorage
                        0x2000'5af0    0xa0  Data  Lc  timers.o [1]
prvCheckForValidListAndQueue{1}{2}{3}{4}::xStaticTimerQueue
                        0x2000'5c94    0x48  Data  Lc  timers.o [1]
prvCheckTasksWaitingTermination
                         0x800'3d53     0x2  Code  Lc  tasks.o [1]
prvCopyDataFromQueue     0x800'4b17    0x2a  Code  Lc  queue.o [1]
prvCopyDataToQueue       0x800'4a91    0x86  Code  Lc  queue.o [1]
prvGetNextExpireTime     0x800'4369    0x26  Code  Lc  timers.o [1]
prvIdleTask              0x800'3cfd     0x8  Code  Lc  tasks.o [1]
prvInitialiseNewQueue    0x800'4707    0x1c  Code  Lc  queue.o [1]
prvInitialiseNewTask     0x800'374f    0x92  Code  Lc  tasks.o [1]
prvInitialiseTaskLists   0x800'3d05    0x4e  Code  Lc  tasks.o [1]
prvInsertTimerInActiveList
                         0x800'43b5    0x3e  Code  Lc  timers.o [1]
prvIsQueueEmpty          0x800'4baf    0x1c  Code  Lc  queue.o [1]
prvIsQueueFull           0x800'4bcb    0x1e  Code  Lc  queue.o [1]
prvProcessExpiredTimer   0x800'429b    0x46  Code  Lc  timers.o [1]
prvProcessReceivedCommands
                         0x800'43f3    0xba  Code  Lc  timers.o [1]
prvProcessTimerOrBlockTask
                         0x800'42f9    0x70  Code  Lc  timers.o [1]
prvResetNextTaskUnblockTime
                         0x800'3d55    0x28  Code  Lc  tasks.o [1]
prvSampleTimeNow         0x800'438f    0x26  Code  Lc  timers.o [1]
prvSampleTimeNow::xLastTime
                        0x2000'5e84     0x4  Data  Lc  timers.o [1]
prvSwitchTimerLists      0x800'44ad    0x5e  Code  Lc  timers.o [1]
prvTaskExitError         0x800'4099    0x10  Code  Lc  port.o [1]
prvTestWaitCondition     0x800'579f    0x1a  Code  Lc  event_groups.o [1]
prvTimerTask             0x800'42e5    0x14  Code  Lc  timers.o [1]
prvUnlockQueue           0x800'4b41    0x6e  Code  Lc  queue.o [1]
pvTaskIncrementMutexHeldCount
                         0x800'3eb9    0x16  Code  Gb  tasks.o [1]
pxCurrentTCB            0x2000'5e3c     0x4  Data  Gb  tasks.o [1]
pxCurrentTimerList      0x2000'5e74     0x4  Data  Lc  timers.o [1]
pxDelayedTaskList       0x2000'5e40     0x4  Data  Lc  tasks.o [1]
pxOverflowDelayedTaskList
                        0x2000'5e44     0x4  Data  Lc  tasks.o [1]
pxOverflowTimerList     0x2000'5e78     0x4  Data  Lc  timers.o [1]
pxPortInitialiseStack    0x800'4071    0x28  Code  Gb  port.o [1]
pxReadyTasksLists       0x2000'5b90    0x64  Data  Lc  tasks.o [1]
scale                    0x800'2aa1    0x46  Code  Lc  xprintflarge_nomb.o [2]
screenTask              0x2000'4324   0x864  Data  Gb  main.o [1]
sec_hand                0x2000'5e90     0x4  Data  Lc  xfail_s.o [2]
segoeUISemibold_24ptBitmaps
                         0x800'0198  0x1c80  Data  Lc  main.o [1]
segoeUISemibold_24ptDescriptors
                         0x800'5934   0x178  Data  Lc  main.o [1]
segoeUISemibold_24ptFontInfo
                         0x800'6878    0x14  Data  Lc  main.o [1]
sprintf                  0x800'631d    0x40  Code  Gb  sprintf.o [2]
std::array<unsigned char, (unsigned int)15000>::operator [](unsigned int)
                         0x800'5c75     0x4  Code  Gb  main.o [1]
std::array<unsigned char, (unsigned int)255>::data()
                         0x800'6119     0x2  Code  Gb  main.o [1]
std::array<unsigned char, (unsigned int)255>::operator [](unsigned int)
                         0x800'611b     0x4  Code  Gb  startupF411RE.o [1]
std::array<unsigned int, (unsigned int)512>::data()
                         0x800'5573     0x2  Code  Gb  main.o [1]
std::chrono::duration<long long, std::ratio<(long long)1, (long long)1000>>::count() const
                         0x800'5601     0x6  Code  Gb  main.o [1]
std::chrono::duration<unsigned int, std::ratio<(long long)10, (long long)1000>>::count() const
                         0x800'5409     0x4  Code  Gb  main.o [1]
std::chrono::duration<unsigned int, std::ratio<(long long)10, (long long)1000>>::duration<unsigned int, void>(unsigned int const &)
                         0x800'5607     0x6  Code  Gb  main.o [1]
std::enable_if<std::chrono::_Is_duration<std::chrono::duration<unsigned int, std::ratio<(long long)10, (long long)1000>>>::value, std::chrono::duration<unsigned int, std::ratio<(long long)10, (long long)1000>>>::type std::chrono::duration_cast<std::chrono::duration<unsigned int, std::ratio<(long long)10, (long long)1000>>, long long, std::ratio<(long long)1, (long long)1000>>(std::chrono::duration<long long, std::ratio<(long long)1, (long long)1000>> const &)
                         0x800'53ed    0x1c  Code  Gb  main.o [1]
strchr                   0x800'2bfd          Code  Gb  strchr.o [5]
strlen                   0x800'2c5d          Code  Gb  strlen.o [5]
temp                    0x2000'3a9c    0x14  Data  Gb  main.o [1]
tempSens                0x2000'5e24     0xc  Data  Gb  main.o [1]
temperatureTask         0x2000'3ab4   0x870  Data  Gb  main.o [1]
ucMaxSysCallPriority    0x2000'5e98     0x1  Data  Lc  port.o [1]
ulMaxPRIGROUPValue      0x2000'5e38     0x4  Data  Lc  port.o [1]
unsigned int RegisterBase<(unsigned int)1073763344, (unsigned int)32, ReadWriteMode>::Get<ReadWriteMode, void>()
                         0x800'6035     0xc  Code  Gb  main.o [1]
unsigned int RegisterBase<(unsigned int)1073763348, (unsigned int)32, ReadWriteMode>::Get<ReadWriteMode, void>()
                         0x800'5f99     0xc  Code  Gb  main.o [1]
unsigned int RegisterBase<(unsigned int)1073763352, (unsigned int)32, ReadMode>::Get<ReadMode, void>()
                         0x800'5fc9     0xc  Code  Gb  main.o [1]
unsigned int RegisterBase<(unsigned int)1073874960, (unsigned int)32, ReadMode>::Get<ReadMode, void>()
                         0x800'686d     0xc  Code  Gb  Timer.o [1]
unsigned int std::size<IUnits *, (unsigned int)3>(IUnits * const (&)[(unsigned int)3])
                         0x800'66a7     0x4  Code  Gb  main.o [1]
usartDriver             0x2000'59e8   0x108  Data  Gb  startupF411RE.o [1]
uxCriticalNesting       0x2000'3ab0     0x4  Data  Lc  port.o [1]
uxCurrentNumberOfTasks  0x2000'5e48     0x4  Data  Lc  tasks.o [1]
uxListRemove             0x800'404b    0x26  Code  Gb  list.o [1]
uxPendedTicks           0x2000'5e58     0x4  Data  Lc  tasks.o [1]
uxSchedulerSuspended    0x2000'5e70     0x4  Data  Lc  tasks.o [1]
uxTaskNumber            0x2000'5e64     0x4  Data  Lc  tasks.o [1]
uxTaskResetEventItemValue
                         0x800'3ea3    0x16  Code  Gb  tasks.o [1]
uxTopReadyPriority      0x2000'5e50     0x4  Data  Lc  tasks.o [1]
vApplicationGetIdleTaskMemory
                         0x800'3f6f     0xe  Code  Gb  tasks.o [1]
vApplicationGetIdleTaskMemory::uxIdleTaskStack
                        0x2000'57e8   0x200  Data  Lc  tasks.o [1]
vApplicationGetIdleTaskMemory::xIdleTaskTCB
                        0x2000'5bf4    0x50  Data  Lc  tasks.o [1]
vApplicationGetTimerTaskMemory
                         0x800'3f7d    0x10  Code  Gb  tasks.o [1]
vApplicationGetTimerTaskMemory::uxTimerTaskStack
                        0x2000'53e8   0x400  Data  Lc  tasks.o [1]
vApplicationGetTimerTaskMemory::xTimerTaskTCB
                        0x2000'5c44    0x50  Data  Lc  tasks.o [1]
vEventGroupDelete        0x800'5777    0x20  Code  Gb  event_groups.o [1]
vEventGroupSetBitsCallback
                         0x800'5797     0x8  Code  Gb  event_groups.o [1]
vListInitialise          0x800'3fd9    0x1e  Code  Gb  list.o [1]
vListInitialiseItem      0x800'3ff7     0x6  Code  Gb  list.o [1]
vListInsert              0x800'4015    0x36  Code  Gb  list.o [1]
vListInsertEnd           0x800'3ffd    0x18  Code  Gb  list.o [1]
vPortEnableVFP           0x800'4635          Code  Gb  portasm.o [1]
vPortEnterCritical       0x800'4131    0x22  Code  Gb  port.o [1]
vPortExitCritical        0x800'4153    0x16  Code  Gb  port.o [1]
vPortSVCHandler          0x800'4601          Code  Gb  portasm.o [1]
vPortStartFirstTask      0x800'461d          Code  Gb  portasm.o [1]
vPortValidateInterruptPriority
                         0x800'4195    0x14  Code  Gb  port.o [1]
vQueueAddToRegistry      0x800'4be9    0x24  Code  Gb  queue.o [1]
vQueueWaitForMessageRestricted
                         0x800'4c15    0x4a  Code  Gb  queue.o [1]
vTaskDelay               0x800'387b    0x38  Code  Gb  tasks.o [1]
vTaskMissedYield         0x800'3cf3     0xa  Code  Gb  tasks.o [1]
vTaskPlaceOnEventList    0x800'3b57    0x1a  Code  Gb  tasks.o [1]
vTaskPlaceOnEventListRestricted
                         0x800'3b99    0x24  Code  Gb  tasks.o [1]
vTaskPlaceOnUnorderedEventList
                         0x800'3b71    0x28  Code  Gb  tasks.o [1]
vTaskPriorityInherit     0x800'3d9b    0x8a  Code  Gb  tasks.o [1]
vTaskSetTimeOutState     0x800'3c87    0x12  Code  Gb  tasks.o [1]
vTaskStartScheduler      0x800'38b3    0x82  Code  Gb  tasks.o [1]
vTaskSuspendAll          0x800'3935     0xc  Code  Gb  tasks.o [1]
vTaskSwitchContext       0x800'3aff    0x58  Code  Gb  tasks.o [1]
void FieldValueBase<GPIOB_AFRL_AFRL7_Values<GPIOB::AFRH, (unsigned int)0, (unsigned int)4, ReadWriteMode, GPIOB::GPIOBAFRHBase>, GPIOB::GPIOBAFRHBase, (unsigned int)4>::Set<ReadWriteMode, void>()
                         0x800'5275    0x14  Code  Gb  main.o [1]
void FieldValueBase<GPIOB_AFRL_AFRL7_Values<GPIOB::AFRH, (unsigned int)4, (unsigned int)4, ReadWriteMode, GPIOB::GPIOBAFRHBase>, GPIOB::GPIOBAFRHBase, (unsigned int)4>::Set<ReadWriteMode, void>()
                         0x800'5289    0x14  Code  Gb  main.o [1]
void FieldValueBase<GPIOB_BSRR_BS1_Values<GPIOB::BSRR, (unsigned int)1, (unsigned int)1, WriteMode, GPIOB::GPIOBBSRRBase>, GPIOB::GPIOBBSRRBase, (unsigned int)1>::Write<WriteMode, void>()
                         0x800'5119     0xc  Code  Gb  main.o [1]
void FieldValueBase<GPIOB_MODER_MODER15_Values<GPIOB::MODER, (unsigned int)16, (unsigned int)2, ReadWriteMode, GPIOB::GPIOBMODERBase>, GPIOB::GPIOBMODERBase, (unsigned int)2>::Set<ReadWriteMode, void>()
                         0x800'524d    0x14  Code  Gb  main.o [1]
void FieldValueBase<GPIOB_MODER_MODER15_Values<GPIOB::MODER, (unsigned int)18, (unsigned int)2, ReadWriteMode, GPIOB::GPIOBMODERBase>, GPIOB::GPIOBMODERBase, (unsigned int)2>::Set<ReadWriteMode, void>()
                         0x800'5261    0x14  Code  Gb  main.o [1]
void FieldValueBase<GPIOB_ODR_ODR8_Values<GPIOB::ODR, (unsigned int)8, (unsigned int)1, ReadWriteMode, GPIOB::GPIOBODRBase>, GPIOB::GPIOBODRBase, (unsigned int)1>::Set<ReadWriteMode, void>()
                         0x800'523d    0x10  Code  Gb  main.o [1]
void FieldValueBase<GPIOB_OSPEEDR_OSPEEDR15_Values<GPIOB::OSPEEDR, (unsigned int)16, (unsigned int)2, ReadWriteMode, GPIOB::GPIOBOSPEEDRBase>, GPIOB::GPIOBOSPEEDRBase, (unsigned int)3>::Set<ReadWriteMode, void>()
                         0x800'52bd    0x10  Code  Gb  main.o [1]
void FieldValueBase<GPIOB_OSPEEDR_OSPEEDR15_Values<GPIOB::OSPEEDR, (unsigned int)18, (unsigned int)2, ReadWriteMode, GPIOB::GPIOBOSPEEDRBase>, GPIOB::GPIOBOSPEEDRBase, (unsigned int)3>::Set<ReadWriteMode, void>()
                         0x800'52cd    0x10  Code  Gb  main.o [1]
void FieldValueBase<GPIOB_OTYPER_OT8_Values<GPIOB::OTYPER, (unsigned int)8, (unsigned int)1, ReadWriteMode, GPIOB::GPIOBOTYPERBase>, GPIOB::GPIOBOTYPERBase, (unsigned int)1>::Set<ReadWriteMode, void>()
                         0x800'529d    0x10  Code  Gb  main.o [1]
void FieldValueBase<GPIOB_OTYPER_OT9_Values<GPIOB::OTYPER, (unsigned int)9, (unsigned int)1, ReadWriteMode, GPIOB::GPIOBOTYPERBase>, GPIOB::GPIOBOTYPERBase, (unsigned int)1>::Set<ReadWriteMode, void>()
                         0x800'52ad    0x10  Code  Gb  main.o [1]
void FieldValueBase<GPIOB_PUPDR_PUPDR15_Values<GPIOB::PUPDR, (unsigned int)16, (unsigned int)2, ReadWriteMode, GPIOB::GPIOBPUPDRBase>, GPIOB::GPIOBPUPDRBase, (unsigned int)1>::Set<ReadWriteMode, void>()
                         0x800'52dd    0x14  Code  Gb  main.o [1]
void FieldValueBase<GPIOB_PUPDR_PUPDR15_Values<GPIOB::PUPDR, (unsigned int)18, (unsigned int)2, ReadWriteMode, GPIOB::GPIOBPUPDRBase>, GPIOB::GPIOBPUPDRBase, (unsigned int)1>::Set<ReadWriteMode, void>()
                         0x800'52f1    0x14  Code  Gb  main.o [1]
void FieldValueBase<I2C1_CCR_F_S_Values<I2C1::CCR, (unsigned int)15, (unsigned int)1, ReadWriteMode, I2C1::I2C1CCRBase>, I2C1::I2C1CCRBase, (unsigned int)0>::Set<ReadWriteMode, void>()
                         0x800'51d1    0x10  Code  Gb  main.o [1]
void FieldValueBase<I2C1_CR1_ACK_Values<I2C1::CR1, (unsigned int)10, (unsigned int)1, ReadWriteMode, I2C1::I2C1CR1Base>, I2C1::I2C1CR1Base, (unsigned int)0>::Set<ReadWriteMode, void>()
                         0x800'5fed    0x10  Code  Gb  main.o [1]
void FieldValueBase<I2C1_CR1_ACK_Values<I2C1::CR1, (unsigned int)10, (unsigned int)1, ReadWriteMode, I2C1::I2C1CR1Base>, I2C1::I2C1CR1Base, (unsigned int)1>::Set<ReadWriteMode, void>()
                         0x800'5f75    0x10  Code  Gb  main.o [1]
void FieldValueBase<I2C1_CR1_PE_Values<I2C1::CR1, (unsigned int)0, (unsigned int)1, ReadWriteMode, I2C1::I2C1CR1Base>, I2C1::I2C1CR1Base, (unsigned int)1>::Set<ReadWriteMode, void>()
                         0x800'522d    0x10  Code  Gb  main.o [1]
void FieldValueBase<I2C1_CR1_POS_Values<I2C1::CR1, (unsigned int)11, (unsigned int)1, ReadWriteMode, I2C1::I2C1CR1Base>, I2C1::I2C1CR1Base, (unsigned int)1>::Set<ReadWriteMode, void>()
                         0x800'5ffd    0x10  Code  Gb  main.o [1]
void FieldValueBase<I2C1_CR1_SMBTYPE_Values<I2C1::CR1, (unsigned int)3, (unsigned int)1, ReadWriteMode, I2C1::I2C1CR1Base>, I2C1::I2C1CR1Base, (unsigned int)0>::Set<ReadWriteMode, void>()
                         0x800'51c1    0x10  Code  Gb  main.o [1]
void FieldValueBase<I2C1_CR1_SMBUS_Values<I2C1::CR1, (unsigned int)1, (unsigned int)1, ReadWriteMode, I2C1::I2C1CR1Base>, I2C1::I2C1CR1Base, (unsigned int)1>::Set<ReadWriteMode, void>()
                         0x800'51b1    0x10  Code  Gb  main.o [1]
void FieldValueBase<I2C1_CR1_START_Values<I2C1::CR1, (unsigned int)8, (unsigned int)1, ReadWriteMode, I2C1::I2C1CR1Base>, I2C1::I2C1CR1Base, (unsigned int)1>::Set<ReadWriteMode, void>()
                         0x800'5f65    0x10  Code  Gb  main.o [1]
void FieldValueBase<I2C1_CR1_STOP_Values<I2C1::CR1, (unsigned int)9, (unsigned int)1, ReadWriteMode, I2C1::I2C1CR1Base>, I2C1::I2C1CR1Base, (unsigned int)1>::Set<ReadWriteMode, void>()
                         0x800'6025    0x10  Code  Gb  main.o [1]
void FieldValueBase<RCC_AHB1ENR_DMA2EN_Values<RCC::APB1ENR, (unsigned int)0, (unsigned int)1, ReadWriteMode, RCC::RCCAPB1ENRBase>, RCC::RCCAPB1ENRBase, (unsigned int)1>::Set<ReadWriteMode, void>()
                         0x800'58a5    0x10  Code  Gb  main.o [1]
void FieldValueBase<RCC_AHB1ENR_DMA2EN_Values<RCC::APB1ENR, (unsigned int)14, (unsigned int)1, ReadWriteMode, RCC::RCCAPB1ENRBase>, RCC::RCCAPB1ENRBase, (unsigned int)1>::Set<ReadWriteMode, void>()
                         0x800'50d1    0x10  Code  Gb  main.o [1]
void FieldValueBase<RCC_AHB1ENR_DMA2EN_Values<RCC::APB1ENR, (unsigned int)21, (unsigned int)1, ReadWriteMode, RCC::RCCAPB1ENRBase>, RCC::RCCAPB1ENRBase, (unsigned int)1>::Set<ReadWriteMode, void>()
                         0x800'51a1    0x10  Code  Gb  main.o [1]
void FieldValueBase<RCC_AHB1ENR_GPIOAEN_Values<RCC::AHB1ENR, (unsigned int)0, (unsigned int)1, ReadWriteMode, RCC::RCCAHB1ENRBase>, RCC::RCCAHB1ENRBase, (unsigned int)1>::Set<ReadWriteMode, void>()
                         0x800'50a1    0x10  Code  Gb  main.o [1]
void FieldValueBase<RCC_AHB1ENR_GPIOBEN_Values<RCC::AHB1ENR, (unsigned int)1, (unsigned int)1, ReadWriteMode, RCC::RCCAHB1ENRBase>, RCC::RCCAHB1ENRBase, (unsigned int)1>::Set<ReadWriteMode, void>()
                         0x800'50b1    0x10  Code  Gb  main.o [1]
void FieldValueBase<RCC_AHB1ENR_GPIOCEN_Values<RCC::AHB1ENR, (unsigned int)2, (unsigned int)1, ReadWriteMode, RCC::RCCAHB1ENRBase>, RCC::RCCAHB1ENRBase, (unsigned int)1>::Set<ReadWriteMode, void>()
                         0x800'50c1    0x10  Code  Gb  main.o [1]
void FieldValueBase<RCC_CFGR_SW_Values<RCC::CFGR, (unsigned int)0, (unsigned int)2, ReadWriteMode, RCC::RCCCFGRBase>, RCC::RCCCFGRBase, (unsigned int)0>::Set<ReadWriteMode, void>()
                         0x800'5031    0x10  Code  Gb  main.o [1]
void FieldValueBase<RCC_CR_HSION_Values<RCC::CR, (unsigned int)0, (unsigned int)1, ReadWriteMode, RCC::RCCCRBase>, RCC::RCCCRBase, (unsigned int)1>::Set<ReadWriteMode, void>()
                         0x800'5011    0x10  Code  Gb  main.o [1]
void FieldValueBase<SPI2_CR1_SPE_Values<SPI2::CR1, (unsigned int)6, (unsigned int)1, ReadWriteMode, SPI2::SPI2CR1Base>, SPI2::SPI2CR1Base, (unsigned int)1>::Set<ReadWriteMode, void>()
                         0x800'5191    0x10  Code  Gb  main.o [1]
void FieldValueBase<STK_CTRL_CLKSOURCE_Values<STK::CTRL, (unsigned int)2, (unsigned int)1, ReadWriteMode, STK::STKCTRLBase>, STK::STKCTRLBase, (unsigned int)1>::Set<ReadWriteMode, void>()
                         0x800'5071    0x10  Code  Gb  main.o [1]
void FieldValueBase<STK_CTRL_ENABLE_Values<STK::CTRL, (unsigned int)0, (unsigned int)1, ReadWriteMode, STK::STKCTRLBase>, STK::STKCTRLBase, (unsigned int)1>::Set<ReadWriteMode, void>()
                         0x800'5091    0x10  Code  Gb  main.o [1]
void FieldValueBase<STK_CTRL_TICKINT_Values<STK::CTRL, (unsigned int)1, (unsigned int)1, ReadWriteMode, STK::STKCTRLBase>, STK::STKCTRLBase, (unsigned int)1>::Set<ReadWriteMode, void>()
                         0x800'5081    0x10  Code  Gb  main.o [1]
void FieldValueBase<TIM2_CR1_CEN_Values<TIM2::CR1, (unsigned int)0, (unsigned int)1, ReadWriteMode, TIM2::TIM2CR1Base>, TIM2::TIM2CR1Base, (unsigned int)1>::Set<ReadWriteMode, void>()
                         0x800'58f9     0xe  Code  Gb  main.o [1]
void FieldValueBase<TIM2_CR1_URS_Values<TIM2::CR1, (unsigned int)2, (unsigned int)1, ReadWriteMode, TIM2::TIM2CR1Base>, TIM2::TIM2CR1Base, (unsigned int)1>::Set<ReadWriteMode, void>()
                         0x800'5907     0xe  Code  Gb  main.o [1]
void FieldValueBase<TIM2_DIER_UIE_Values<TIM2::DIER, (unsigned int)0, (unsigned int)1, ReadWriteMode, TIM2::TIM2DIERBase>, TIM2::TIM2DIERBase, (unsigned int)1>::Set<ReadWriteMode, void>()
                         0x800'58d9    0x10  Code  Gb  main.o [1]
void FieldValueBase<TIM2_SR_UIF_Values<TIM2::SR, (unsigned int)0, (unsigned int)1, ReadWriteMode, TIM2::TIM2SRBase>, TIM2::TIM2SRBase, (unsigned int)0>::Set<ReadWriteMode, void>()
                         0x800'58e9    0x10  Code  Gb  Timer.o [1]
void FieldValueBase<USART2_CR1_RE_Values<USART2::CR1, (unsigned int)2, (unsigned int)1, ReadWriteMode, USART2::USART2CR1Base>, USART2::USART2CR1Base, (unsigned int)0>::Set<ReadWriteMode, void>()
                         0x800'66e9    0x10  Code  Gb  startupF411RE.o [1]
void FieldValueBase<USART2_CR1_TE_Values<USART2::CR1, (unsigned int)3, (unsigned int)1, ReadWriteMode, USART2::USART2CR1Base>, USART2::USART2CR1Base, (unsigned int)1>::Set<ReadWriteMode, void>()
                         0x800'6145    0x10  Code  Gb  main.o [1]
void FieldValueBase<USART2_CR1_TXEIE_Values<USART2::CR1, (unsigned int)7, (unsigned int)1, ReadWriteMode, USART2::USART2CR1Base>, USART2::USART2CR1Base, (unsigned int)0>::Set<ReadWriteMode, void>()
                         0x800'66f9    0x10  Code  Gb  startupF411RE.o [1]
void FieldValueBase<USART2_CR1_TXEIE_Values<USART2::CR1, (unsigned int)7, (unsigned int)1, ReadWriteMode, USART2::USART2CR1Base>, USART2::USART2CR1Base, (unsigned int)1>::Set<ReadWriteMode, void>()
                         0x800'6155    0x10  Code  Gb  main.o [1]
void FieldValueBase<USART2_CR1_UE_Values<USART2::CR1, (unsigned int)13, (unsigned int)1, ReadWriteMode, USART2::USART2CR1Base>, USART2::USART2CR1Base, (unsigned int)1>::Set<ReadWriteMode, void>()
                         0x800'5355    0x10  Code  Gb  main.o [1]
void OsWrapper::Rtos::CreateThread<BlueToothTask<temperatureTask>>(BlueToothTask<temperatureTask> &, char const *, OsWrapper::ThreadPriority)
                         0x800'53c1    0x24  Code  Gb  main.o [1]
void OsWrapper::Rtos::CreateThread<ScreenTask<temperatureTask>>(ScreenTask<temperatureTask> &, char const *, OsWrapper::ThreadPriority)
                         0x800'5379    0x24  Code  Gb  main.o [1]
void OsWrapper::Rtos::CreateThread<TemperatureTask>(TemperatureTask &, char const *, OsWrapper::ThreadPriority)
                         0x800'539d    0x24  Code  Gb  main.o [1]
void OsWrapper::RtosWrapper::wCreateThread<OsWrapper::Rtos, BlueToothTask<temperatureTask>>(BlueToothTask<temperatureTask> &, char const *, OsWrapper::ThreadPriority, unsigned short, unsigned int *)
                         0x800'55cd    0x2c  Code  Gb  main.o [1]
void OsWrapper::RtosWrapper::wCreateThread<OsWrapper::Rtos, ScreenTask<temperatureTask>>(ScreenTask<temperatureTask> &, char const *, OsWrapper::ThreadPriority, unsigned short, unsigned int *)
                         0x800'5575    0x2c  Code  Gb  main.o [1]
void OsWrapper::RtosWrapper::wCreateThread<OsWrapper::Rtos, TemperatureTask>(TemperatureTask &, char const *, OsWrapper::ThreadPriority, unsigned short, unsigned int *)
                         0x800'55a1    0x2c  Code  Gb  main.o [1]
void Register<(unsigned int)1073756160, (unsigned int)32, ReadWriteMode, SPI2::SPI2CR1Base, FieldValue<SPI2_CR1_MSTR_Values<SPI2::CR1, (unsigned int)2, (unsigned int)1, ReadWriteMode, SPI2::SPI2CR1Base>, SPI2::SPI2CR1Base, (unsigned int)1, void>, FieldValue<SPI2_CR1_BIDIMODE_Values<SPI2::CR1, (unsigned int)15, (unsigned int)1, ReadWriteMode, SPI2::SPI2CR1Base>, SPI2::SPI2CR1Base, (unsigned int)0, void>, FieldValue<SPI2_CR1_DFF_Values<SPI2::CR1, (unsigned int)11, (unsigned int)1, ReadWriteMode, SPI2::SPI2CR1Base>, SPI2::SPI2CR1Base, (unsigned int)0, void>, FieldValue<SPI2_CR1_CPOL_Values<SPI2::CR1, (unsigned int)1, (unsigned int)1, ReadWriteMode, SPI2::SPI2CR1Base>, SPI2::SPI2CR1Base, (unsigned int)1, void>, FieldValue<SPI2_CR1_CPHA_Values<SPI2::CR1, (unsigned int)0, (unsigned int)1, ReadWriteMode, SPI2::SPI2CR1Base>, SPI2::SPI2CR1Base, (unsigned int)1, void>, FieldValue<SPI2_CR1_SSM_Values<SPI2::CR1, (unsigned int)9, (unsigned int)1, ReadWriteMode, SPI2::SPI2CR1Base>, SPI2::SPI2CR1Base, (unsigned int)1, void>, FieldValue<SPI2_CR1_SSI_Values<SPI2::CR1, (unsigned int)8, (unsigned int)1, ReadWriteMode, SPI2::SPI2CR1Base>, SPI2::SPI2CR1Base, (unsigned int)1, void>, FieldValue<SPI2_CR1_BR_Values<SPI2::CR1, (unsigned int)3, (unsigned int)3, ReadWriteMode, SPI2::SPI2CR1Base>, SPI2::SPI2CR1Base, (unsigned int)0, void>, FieldValue<SPI2_CR1_LSBFIRST_Values<SPI2::CR1, (unsigned int)7, (unsigned int)1, ReadWriteMode, SPI2::SPI2CR1Base>, SPI2::SPI2CR1Base, (unsigned int)0, void>, FieldValue<SPI2_CR1_CRCEN_Values<SPI2::CR1, (unsigned int)13, (unsigned int)1, ReadWriteMode, SPI2::SPI2CR1Base>, SPI2::SPI2CR1Base, (unsigned int)0, void>>::Set<ReadWriteMode, void>()
                         0x800'5141    0x1c  Code  Gb  main.o [1]
void Register<(unsigned int)1073872896, (unsigned int)32, ReadWriteMode, GPIOA::GPIOAMODERBase, FieldValue<GPIOA_MODER_MODER15_Values<GPIOA::MODER, (unsigned int)4, (unsigned int)2, ReadWriteMode, GPIOA::GPIOAMODERBase>, GPIOA::GPIOAMODERBase, (unsigned int)2, void>, FieldValue<GPIOA_MODER_MODER15_Values<GPIOA::MODER, (unsigned int)6, (unsigned int)2, ReadWriteMode, GPIOA::GPIOAMODERBase>, GPIOA::GPIOAMODERBase, (unsigned int)2, void>>::Set<ReadWriteMode, void>()
                         0x800'5321    0x14  Code  Gb  main.o [1]
void Register<(unsigned int)1073872928, (unsigned int)32, ReadWriteMode, GPIOA::GPIOAAFRLBase, FieldValue<GPIOA_AFRL_AFRL7_Values<GPIOA::AFRL, (unsigned int)8, (unsigned int)4, ReadWriteMode, GPIOA::GPIOAAFRLBase>, GPIOA::GPIOAAFRLBase, (unsigned int)7, void>, FieldValue<GPIOA_AFRL_AFRL7_Values<GPIOA::AFRL, (unsigned int)12, (unsigned int)4, ReadWriteMode, GPIOA::GPIOAAFRLBase>, GPIOA::GPIOAAFRLBase, (unsigned int)7, void>>::Set<ReadWriteMode, void>()
                         0x800'5335    0x14  Code  Gb  main.o [1]
void Register<(unsigned int)1073873920, (unsigned int)32, ReadWriteMode, GPIOB::GPIOBMODERBase, FieldValue<GPIOB_MODER_MODER15_Values<GPIOB::MODER, (unsigned int)2, (unsigned int)2, ReadWriteMode, GPIOB::GPIOBMODERBase>, GPIOB::GPIOBMODERBase, (unsigned int)1, void>, FieldValue<GPIOB_MODER_MODER15_Values<GPIOB::MODER, (unsigned int)4, (unsigned int)2, ReadWriteMode, GPIOB::GPIOBMODERBase>, GPIOB::GPIOBMODERBase, (unsigned int)1, void>, FieldValue<GPIOB_MODER_MODER15_Values<GPIOB::MODER, (unsigned int)16, (unsigned int)2, ReadWriteMode, GPIOB::GPIOBMODERBase>, GPIOB::GPIOBMODERBase, (unsigned int)1, void>, FieldValue<GPIOB_MODER_MODER15_Values<GPIOB::MODER, (unsigned int)18, (unsigned int)2, ReadWriteMode, GPIOB::GPIOBMODERBase>, GPIOB::GPIOBMODERBase, (unsigned int)1, void>, FieldValue<GPIOB_MODER_MODER15_Values<GPIOB::MODER, (unsigned int)26, (unsigned int)2, ReadWriteMode, GPIOB::GPIOBMODERBase>, GPIOB::GPIOBMODERBase, (unsigned int)2, void>, FieldValue<GPIOB_MODER_MODER15_Values<GPIOB::MODER, (unsigned int)30, (unsigned int)2, ReadWriteMode, GPIOB::GPIOBMODERBase>, GPIOB::GPIOBMODERBase, (unsigned int)2, void>>::Set<ReadWriteMode, void>()
                         0x800'50e1    0x1c  Code  Gb  main.o [1]
void Register<(unsigned int)1073873956, (unsigned int)32, ReadWriteMode, GPIOB::GPIOBAFRHBase, FieldValue<GPIOB_AFRL_AFRL7_Values<GPIOB::AFRH, (unsigned int)20, (unsigned int)4, ReadWriteMode, GPIOB::GPIOBAFRHBase>, GPIOB::GPIOBAFRHBase, (unsigned int)5, void>, FieldValue<GPIOB_AFRL_AFRL7_Values<GPIOB::AFRH, (unsigned int)28, (unsigned int)4, ReadWriteMode, GPIOB::GPIOBAFRHBase>, GPIOB::GPIOBAFRHBase, (unsigned int)5, void>>::Set<ReadWriteMode, void>()
                         0x800'50fd    0x1c  Code  Gb  main.o [1]
void Register<(unsigned int)1073874944, (unsigned int)32, ReadWriteMode, GPIOC::GPIOCMODERBase, FieldValue<GPIOC_MODER_MODER15_Values<GPIOC::MODER, (unsigned int)10, (unsigned int)2, ReadWriteMode, GPIOC::GPIOCMODERBase>, GPIOC::GPIOCMODERBase, (unsigned int)1, void>, FieldValue<GPIOC_MODER_MODER15_Values<GPIOC::MODER, (unsigned int)16, (unsigned int)2, ReadWriteMode, GPIOC::GPIOCMODERBase>, GPIOC::GPIOCMODERBase, (unsigned int)1, void>, FieldValue<GPIOC_MODER_MODER15_Values<GPIOC::MODER, (unsigned int)18, (unsigned int)2, ReadWriteMode, GPIOC::GPIOCMODERBase>, GPIOC::GPIOCMODERBase, (unsigned int)1, void>, FieldValue<GPIOC_MODER_MODER15_Values<GPIOC::MODER, (unsigned int)4, (unsigned int)2, ReadWriteMode, GPIOC::GPIOCMODERBase>, GPIOC::GPIOCMODERBase, (unsigned int)0, void>, FieldValue<GPIOC_MODER_MODER15_Values<GPIOC::MODER, (unsigned int)6, (unsigned int)2, ReadWriteMode, GPIOC::GPIOCMODERBase>, GPIOC::GPIOCMODERBase, (unsigned int)1, void>>::Set<ReadWriteMode, void>()
                         0x800'5125    0x1c  Code  Gb  main.o [1]
void Register<(unsigned int)1073887296, (unsigned int)32, ReadWriteMode, RCC::RCCAPB1ENRBase, FieldValue<RCC_AHB1ENR_DMA2EN_Values<RCC::APB1ENR, (unsigned int)0, (unsigned int)1, ReadWriteMode, RCC::RCCAPB1ENRBase>, RCC::RCCAPB1ENRBase, (unsigned int)1, void>, FieldValue<RCC_AHB1ENR_DMA2EN_Values<RCC::APB1ENR, (unsigned int)17, (unsigned int)1, ReadWriteMode, RCC::RCCAPB1ENRBase>, RCC::RCCAPB1ENRBase, (unsigned int)1, void>>::Set<ReadWriteMode, void>()
                         0x800'5305    0x1c  Code  Gb  main.o [1]
void RegisterBase<(unsigned int)1073741860, (unsigned int)32, ReadWriteMode>::Write<ReadWriteMode, void>(unsigned int)
                         0x800'58cd     0xc  Code  Gb  main.o [1]
void RegisterBase<(unsigned int)1073741864, (unsigned int)32, ReadWriteMode>::Write<ReadWriteMode, void>(unsigned int)
                         0x800'58b5     0xc  Code  Gb  main.o [1]
void RegisterBase<(unsigned int)1073741868, (unsigned int)32, ReadWriteMode>::Write<ReadWriteMode, void>(unsigned int)
                         0x800'58c1     0xc  Code  Gb  main.o [1]
void RegisterBase<(unsigned int)1073759236, (unsigned int)32, ReadWriteMode>::Write<ReadWriteMode, void>(unsigned int)
                         0x800'6139     0xc  Code  Gb  startupF411RE.o [1]
void RegisterBase<(unsigned int)1073759240, (unsigned int)32, ReadWriteMode>::Write<ReadWriteMode, void>(unsigned int)
                         0x800'5349     0xc  Code  Gb  main.o [1]
void RegisterBase<(unsigned int)1073763344, (unsigned int)32, ReadWriteMode>::Write<ReadWriteMode, void>(unsigned int)
                         0x800'5fa5     0xc  Code  Gb  main.o [1]
void RegisterBase<(unsigned int)1073763356, (unsigned int)32, ReadWriteMode>::Set<ReadWriteMode, void>(unsigned int)
                         0x800'51e1    0x10  Code  Gb  main.o [1]
void RegisterBase<(unsigned int)1073763360, (unsigned int)32, ReadWriteMode>::Write<ReadWriteMode, void>(unsigned int)
                         0x800'5221     0xc  Code  Gb  main.o [1]
void RegisterBase<(unsigned int)3758153748, (unsigned int)32, ReadWriteMode>::Write<ReadWriteMode, void>(unsigned int)
                         0x800'5059     0xc  Code  Gb  main.o [1]
void RegisterBase<(unsigned int)3758153752, (unsigned int)32, ReadWriteMode>::Write<ReadWriteMode, void>(unsigned int)
                         0x800'5065     0xc  Code  Gb  main.o [1]
void RegisterBase<(unsigned int)3758153984, (unsigned int)32, ReadWriteMode>::Write<ReadWriteMode, void>(unsigned int)
                         0x800'5915     0xc  Code  Gb  main.o [1]
void RegisterBase<(unsigned int)3758153988, (unsigned int)32, ReadWriteMode>::Write<ReadWriteMode, void>(unsigned int)
                         0x800'5365     0xc  Code  Gb  main.o [1]
void RegisterField<I2C1::CR2, (unsigned int)0, (unsigned int)6, ReadWriteMode, void>::Set<ReadWriteMode, void>(unsigned int)
                         0x800'51f1    0x30  Code  Gb  main.o [1]
void RegisterField<I2C1::CR2, (unsigned int)0, (unsigned int)6, ReadWriteMode, void>::Set<ReadWriteMode, void>(unsigned int)::string
                         0x800'5e38    0x9c  Data  Gb  main.o [1]
void RegisterField<I2C1::CR2, (unsigned int)0, (unsigned int)6, ReadWriteMode, void>::Set<ReadWriteMode, void>(unsigned int)::string (instance 2)
                         0x800'629c    0x40  Data  Gb  main.o [1]
void RegisterField<SPI2::CRCPR, (unsigned int)0, (unsigned int)16, ReadWriteMode, void>::Set<ReadWriteMode, void>(unsigned int)
                         0x800'515d    0x34  Code  Gb  main.o [1]
void RegisterField<SPI2::CRCPR, (unsigned int)0, (unsigned int)16, ReadWriteMode, void>::Set<ReadWriteMode, void>(unsigned int)::string
                         0x800'5d9c    0x9c  Data  Gb  main.o [1]
void RegisterField<SPI2::CRCPR, (unsigned int)0, (unsigned int)16, ReadWriteMode, void>::Set<ReadWriteMode, void>(unsigned int)::string (instance 2)
                         0x800'625c    0x40  Data  Gb  main.o [1]
xActiveTimerList1       0x2000'5df0    0x14  Data  Lc  timers.o [1]
xActiveTimerList2       0x2000'5e04    0x14  Data  Lc  timers.o [1]
xDelayedTaskList1       0x2000'5da0    0x14  Data  Lc  tasks.o [1]
xDelayedTaskList2       0x2000'5db4    0x14  Data  Lc  tasks.o [1]
xEventGroupCreateStatic
                         0x800'560d    0x16  Code  Gb  event_groups.o [1]
xEventGroupSetBits       0x800'56f5    0x82  Code  Gb  event_groups.o [1]
xEventGroupWaitBits      0x800'5623    0xce  Code  Gb  event_groups.o [1]
xIdleTaskHandle         0x2000'5e6c     0x4  Data  Lc  tasks.o [1]
xNextTaskUnblockTime    0x2000'5e68     0x4  Data  Lc  tasks.o [1]
xNumOfOverflows         0x2000'5e60     0x4  Data  Lc  tasks.o [1]
xPendingReadyList       0x2000'5dc8    0x14  Data  Lc  tasks.o [1]
xPortPendSVHandler       0x800'45a9          Code  Gb  portasm.o [1]
xPortStartScheduler      0x800'40a9    0x88  Code  Gb  port.o [1]
xPortSysTickHandler      0x800'4169    0x28  Code  Gb  port.o [1]
xQueueGenericCreateStatic
                         0x800'46cf    0x38  Code  Gb  queue.o [1]
xQueueGenericReceive     0x800'4903   0x18e  Code  Gb  queue.o [1]
xQueueGenericReset       0x800'4651    0x7e  Code  Gb  queue.o [1]
xQueueGenericSend        0x800'4723   0x142  Code  Gb  queue.o [1]
xQueueGenericSendFromISR
                         0x800'4865    0x9e  Code  Gb  queue.o [1]
xQueueRegistry          0x2000'5cdc    0x40  Data  Gb  queue.o [1]
xSchedulerRunning       0x2000'5e54     0x4  Data  Lc  tasks.o [1]
xSuspendedTaskList      0x2000'5ddc    0x14  Data  Lc  tasks.o [1]
xTaskCheckForTimeOut     0x800'3c99    0x5a  Code  Gb  tasks.o [1]
xTaskCreateStatic        0x800'3719    0x36  Code  Gb  tasks.o [1]
xTaskGetSchedulerState   0x800'3d7d    0x1e  Code  Gb  tasks.o [1]
xTaskGetTickCount        0x800'3a11     0x8  Code  Gb  tasks.o [1]
xTaskIncrementTick       0x800'3a19    0xe6  Code  Gb  tasks.o [1]
xTaskPriorityDisinherit
                         0x800'3e25    0x7e  Code  Gb  tasks.o [1]
xTaskRemoveFromEventList
                         0x800'3bbd    0x6e  Code  Gb  tasks.o [1]
xTaskRemoveFromUnorderedEventList
                         0x800'3c2b    0x5c  Code  Gb  tasks.o [1]
xTaskResumeAll           0x800'3941    0xd0  Code  Gb  tasks.o [1]
xTickCount              0x2000'5e4c     0x4  Data  Lc  tasks.o [1]
xTimerCreateTimerTask    0x800'41f5    0x56  Code  Gb  timers.o [1]
xTimerGenericCommand     0x800'424b    0x50  Code  Gb  timers.o [1]
xTimerPendFunctionCallFromISR
                         0x800'4557    0x22  Code  Gb  timers.o [1]
xTimerQueue             0x2000'5e7c     0x4  Data  Lc  timers.o [1]
xTimerTaskHandle        0x2000'5e80     0x4  Data  Lc  timers.o [1]
xYieldPending           0x2000'5e5c     0x4  Data  Lc  tasks.o [1]


[1] = D:\Git\POIP\Kursovoy\code\Debug\Obj
[2] = dl7M_tln.a
[3] = dlpp7M_tl_nc.a
[4] = m7M_tls.a
[5] = rt7M_tl.a
[6] = shb_l.a

  17'791 bytes of readonly  code memory
   9'514 bytes of readonly  data memory
  32'806 bytes of readwrite data memory

Errors: none
Warnings: none
