###############################################################################
#
# IAR ELF Linker V8.40.2.214/W32 for ARM                  13/May/2021  19:16:58
# Copyright 2007-2019 IAR Systems AB.
#
#    Output file  =  D:\Git\POIP\Kursovoy\code\Debug\Exe\iarproject.out
#    Map file     =  D:\Git\POIP\Kursovoy\code\Debug\List\iarproject.map
#    Command line =
#        -f C:\Users\KONSTA~1\AppData\Local\Temp\EWB0AA.tmp
#        (D:\Git\POIP\Kursovoy\code\Debug\Obj\croutine.o
#        D:\Git\POIP\Kursovoy\code\Debug\Obj\event_groups.o
#        D:\Git\POIP\Kursovoy\code\Debug\Obj\font24.o
#        D:\Git\POIP\Kursovoy\code\Debug\Obj\font48.o
#        D:\Git\POIP\Kursovoy\code\Debug\Obj\list.o
#        D:\Git\POIP\Kursovoy\code\Debug\Obj\main.o
#        D:\Git\POIP\Kursovoy\code\Debug\Obj\port.o
#        D:\Git\POIP\Kursovoy\code\Debug\Obj\portasm.o
#        D:\Git\POIP\Kursovoy\code\Debug\Obj\queue.o
#        D:\Git\POIP\Kursovoy\code\Debug\Obj\startupF411RE.o
#        D:\Git\POIP\Kursovoy\code\Debug\Obj\tasks.o
#        D:\Git\POIP\Kursovoy\code\Debug\Obj\Timer.o
#        D:\Git\POIP\Kursovoy\code\Debug\Obj\timers.o --no_out_extension -o
#        D:\Git\POIP\Kursovoy\code\Debug\Exe\iarproject.out --map
#        D:\Git\POIP\Kursovoy\code\Debug\List\iarproject.map --log
#        libraries,initialization,modules,redirects,sections,veneers,unused_fragments,call_graph
#        --log_file D:\Git\POIP\Kursovoy\code\Debug\List\iarproject.log
#        --config D:\Git\POIP\Kursovoy\code\stm32f411xE.icf --semihosting
#        --entry __iar_program_start --vfe --text_out locale)
#
###############################################################################

*******************************************************************************
*** RUNTIME MODEL ATTRIBUTES
***

CppFlavor                     = *
__CPP_Exceptions              = Disabled
__CPP_Language                = C++14
__Heap_Handler                = DLMalloc
__SystemLibrary               = DLib
__dlib_dynamic_initialization = normal
__dlib_version                = 6


*******************************************************************************
*** HEAP SELECTION
***

The advanced heap was selected because the application calls memory
allocation functions outside of system library functions, and there
are calls to deallocation functions in the application.


*******************************************************************************
*** PLACEMENT SUMMARY
***

"A0":  place at address 0x800'0000 { ro section .intvec };
"P1":  place in [from 0x800'0000 to 0x807'ffff] { ro };
define block CSTACK with size = 256, alignment = 8 { };
define block HEAP with size = 0, alignment = 8 { };
"P2":  place in [from 0x2000'0000 to 0x2001'ffff] {
          rw, block CSTACK, block HEAP };
initialize by copy { rw };

  Section                Kind         Address    Size  Object
  -------                ----         -------    ----  ------
"A0":                                           0x198
  .intvec                const     0x800'0000   0x198  startupF411RE.o [1]
                                 - 0x800'0198   0x198

"P1":                                          0x5f40
  .text                  ro code   0x800'0198  0x149c  dlmalloc.o [2]
  .text                  ro code   0x800'1634     0x6  abort.o [2]
  .text                  ro code   0x800'163a    0x3a  zero_init3.o [5]
  .text                  ro code   0x800'1674    0x2c  xgetmemchunk.o [2]
  .text                  ro code   0x800'16a0    0x14  exit.o [6]
  .text                  ro code   0x800'16b4    0x7c  iarttio.o [6]
  .text                  ro code   0x800'1730    0x3c  XShttio.o [2]
  .text                  ro code   0x800'176c   0xfaa  xprintffull_nomb.o [2]
  .text                  ro code   0x800'2716    0x2e  copy_init3.o [5]
  .text                  ro code   0x800'2744    0x16  strchr.o [5]
  .text                  ro code   0x800'275a     0xa  xsprout.o [2]
  .text                  ro code   0x800'2764    0x40  xfail_s.o [2]
  .text                  ro code   0x800'27a4    0x36  strlen.o [5]
  .text                  ro code   0x800'27da     0x6  iostream_cout.o [3]
  .text                  ro code   0x800'27e0    0x58  memchr.o [5]
  .text                  ro code   0x800'2838    0xa6  ABImemcpy.o [5]
  .rodata                const     0x800'28de     0x2  main.o [1]
  .text                  ro code   0x800'28e0    0x70  frexp.o [4]
  .text                  ro code   0x800'2950    0x2e  DblCmpLe.o [4]
  .text                  ro code   0x800'297e     0x2  iostream_cout.o [3]
  .text                  ro code   0x800'2980    0x2e  DblCmpGe.o [4]
  .text                  ro code   0x800'29ae     0x2  iostream_cout.o [3]
  .text                  ro code   0x800'29b0   0x13a  ldexp.o [4]
  .rodata                const     0x800'2aea     0x1  main.o [1]
  .rodata                const     0x800'2aeb     0x1  main.o [1]
  .text                  ro code   0x800'2aec    0x3a  DblToS32.o [4]
  .rodata                const     0x800'2b26     0x1  unwind_debug.o [6]
  .text                  ro code   0x800'2b28    0x22  S32ToDbl.o [4]
  .text                  ro code   0x800'2b4c    0xe2  DblSub.o [4]
  .text                  ro code   0x800'2c30   0x246  DblDiv.o [4]
  .text                  ro code   0x800'2e78    0x28  DblToU32.o [4]
  .text                  ro code   0x800'2ea0    0x1a  U32ToDbl.o [4]
  .text                  ro code   0x800'2ebc   0x1a2  DblMul.o [4]
  .text                  ro code   0x800'3060   0x274  I64DivMod.o [5]
  .text                  ro code   0x800'32d4   0x16a  DblAdd.o [4]
  .text                  ro code   0x800'3440     0x2  I64DivZer.o [5]
  .text                  ro code   0x800'3444   0x2dc  tasks.o [1]
  .text                  ro code   0x800'3720    0x40  port.o [1]
  .text                  ro code   0x800'3760    0x5c  list.o [1]
  .text                  ro code   0x800'37bc   0x2ac  main.o [1]
  .text                  ro code   0x800'3a68     0x4  Timer.o [1]
  .text                  ro code   0x800'3a6c     0x6  Timer.o [1]
  .text                  ro code   0x800'3a72    0x22  strcspn.o [2]
  .text                  ro code   0x800'3a94    0x20  Timer.o [1]
  .text                  ro code   0x800'3ab4     0x6  Timer.o [1]
  .text                  ro code   0x800'3aba    0x2a  main.o [1]
  .text                  ro code   0x800'3ae4     0xc  main.o [1]
  .text                  ro code   0x800'3af0    0x12  main.o [1]
  .text                  ro code   0x800'3b04    0x30  main.o [1]
  .text                  ro code   0x800'3b34     0xa  main.o [1]
  .text                  ro code   0x800'3b3e     0xa  main.o [1]
  .text                  ro code   0x800'3b48    0x96  main.o [1]
  .text                  ro code   0x800'3bde     0xa  main.o [1]
  .text                  ro code   0x800'3be8     0xc  main.o [1]
  .text                  ro code   0x800'3bf4     0xa  main.o [1]
  .text                  ro code   0x800'3bfe     0x4  Timer.o [1]
  .text                  ro code   0x800'3c02    0x2e  main.o [1]
  .text                  ro code   0x800'3c30    0x2e  main.o [1]
  .text                  ro code   0x800'3c5e     0x8  Timer.o [1]
  .text                  ro code   0x800'3c66    0x12  main.o [1]
  .text                  ro code   0x800'3c78    0x18  Timer.o [1]
  .text                  ro code   0x800'3c90     0x8  main.o [1]
  .text                  ro code   0x800'3c98    0x7a  main.o [1]
  .text                  ro code   0x800'3d12    0x3a  main.o [1]
  .text                  ro code   0x800'3d4c     0xc  main.o [1]
  .text                  ro code   0x800'3d58    0x18  main.o [1]
  .text                  ro code   0x800'3d70     0xa  cxxabi.o [3]
  .text                  ro code   0x800'3d7a     0xa  main.o [1]
  .text                  ro code   0x800'3d84    0x7a  main.o [1]
  .text                  ro code   0x800'3dfe    0x12  main.o [1]
  .text                  ro code   0x800'3e10    0x2a  main.o [1]
  .text                  ro code   0x800'3e3a    0x28  main.o [1]
  .text                  ro code   0x800'3e62     0xc  main.o [1]
  .text                  ro code   0x800'3e6e     0xa  main.o [1]
  .text                  ro code   0x800'3e78     0x2  main.o [1]
  .text                  ro code   0x800'3e7a    0x2e  main.o [1]
  .text                  ro code   0x800'3ea8     0x2  main.o [1]
  .text                  ro code   0x800'3eaa     0x8  Timer.o [1]
  .text                  ro code   0x800'3eb4    0x18  main.o [1]
  .text                  ro code   0x800'3ecc     0xa  main.o [1]
  .text                  ro code   0x800'3ed6     0x8  main.o [1]
  .text                  ro code   0x800'3ede     0x8  main.o [1]
  .text                  ro code   0x800'3ee6     0x8  main.o [1]
  .text                  ro code   0x800'3eee     0x8  main.o [1]
  .text                  ro code   0x800'3ef6    0x12  main.o [1]
  .text                  ro code   0x800'3f08     0x8  main.o [1]
  .text                  ro code   0x800'3f10     0x8  main.o [1]
  .text                  ro code   0x800'3f18    0x12  main.o [1]
  .text                  ro code   0x800'3f2a     0x8  main.o [1]
  .text                  ro code   0x800'3f34    0xa0  cppinit.o [2]
  .text                  ro code   0x800'3fd4    0x18  main.o [1]
  .text                  ro code   0x800'3fec    0xd6  main.o [1]
  .text                  ro code   0x800'40c4    0x96  ABImemmove.o [5]
  .text                  ro code   0x800'415a     0x6  main.o [1]
  .text                  ro code   0x800'4160    0x10  main.o [1]
  .text                  ro code   0x800'4170     0x8  main.o [1]
  .text                  ro code   0x800'4178    0x12  main.o [1]
  .text                  ro code   0x800'418a    0x32  Timer.o [1]
  .text                  ro code   0x800'41bc    0x12  Timer.o [1]
  .text                  ro code   0x800'41d0     0xc  Timer.o [1]
  .text                  ro code   0x800'41dc    0x1c  main.o [1]
  .text                  ro code   0x800'41f8     0x2  main.o [1]
  .text                  ro code   0x800'41fa     0x8  main.o [1]
  .text                  ro code   0x800'4202     0x2  main.o [1]
  .text                  ro code   0x800'4204     0xc  main.o [1]
  .text                  ro code   0x800'4210     0x2  main.o [1]
  .text                  ro code   0x800'4214    0x28  main.o [1]
  .text                  ro code   0x800'423c     0x8  main.o [1]
  .text                  ro code   0x800'4244     0x8  main.o [1]
  .text                  ro code   0x800'424c     0x8  main.o [1]
  .text                  ro code   0x800'4254     0x2  main.o [1]
  .text                  ro code   0x800'4256    0x18  main.o [1]
  .text                  ro code   0x800'4270    0x66  ABImemset.o [5]
  .text                  ro code   0x800'42d6     0x2  main.o [1]
  .text                  ro code   0x800'42d8    0x18  Timer.o [1]
  .text                  ro code   0x800'42f0     0xe  Timer.o [1]
  .text                  ro code   0x800'42fe     0x4  Timer.o [1]
  .text                  ro code   0x800'4302     0x2  main.o [1]
  .text                  ro code   0x800'4304     0x8  main.o [1]
  .text                  ro code   0x800'430c     0xa  main.o [1]
  .text                  ro code   0x800'4316     0x2  main.o [1]
  .text                  ro code   0x800'4318     0x8  main.o [1]
  .text                  ro code   0x800'4320    0x70  main.o [1]
  .text                  ro code   0x800'4390     0x4  main.o [1]
  .text                  ro code   0x800'4394     0x2  main.o [1]
  .text                  ro code   0x800'4396     0x8  main.o [1]
  .text                  ro code   0x800'439e     0xe  main.o [1]
  .text                  ro code   0x800'43ac     0x2  main.o [1]
  .text                  ro code   0x800'43ae    0x18  main.o [1]
  .text                  ro code   0x800'43c6     0x2  main.o [1]
  .text                  ro code   0x800'43c8     0xa  delop_0.o [3]
  .text                  ro code   0x800'43d2    0x34  main.o [1]
  .text                  ro code   0x800'4406    0x1a  main.o [1]
  .text                  ro code   0x800'4420     0x6  main.o [1]
  .text                  ro code   0x800'4426    0x12  main.o [1]
  .text                  ro code   0x800'4438    0x20  main.o [1]
  .text                  ro code   0x800'4458     0x4  heaptramp0.o [2]
  .text                  ro code   0x800'445c    0x24  newop_0.o [3]
  .text                  ro code   0x800'4480     0x4  main.o [1]
  .text                  ro code   0x800'4484     0x4  nomemory.o [3]
  .text                  ro code   0x800'4488   0x1b2  Timer.o [1]
  .text                  ro code   0x800'463a    0x12  Timer.o [1]
  .text                  ro code   0x800'464c    0x72  Timer.o [1]
  .text                  ro code   0x800'46be     0x4  Timer.o [1]
  .text                  ro code   0x800'46c2     0x8  Timer.o [1]
  .text                  ro code   0x800'46ca     0x6  Timer.o [1]
  .text                  ro code   0x800'46d0     0x4  Timer.o [1]
  .text                  ro code   0x800'46d4     0xa  Timer.o [1]
  .text                  ro code   0x800'46de    0x28  Timer.o [1]
  .text                  ro code   0x800'4706     0xe  Timer.o [1]
  .text                  ro code   0x800'4714     0x8  Timer.o [1]
  .text                  ro code   0x800'471c    0x14  Timer.o [1]
  .text                  ro code   0x800'4730     0x4  Timer.o [1]
  .text                  ro code   0x800'4734    0x54  Timer.o [1]
  .text                  ro code   0x800'4788     0x4  Timer.o [1]
  .text                  ro code   0x800'478c    0x18  Timer.o [1]
  .text                  ro code   0x800'47a4     0x8  Timer.o [1]
  .text                  ro code   0x800'47ac    0x28  Timer.o [1]
  .text                  ro code   0x800'47d4     0xa  Timer.o [1]
  .text                  ro code   0x800'47de    0x14  Timer.o [1]
  .text                  ro code   0x800'47f4   0x104  ios.o [3]
  .text                  ro code   0x800'48f8     0x8  Timer.o [1]
  .text                  ro code   0x800'4900    0x54  Timer.o [1]
  .text                  ro code   0x800'4954     0x8  Timer.o [1]
  .text                  ro code   0x800'495c     0x4  delop4_0.o [3]
  .text                  ro code   0x800'4960    0x48  Timer.o [1]
  .text                  ro code   0x800'49a8    0x46  Timer.o [1]
  .text                  ro code   0x800'49f0   0x19a  main.o [1]
  .text                  ro code   0x800'4b8a     0xc  startupF411RE.o [1]
  .text                  ro code   0x800'4b98     0xc  main.o [1]
  .text                  ro code   0x800'4ba4     0xc  main.o [1]
  .text                  ro code   0x800'4bb0     0xc  main.o [1]
  .text                  ro code   0x800'4bbc    0x2c  main.o [1]
  .text                  ro code   0x800'4be8     0x6  main.o [1]
  .text                  ro code   0x800'4bf0    0x10  main.o [1]
  .text                  ro code   0x800'4c00    0x10  main.o [1]
  .text                  ro code   0x800'4c10    0x10  main.o [1]
  .text                  ro code   0x800'4c20    0x18  main.o [1]
  .text                  ro code   0x800'4c38    0x10  main.o [1]
  .text                  ro code   0x800'4c48    0x10  main.o [1]
  .text                  ro code   0x800'4c58    0x10  main.o [1]
  .text                  ro code   0x800'4c68    0x14  main.o [1]
  .text                  ro code   0x800'4c7c    0x10  main.o [1]
  .text                  ro code   0x800'4c8c    0x10  main.o [1]
  .text                  ro code   0x800'4c9c    0x10  main.o [1]
  .text                  ro code   0x800'4cac    0x10  main.o [1]
  .text                  ro code   0x800'4cbc    0x10  main.o [1]
  .text                  ro code   0x800'4ccc    0x30  main.o [1]
  .text                  ro code   0x800'4cfc     0xc  main.o [1]
  .text                  ro code   0x800'4d08    0x10  main.o [1]
  .text                  ro code   0x800'4d18    0x10  main.o [1]
  .text                  ro code   0x800'4d28    0x14  main.o [1]
  .text                  ro code   0x800'4d3c    0x14  main.o [1]
  .text                  ro code   0x800'4d50    0x14  main.o [1]
  .text                  ro code   0x800'4d64    0x14  main.o [1]
  .text                  ro code   0x800'4d78    0x10  main.o [1]
  .text                  ro code   0x800'4d88    0x10  main.o [1]
  .text                  ro code   0x800'4d98    0x10  main.o [1]
  .text                  ro code   0x800'4da8    0x10  main.o [1]
  .text                  ro code   0x800'4db8    0x14  main.o [1]
  .text                  ro code   0x800'4dcc    0x14  main.o [1]
  .text                  ro code   0x800'4de0    0x14  main.o [1]
  .text                  ro code   0x800'4df4    0x14  main.o [1]
  .text                  ro code   0x800'4e08    0x1c  main.o [1]
  .text                  ro code   0x800'4e24     0xc  main.o [1]
  .text                  ro code   0x800'4e30    0x1c  main.o [1]
  .text                  ro code   0x800'4e4c    0x34  main.o [1]
  .text                  ro code   0x800'4e80    0x10  main.o [1]
  .text                  ro code   0x800'4e90    0x1c  main.o [1]
  .text                  ro code   0x800'4eac    0x14  main.o [1]
  .text                  ro code   0x800'4ec0    0x14  main.o [1]
  .text                  ro code   0x800'4ed4     0xc  main.o [1]
  .text                  ro code   0x800'4ee0    0x10  main.o [1]
  .text                  ro code   0x800'4ef0     0xc  main.o [1]
  .text                  ro code   0x800'4efc    0xc0  main.o [1]
  .text                  ro code   0x800'4fbc    0x1c  main.o [1]
  .text                  ro code   0x800'4fd8     0x4  main.o [1]
  .text                  ro code   0x800'4fdc     0x8  main.o [1]
  .text                  ro code   0x800'4fe4    0x24  ABIassert.o [6]
  .text                  ro code   0x800'5008    0x10  main.o [1]
  .text                  ro code   0x800'5018    0x10  main.o [1]
  .text                  ro code   0x800'5028    0x14  main.o [1]
  .text                  ro code   0x800'503c     0xc  main.o [1]
  .text                  ro code   0x800'5048     0xc  main.o [1]
  .text                  ro code   0x800'5054    0x18  main.o [1]
  .text                  ro code   0x800'506c     0xc  main.o [1]
  .text                  ro code   0x800'5078    0x18  main.o [1]
  .text                  ro code   0x800'5090    0x10  main.o [1]
  .text                  ro code   0x800'50a0    0x10  main.o [1]
  .text                  ro code   0x800'50b0    0x18  main.o [1]
  .text                  ro code   0x800'50c8    0x10  main.o [1]
  .text                  ro code   0x800'50d8     0xc  main.o [1]
  .text                  ro code   0x800'50e4    0xb0  main.o [1]
  .text                  ro code   0x800'5194     0x6  Timer.o [1]
  .text                  ro code   0x800'519a     0x6  main.o [1]
  .text                  ro code   0x800'51a0     0x6  main.o [1]
  .text                  ro code   0x800'51a8    0x36  event_groups.o [1]
  .text                  ro code   0x800'51e0    0x20  main.o [1]
  .text                  ro code   0x800'5200     0x8  main.o [1]
  .text                  ro code   0x800'5208    0x48  FltToDbl.o [4]
  .text                  ro code   0x800'5250    0x18  main.o [1]
  .text                  ro code   0x800'5268     0x4  main.o [1]
  .text                  ro code   0x800'526c    0x18  main.o [1]
  .text                  ro code   0x800'5284     0x8  main.o [1]
  .text                  ro code   0x800'528c     0xc  main.o [1]
  .text                  ro code   0x800'5298   0x190  main.o [1]
  .text                  ro code   0x800'5428     0x4  main.o [1]
  .text                  ro code   0x800'542c    0x20  DblCmpEq.o [4]
  .text                  ro code   0x800'544c    0xd2  main.o [1]
  .text                  ro code   0x800'5520    0x40  sprintf.o [2]
  CODE                   ro code   0x800'5560    0xa8  portasm.o [1]
  .rodata                const     0x800'5608    0x9c  main.o [1]
  .rodata                const     0x800'56a4    0x9c  main.o [1]
  .text                  ro code   0x800'5740    0x90  iostream_cout.o [3]
  .text                  ro code   0x800'57d0    0x5c  iostream_cout.o [3]
  .text                  ro code   0x800'582c    0x7c  main.o [1]
  .text                  ro code   0x800'58a8    0x22  main.o [1]
  .text                  ro code   0x800'58ca    0x6c  main.o [1]
  .text                  ro code   0x800'5936    0x76  Timer.o [1]
  .text                  ro code   0x800'59ac    0x60  iostream_cout.o [3]
  .text                  ro code   0x800'5a0c    0x52  main.o [1]
  .text                  ro code   0x800'5a5e    0x32  main.o [1]
  .rodata                const     0x800'5a90    0x44  iostream_cout.o [3]
  .rodata                const     0x800'5ad4    0x44  iostream_cout.o [3]
  .rodata                const     0x800'5b18    0x40  main.o [1]
  .rodata                const     0x800'5b58    0x40  main.o [1]
  .text                  ro code   0x800'5b98    0x38  iostream_cout.o [3]
  .text                  ro code   0x800'5bd0    0x20  putchar.o [2]
  .text                  ro code   0x800'5bf0    0x10  write.o [6]
  .text                  ro code   0x800'5c00    0x1e  dwrite.o [6]
  .text                  ro code   0x800'5c1e    0x20  iarwstd.o [6]
  .text                  ro code   0x800'5c3e    0x22  iarwrite.o [6]
  .text                  ro code   0x800'5c60    0x32  startupF411RE.o [1]
  .text                  ro code   0x800'5c94    0x22  fpinit_M.o [4]
  .text                  ro code   0x800'5cb8    0x1e  cmain.o [5]
  .text                  ro code   0x800'5cd8    0x28  data_init.o [5]
  .text                  ro code   0x800'5d00     0x4  exit.o [2]
  .text                  ro code   0x800'5d04     0xe  cexit.o [5]
  .rodata                const     0x800'5d14    0x30  main.o [1]
  .rodata                const     0x800'5d44    0x30  main.o [1]
  .text                  ro code   0x800'5d74    0x2e  startupF411RE.o [1]
  .text                  ro code   0x800'5da2     0x4  startupF411RE.o [1]
  .text                  ro code   0x800'5da6     0xa  startupF411RE.o [1]
  .text                  ro code   0x800'5db0     0x8  startupF411RE.o [1]
  .text                  ro code   0x800'5db8     0x8  startupF411RE.o [1]
  .text                  ro code   0x800'5dc0     0xc  startupF411RE.o [1]
  .text                  ro code   0x800'5dcc    0x10  startupF411RE.o [1]
  .text                  ro code   0x800'5ddc    0x10  startupF411RE.o [1]
  .text                  ro code   0x800'5dec    0x2e  Timer.o [1]
  .text                  ro code   0x800'5e1a    0x12  Timer.o [1]
  .rodata                const     0x800'5e2c    0x28  iostream_cout.o [3]
  .text                  ro code   0x800'5e54    0x28  Timer.o [1]
  .text                  ro code   0x800'5e7c    0x14  Timer.o [1]
  .text                  ro code   0x800'5e90     0xc  Timer.o [1]
  .rodata                const     0x800'5e9c    0x24  main.o [1]
  .rodata                const     0x800'5ec0    0x24  main.o [1]
  .text                  ro code   0x800'5ee4    0x24  main.o [1]
  .text                  ro code   0x800'5f08    0x18  main.o [1]
  .iar.init_table        const     0x800'5f20    0x28  - Linker created -
  .text                  ro code   0x800'5f48    0x20  cmain_call_ctors.o [5]
  .text                  ro code   0x800'5f68    0x18  main.o [1]
  .text                  ro code   0x800'5f80    0x18  main.o [1]
  .text                  ro code   0x800'5f98     0x4  delaop_0.o [3]
  .text                  ro code   0x800'5f9c    0x14  iostream_cout.o [3]
  .rodata                const     0x800'5fb0    0x10  Timer.o [1]
  .rodata                const     0x800'5fc0    0x10  Timer.o [1]
  .rodata                const     0x800'5fd0    0x10  ios.o [3]
  .rodata                const     0x800'5fe0    0x10  iostream_cout.o [3]
  .text                  ro code   0x800'5ff0    0x10  startupF411RE.o [1]
  .text                  ro code   0x800'6000    0x10  Timer.o [1]
  SHT$$PREINIT_ARRAY               0x800'6010     0x4  <Block>
    .preinit_array       const     0x800'6010     0x4  iostream_cout.o [3]
  SHT$$INIT_ARRAY                  0x800'6014     0xc  <Block>
    .init_array          const     0x800'6014     0x4  main.o [1]
    .init_array          const     0x800'6018     0x4  startupF411RE.o [1]
    .init_array          const     0x800'601c     0x4  ios.o [3]
  __iar_tls$$INIT_ARRAY            0x800'6020     0x0  <Block>
  .text                  ro code   0x800'6020     0xe  main.o [1]
  .text                  ro code   0x800'602e     0x8  main.o [1]
  .text                  ro code   0x800'6036     0xe  main.o [1]
  .text                  ro code   0x800'6044     0xa  main.o [1]
  .text                  ro code   0x800'604e     0xe  iostream_cout.o [3]
  .rodata                const     0x800'605c     0xc  main.o [1]
  .rodata                const     0x800'6068     0xc  main.o [1]
  .rodata                const     0x800'6074     0xc  main.o [1]
  .rodata                const     0x800'6080     0xc  Timer.o [1]
  Initializer bytes      const     0x800'608c     0xc  <for P2-1>
  .text                  ro code   0x800'6098     0xa  main.o [1]
  .rodata                const     0x800'60a4     0x8  main.o [1]
  .rodata                const     0x800'60ac     0x8  main.o [1]
  .rodata                const     0x800'60b4     0x4  main.o [1]
  .rodata                const     0x800'60b8     0x8  main.o [1]
  .rodata                const     0x800'60c0     0x8  xprintffull_nomb.o [2]
  .rodata                const     0x800'60c8     0x4  main.o [1]
  .text                  ro code   0x800'60cc     0x4  main.o [1]
  .text                  ro code   0x800'60d0     0x4  main.o [1]
  .text                  ro code   0x800'60d4     0x4  iostream_cout.o [3]
  .text                  ro code   0x800'60d8     0x0  cstart_call_dtors.o [5]
  .rodata                const     0x800'60d8     0x0  zero_init3.o [5]
  .rodata                const     0x800'60d8     0x0  copy_init3.o [5]
                                 - 0x800'60d8  0x5f40

"P2", part 1 of 3:                                0xc
  P2-1                            0x2000'0000     0xc  <Init block>
    .data                inited   0x2000'0000     0x4  port.o [1]
    .data                inited   0x2000'0004     0x8  XShttio.o [2]
                                - 0x2000'000c     0xc

"P2", part 2 of 3:                              0x4d4
  .bss                   zero     0x2000'000c   0x1d8  dlmalloc.o [2]
  .bss                   zero     0x2000'01e4   0x108  startupF411RE.o [1]
  .bss                   zero     0x2000'02ec    0x70  iostream_cout.o [3]
  .bss                   zero     0x2000'035c    0x64  tasks.o [1]
  .bss                   zero     0x2000'03c0    0x34  ios.o [3]
  .bss                   zero     0x2000'03f4    0x24  main.o [1]
  .bss                   zero     0x2000'0418    0x18  dlmalloc.o [2]
  .bss                   zero     0x2000'0430    0x14  main.o [1]
  .bss                   zero     0x2000'0444    0x14  tasks.o [1]
  .bss                   zero     0x2000'0458     0x4  main.o [1]
  .bss                   zero     0x2000'0460    0x10  ios.o [3]
  .bss                   zero     0x2000'0470     0x8  main.o [1]
  .bss                   zero     0x2000'0478     0x8  main.o [1]
  .bss                   zero     0x2000'0480     0x8  main.o [1]
  .bss                   zero     0x2000'0488     0x8  main.o [1]
  .bss                   zero     0x2000'0490     0x4  tasks.o [1]
  .bss                   zero     0x2000'0494     0x4  tasks.o [1]
  .bss                   zero     0x2000'0498     0x4  tasks.o [1]
  .bss                   zero     0x2000'049c     0x4  tasks.o [1]
  .bss                   zero     0x2000'04a0     0x4  tasks.o [1]
  .bss                   zero     0x2000'04a4     0x4  tasks.o [1]
  .bss                   zero     0x2000'04a8     0x4  tasks.o [1]
  .bss                   zero     0x2000'04ac     0x4  tasks.o [1]
  .bss                   zero     0x2000'04b0     0x4  tasks.o [1]
  .bss                   zero     0x2000'04b4     0x4  tasks.o [1]
  .bss                   zero     0x2000'04b8     0x4  tasks.o [1]
  .bss                   zero     0x2000'04bc     0x4  Timer.o [1]
  .bss                   zero     0x2000'04c0     0x4  cppinit.o [2]
  .bss                   zero     0x2000'04c4     0x4  cppinit.o [2]
  .bss                   zero     0x2000'04c8     0x4  new.o [3]
  .bss                   zero     0x2000'04cc     0x4  xgetmemchunk.o [2]
  .bss                   zero     0x2000'04d0     0x4  xfail_s.o [2]
  .bss                   zero     0x2000'04d4     0x1  main.o [1]
  .bss                   zero     0x2000'04d5     0x1  main.o [1]
  .bss                   zero     0x2000'04d6     0x1  main.o [1]
  .bss                   zero     0x2000'04d7     0x1  main.o [1]
  .bss                   zero     0x2000'04d8     0x1  main.o [1]
  .bss                   zero     0x2000'04d9     0x1  main.o [1]
  .bss                   zero     0x2000'04da     0x1  startupF411RE.o [1]
  .bss                   zero     0x2000'04db     0x1  Timer.o [1]
  .bss                   zero     0x2000'04dc     0x1  XShttio.o [2]
                                - 0x2000'04dd   0x4d1

"P2", part 3 of 3:                              0x2d8
  .iar.dynexit                    0x2000'04e0   0x1d4  <Block>
    .iar.dynexit         uninit   0x2000'04e0     0xc  cppinit.o [2]
    .iar.dynexit         uninit   0x2000'04ec   0x1c8  <Block tail>
  CSTACK                          0x2000'06b8   0x100  <Block>
    CSTACK               uninit   0x2000'06b8   0x100  <Block tail>
  HEAP                            0x2000'07b8     0x0  <Block>
                                - 0x2000'07b8   0x2d8

Unused ranges:

         From           To      Size
         ----           --      ----
   0x800'60d8   0x807'ffff  0x7'9f28
  0x2000'07b8  0x2001'ffff  0x1'f848


*******************************************************************************
*** INIT TABLE
***

          Address      Size
          -------      ----
Zero (__iar_zero_init3)
    1 destination range, total size 0x4d1:
          0x2000'000c  0x4d1

Copy (__iar_copy_init3)
    1 source range, total size 0xc:
           0x800'608c    0xc
    1 destination range, total size 0xc:
          0x2000'0000    0xc

Extra (__iar_cstart_call_ctors)



*******************************************************************************
*** MODULE SUMMARY
***

    Module               ro code  ro data  rw data
    ------               -------  -------  -------
command line/config:
    ----------------------------------------------
    Total:

D:\Git\POIP\Kursovoy\code\Debug\Obj: [1]
    Timer.o                1'606       44        5
    event_groups.o            54
    list.o                    92
    main.o                 5'750      684       98
    port.o                    64        4        4
    portasm.o                168
    startupF411RE.o          198      412      265
    tasks.o                  732               164
    ----------------------------------------------
    Total:                 8'664    1'144      536

dl7M_tln.a: [2]
    XShttio.o                 60        8        9
    abort.o                    6
    cppinit.o                160                20
    dlmalloc.o             5'276               496
    exit.o                     4
    heaptramp0.o               4
    putchar.o                 32
    sprintf.o                 64
    strcspn.o                 34
    xfail_s.o                 64                 4
    xgetmemchunk.o            44                 4
    xprintffull_nomb.o     4'010        8
    xsprout.o                 10
    ----------------------------------------------
    Total:                 9'768       16      533

dlpp7M_tl_nc.a: [3]
    cxxabi.o                  10
    delaop_0.o                 4
    delop4_0.o                 4
    delop_0.o                 10
    ios.o                    260       20       68
    iostream_cout.o          436      196      112
    new.o                                        4
    newop_0.o                 36
    nomemory.o                 4
    ----------------------------------------------
    Total:                   764      216      184

m7M_tls.a: [4]
    DblAdd.o                 362
    DblCmpEq.o                32
    DblCmpGe.o                46
    DblCmpLe.o                46
    DblDiv.o                 582
    DblMul.o                 418
    DblSub.o                 226
    DblToS32.o                58
    DblToU32.o                40
    FltToDbl.o                72
    S32ToDbl.o                34
    U32ToDbl.o                26
    fpinit_M.o                34
    frexp.o                  112
    ldexp.o                  314
    ----------------------------------------------
    Total:                 2'402

rt7M_tl.a: [5]
    ABImemcpy.o              166
    ABImemmove.o             150
    ABImemset.o              102
    I64DivMod.o              628
    I64DivZer.o                2
    cexit.o                   14
    cmain.o                   30
    cmain_call_ctors.o        32
    copy_init3.o              46
    cstart_call_dtors.o
    data_init.o               40
    memchr.o                  88
    strchr.o                  22
    strlen.o                  54
    zero_init3.o              58
    ----------------------------------------------
    Total:                 1'432

shb_l.a: [6]
    ABIassert.o               36
    dwrite.o                  30
    exit.o                    20
    iarttio.o                124
    iarwrite.o                34
    iarwstd.o                 32
    unwind_debug.o                      1
    write.o                   16
    ----------------------------------------------
    Total:                   292        1

    Gaps                      49        4        4
    Linker created                     40      712
--------------------------------------------------
    Grand Total:          23'371    1'421    1'969


*******************************************************************************
*** ENTRY LIST
***

Entry                       Address   Size  Type      Object
-----                       -------   ----  ----      ------
.iar.dynexit$$Base      0x2000'04e0          --   Gb  - Linker created -
.iar.dynexit$$Limit     0x2000'06b4          --   Gb  - Linker created -
.iar.init_table$$Base    0x800'5f20          --   Gb  - Linker created -
.iar.init_table$$Limit   0x800'5f48          --   Gb  - Linker created -
?main                    0x800'5cb9         Code  Gb  cmain.o [5]
Button<GPIOC, (int)13>::IsPressed()
                         0x800'5e7d   0x14  Code  Gb  Timer.o [1]
ButtonPoll<Timer>::ButtonPoll(Button<GPIOC, (int)13> &, OsWrapper::Event &)
                         0x800'4be9    0x6  Code  Gb  main.o [1]
ButtonPoll<Timer>::Poll()
                         0x800'5e55   0x28  Code  Gb  Timer.o [1]
ButtonPoll<Timer>::Poll()::string
                         0x800'6080    0xc  Data  Gb  Timer.o [1]
CSTACK$$Base            0x2000'06b8          --   Gb  - Linker created -
CSTACK$$Limit           0x2000'07b8          --   Gb  - Linker created -
Celsius::Celsius()       0x800'4b99    0xc  Code  Gb  main.o [1]
DtorRecArray            0x2000'04e0    0xc  Data  Lc  cppinit.o [2]
DummyModule::handler()   0x800'5c81    0x2  Code  Gb  startupF411RE.o [1]
Fahrenheit::Fahrenheit()
                         0x800'4bb1    0xc  Code  Gb  main.o [1]
HEAP$$Base              0x2000'07b8          --   Gb  - Linker created -
HEAP$$Limit             0x2000'07b8          --   Gb  - Linker created -
Initialization guard variable for celsius
                        0x2000'04d4    0x1  Data  Gb  main.o [1]
Initialization guard variable for fahrenheit
                        0x2000'04d6    0x1  Data  Gb  main.o [1]
Initialization guard variable for kelvin
                        0x2000'04d5    0x1  Data  Gb  main.o [1]
Initialization guard variable for std::ctype<char> const & std::use_facet<std::ctype<char>>()::_MyFacet
                        0x2000'04db    0x1  Data  Gb  Timer.o [1]
Initialization guard variable for std::num_put<char, std::ostreambuf_iterator<char, std::char_traits<char>>> const & std::use_facet<std::num_put<char, std::ostreambuf_iterator<char, std::char_traits<char>>>>()::_MyFacet
                        0x2000'04d7    0x1  Data  Gb  main.o [1]
Initialization guard variable for std::numpunct<char> const & std::use_facet<std::numpunct<char>>()::_MyFacet
                        0x2000'04d8    0x1  Data  Gb  main.o [1]
Initialization guard variable for usartDriver
                        0x2000'04da    0x1  Data  Gb  startupF411RE.o [1]
Kelvin::Kelvin()         0x800'4ba5    0xc  Code  Gb  main.o [1]
OsWrapper::Event::Event(std::chrono::duration<long long, std::ratio<(long long)1, (long long)1000>>, unsigned int)
                         0x800'4bbd   0x2c  Code  Gb  main.o [1]
OsWrapper::Event::~Event()
                         0x800'6037    0xe  Code  Gb  main.o [1]
OsWrapper::RtosWrapper::wCreateEvent(xSTATIC_EVENT_GROUP &)
                         0x800'4fdd    0x8  Code  Gb  main.o [1]
OsWrapper::RtosWrapper::wDeleteEvent(void *&)
                         0x800'6045    0xa  Code  Gb  main.o [1]
Region$$Table$$Base      0x800'5f20          --   Gb  - Linker created -
Region$$Table$$Limit     0x800'5f48          --   Gb  - Linker created -
SHT$$INIT_ARRAY$$Base    0x800'6014          --   Gb  - Linker created -
SHT$$INIT_ARRAY$$Limit   0x800'6020          --   Gb  - Linker created -
SHT$$PREINIT_ARRAY$$Base
                         0x800'6010          --   Gb  - Linker created -
SHT$$PREINIT_ARRAY$$Limit
                         0x800'6014          --   Gb  - Linker created -
SMBus::ReadWord(unsigned char)
                         0x800'4efd   0xc0  Code  Gb  main.o [1]
Timer::InterruptHandler()
                         0x800'6001   0x10  Code  Gb  Timer.o [1]
USARTDriver<Usart2>::OnNextByteTransmit()
                         0x800'5d75   0x2e  Code  Gb  startupF411RE.o [1]
USARTDriver<Usart2>::USARTDriver()
                         0x800'4b8b    0xc  Code  Gb  startupF411RE.o [1]
Uart::interruptHandler()
                         0x800'5ff1   0x10  Code  Gb  startupF411RE.o [1]
Usart<USART2>::InterruptDisable()
                         0x800'5db9    0x8  Code  Gb  startupF411RE.o [1]
Usart<USART2>::TransmitDisable()
                         0x800'5db1    0x8  Code  Gb  startupF411RE.o [1]
Usart<USART2>::WriteByte(unsigned char)
                         0x800'5da7    0xa  Code  Gb  startupF411RE.o [1]
Virtual function table for Celsius
                         0x800'605c    0xc  Data  Gb  main.o [1]
Virtual function table for Fahrenheit
                         0x800'6074    0xc  Data  Gb  main.o [1]
Virtual function table for Kelvin
                         0x800'6068    0xc  Data  Gb  main.o [1]
Virtual function table for std::_Wrap_facet<std::ctype<char>>
                         0x800'5fc0   0x10  Data  Gb  Timer.o [1]
Virtual function table for std::_Wrap_facet<std::num_put<char, std::ostreambuf_iterator<char, std::char_traits<char>>>>
                         0x800'5d44   0x30  Data  Gb  main.o [1]
Virtual function table for std::_Wrap_facet<std::numpunct<char>>
                         0x800'5ec0   0x24  Data  Gb  main.o [1]
Virtual function table for std::__nobasic_filebuf<char, std::char_traits<char>>
                         0x800'5ad4   0x44  Data  Gb  iostream_cout.o [3]
Virtual function table for std::ctype<char>
                         0x800'5fb0   0x10  Data  Gb  Timer.o [1]
Virtual function table for std::ios
                         0x800'5fe0   0x10  Data  Gb  iostream_cout.o [3]
Virtual function table for std::ios_base
                         0x800'5fd0   0x10  Data  Gb  ios.o [3]
Virtual function table for std::num_put<char, std::ostreambuf_iterator<char, std::char_traits<char>>>
                         0x800'5d14   0x30  Data  Gb  main.o [1]
Virtual function table for std::numpunct<char>
                         0x800'5e9c   0x24  Data  Gb  main.o [1]
Virtual function table for std::ostream
                         0x800'5e2c   0x28  Data  Gb  iostream_cout.o [3]
Virtual function table for std::streambuf
                         0x800'5a90   0x44  Data  Gb  iostream_cout.o [3]
[local to ios_cpp]::std::stdopens
                        0x2000'03c0    0xc  Data  Lc  ios.o [3]
[local to ios_cpp]::std::stdstr
                        0x2000'03cc   0x28  Data  Lc  ios.o [3]
[local to iostream_cout_cpp]::std::__iarcoutguard
                        0x2000'0318    0x1  Data  Lc  iostream_cout.o [3]
[local to iostream_cout_cpp]::std::fout
                        0x2000'031c   0x40  Data  Lc  iostream_cout.o [3]
_LitobFullNoMb           0x800'2511  0x10a  Code  Lc  xprintffull_nomb.o [2]
_PrintfFullNoMb          0x800'176d  0xd80  Code  Gb  xprintffull_nomb.o [2]
_PutcharFullNoMb         0x800'2681   0x20  Code  Lc  xprintffull_nomb.o [2]
_PutcharsFullNoMb        0x800'26a1   0x2e  Code  Lc  xprintffull_nomb.o [2]
_SProut                  0x800'275b    0xa  Code  Gb  xsprout.o [2]
__aeabi_assert           0x800'4fe5   0x24  Code  Gb  ABIassert.o [6]
__aeabi_atexit           0x800'3d71    0xa  Code  Gb  cxxabi.o [3]
__aeabi_cdcmpeq          0x800'542d         Code  Gb  DblCmpEq.o [4]
__aeabi_cdcmple          0x800'2951         Code  Gb  DblCmpLe.o [4]
__aeabi_cdrcmple         0x800'2981         Code  Gb  DblCmpGe.o [4]
__aeabi_d2iz             0x800'2aed         Code  Gb  DblToS32.o [4]
__aeabi_d2uiz            0x800'2e79         Code  Gb  DblToU32.o [4]
__aeabi_ddiv             0x800'2c31         Code  Gb  DblDiv.o [4]
__aeabi_dmul             0x800'2ebd         Code  Gb  DblMul.o [4]
__aeabi_dsub             0x800'2b4d         Code  Gb  DblSub.o [4]
__aeabi_f2d              0x800'5209         Code  Gb  FltToDbl.o [4]
__aeabi_i2d              0x800'2b29         Code  Gb  S32ToDbl.o [4]
__aeabi_ldiv0            0x800'3441         Code  Gb  I64DivZer.o [5]
__aeabi_ldivmod          0x800'3061         Code  Gb  I64DivMod.o [5]
__aeabi_memcpy           0x800'2839         Code  Gb  ABImemcpy.o [5]
__aeabi_memcpy4          0x800'2859         Code  Gb  ABImemcpy.o [5]
__aeabi_memcpy8          0x800'2859         Code  Gb  ABImemcpy.o [5]
__aeabi_memmove          0x800'40c5         Code  Gb  ABImemmove.o [5]
__aeabi_memmove4         0x800'40c5         Code  Gb  ABImemmove.o [5]
__aeabi_memmove8         0x800'40c5         Code  Gb  ABImemmove.o [5]
__aeabi_memset           0x800'4271         Code  Gb  ABImemset.o [5]
__aeabi_ui2d             0x800'2ea1         Code  Gb  U32ToDbl.o [4]
__aeabi_uldivmod         0x800'30a5         Code  Gb  I64DivMod.o [5]
__call_ctors             0x800'3f35   0x18  Code  Gb  cppinit.o [2]
__call_dtors             0x800'3f83    0xc  Code  Gb  cppinit.o [2]
__call_dtors0            0x800'3f8f   0x36  Code  Gb  cppinit.o [2]
__cexit_call_dtors       0x800'5d07         Code  Gb  cexit.o [5]
__cmain                  0x800'5cb9         Code  Gb  cmain.o [5]
__cstart_call_dtors      0x800'60d8         Data  Gb  cstart_call_dtors.o [5]
__cxa_atexit             0x800'3f4d   0x36  Code  Gb  cppinit.o [2]
__data_GetMemChunk       0x800'1675   0x2c  Code  Gb  xgetmemchunk.o [2]
__data_GetMemChunk::start
                        0x2000'04cc    0x4  Data  Lc  xgetmemchunk.o [2]
__dso_handle            0x2000'04c4    0x4  Data  Gb  cppinit.o [2]
__dwrite                 0x800'5c01   0x1e  Code  Gb  dwrite.o [6]
__exit                   0x800'16a1   0x14  Code  Gb  exit.o [6]
__iar_Fail_s             0x800'2765   0x1c  Code  Gb  xfail_s.o [2]
__iar_Memchr             0x800'27e1         Code  Gb  memchr.o [5]
__iar_Memset             0x800'4271         Code  Gb  ABImemset.o [5]
__iar_Memset_word        0x800'4279         Code  Gb  ABImemset.o [5]
__iar_Strchr             0x800'2745         Code  Gb  strchr.o [5]
__iar_close_ttio         0x800'16b5   0x2c  Code  Gb  iarttio.o [6]
__iar_copy_init3         0x800'2717   0x2e  Code  Gb  copy_init3.o [5]
__iar_cstart_call_ctors
                         0x800'5f49   0x20  Code  Gb  cmain_call_ctors.o [5]
__iar_dadd               0x800'2b5d         Code  Gb  DblSub.o [4]
__iar_data_init3         0x800'5cd9   0x28  Code  Gb  data_init.o [5]
__iar_debug_exceptions   0x800'2b26    0x1  Data  Gb  unwind_debug.o [6]
__iar_dlfree             0x800'110f  0x51e  Code  Gb  dlmalloc.o [2]
__iar_dlmalloc           0x800'0221  0xeee  Code  Gb  dlmalloc.o [2]
__iar_dsub               0x800'32d5         Code  Gb  DblAdd.o [4]
__iar_dsubStart          0x800'32e7         Code  Gb  DblAdd.o [4]
__iar_frexp              0x800'28ed         Code  Gb  frexp.o [4]
__iar_frexpl             0x800'28ed         Code  Gb  frexp.o [4]
__iar_get_ttio           0x800'16e1   0x4c  Code  Gb  iarttio.o [6]
__iar_init_vfp           0x800'5c95         Code  Gb  fpinit_M.o [4]
__iar_ldexp64            0x800'29b1         Code  Gb  ldexp.o [4]
__iar_lookup_ttioh       0x800'175f    0x4  Code  Gb  XShttio.o [2]
__iar_program_start      0x800'5c83   0x10  Code  Gb  startupF411RE.o [1]
__iar_scalbln64          0x800'29b1         Code  Gb  ldexp.o [4]
__iar_scalbn64           0x800'29b1         Code  Gb  ldexp.o [4]
__iar_sh_stdout          0x800'5c1f   0x20  Code  Gb  iarwstd.o [6]
__iar_sh_write           0x800'5c3f   0x22  Code  Gb  iarwrite.o [6]
__iar_softfp___iar_frexp64
                         0x800'28e1         Code  Gb  frexp.o [4]
__iar_softfp_frexp       0x800'28e1         Code  Gb  frexp.o [4]
__iar_softfp_frexpl      0x800'28e1         Code  Gb  frexp.o [4]
__iar_tls$$INIT_ARRAY$$Base
                         0x800'6020          --   Gb  - Linker created -
__iar_tls$$INIT_ARRAY$$Limit
                         0x800'6020          --   Gb  - Linker created -
__iar_ttio_guard_lock    0x800'1731   0x1e  Code  Gb  XShttio.o [2]
__iar_ttio_guard_unlock
                         0x800'174f   0x10  Code  Gb  XShttio.o [2]
__iar_ttio_handles      0x2000'0004    0x8  Data  Lc  XShttio.o [2]
__iar_zero_init3         0x800'163b   0x3a  Code  Gb  zero_init3.o [5]
__low_level_init         0x800'4ac5   0xbc  Code  Gb  main.o [1]
__sti__routine           0x800'49f1   0x9a  Code  Lc  main.o [1]
__sti__routine           0x800'5c61   0x16  Code  Lc  startupF411RE.o [1]
__sti__routine           0x800'47f7    0xa  Code  Lc  ios.o [3]
__sti__routine           0x800'5741   0x90  Code  Lc  iostream_cout.o [3]
__vector_table           0x800'0000  0x198  Data  Gb  startupF411RE.o [1]
__write                  0x800'5bf1   0x10  Code  Gb  write.o [6]
_call_main               0x800'5cc5         Code  Gb  cmain.o [5]
_exit                    0x800'5d05         Code  Gb  cexit.o [5]
_gm_                    0x2000'000c  0x1d8  Data  Lc  dlmalloc.o [2]
_main                    0x800'5cd3         Code  Gb  cmain.o [5]
abort                    0x800'1635    0x6  Code  Gb  abort.o [2]
bool FieldValueBase<I2C1_SR1_ADDR_Values<I2C1::SR1, (unsigned int)1, (unsigned int)1, ReadMode, I2C1::I2C1SR1Base>, I2C1::I2C1SR1Base, (unsigned int)0>::IsSet<ReadMode, void>()
                         0x800'5055   0x18  Code  Gb  main.o [1]
bool FieldValueBase<I2C1_SR1_BTF_Values<I2C1::SR1, (unsigned int)2, (unsigned int)1, ReadMode, I2C1::I2C1SR1Base>, I2C1::I2C1SR1Base, (unsigned int)0>::IsSet<ReadMode, void>()
                         0x800'50b1   0x18  Code  Gb  main.o [1]
bool FieldValueBase<I2C1_SR1_SB_Values<I2C1::SR1, (unsigned int)0, (unsigned int)1, ReadMode, I2C1::I2C1SR1Base>, I2C1::I2C1SR1Base, (unsigned int)0>::IsSet<ReadMode, void>()
                         0x800'5029   0x14  Code  Gb  main.o [1]
bool FieldValueBase<I2C1_SR1_TxE_Values<I2C1::SR1, (unsigned int)7, (unsigned int)1, ReadMode, I2C1::I2C1SR1Base>, I2C1::I2C1SR1Base, (unsigned int)0>::IsSet<ReadMode, void>()
                         0x800'5079   0x18  Code  Gb  main.o [1]
bool FieldValueBase<RCC_CFGR_SWS_Values<RCC::CFGR, (unsigned int)2, (unsigned int)2, ReadMode, RCC::RCCCFGRBase>, RCC::RCCCFGRBase, (unsigned int)0>::IsSet<ReadMode, void>()
                         0x800'4c21   0x18  Code  Gb  main.o [1]
bool FieldValueBase<RCC_CR_HSIRDY_Values<RCC::CR, (unsigned int)1, (unsigned int)1, ReadMode, RCC::RCCCRBase>, RCC::RCCCRBase, (unsigned int)1>::IsSet<ReadMode, void>()
                         0x800'4c01   0x10  Code  Gb  main.o [1]
button                  0x2000'04d9    0x1  Data  Gb  main.o [1]
buttonPoll              0x2000'0488    0x8  Data  Gb  main.o [1]
celsius                 0x2000'0470    0x8  Data  Gb  main.o [1]
char * && std::forward<char *>(std::remove_reference<char *>::type &)
                         0x800'43ad    0x2  Code  Gb  main.o [1]
char * std::_Addressof<char>(char &, std::integral_constant<bool, (bool)0>)
                         0x800'4203    0x2  Code  Gb  main.o [1]
char * std::_Allocate<char>(unsigned int, char *, bool)
                         0x800'4427   0x12  Code  Gb  main.o [1]
char * std::_Maklocstr<char>(char const *, char *)
                         0x800'43d3   0x34  Code  Gb  main.o [1]
char * std::addressof<char>(char &)
                         0x800'3eef    0x8  Code  Gb  main.o [1]
char std::_Maklocchr<char>(char, char *)
                         0x800'4391    0x4  Code  Gb  main.o [1]
const std::allocator<char>& && std::forward<const std::allocator<char>&>(std::remove_reference<const std::allocator<char>&>::type &)
                         0x800'4303    0x2  Code  Gb  main.o [1]
event                   0x2000'03f4   0x24  Data  Gb  main.o [1]
exit                     0x800'5d01    0x4  Code  Gb  exit.o [2]
fahrenheit              0x2000'0480    0x8  Data  Gb  main.o [1]
free                     0x800'4459    0x4  Code  Gb  heaptramp0.o [2]
init_mparams             0x800'01b3   0x2c  Code  Lc  dlmalloc.o [2]
init_top                 0x800'01df   0x34  Code  Lc  dlmalloc.o [2]
kelvin                  0x2000'0478    0x8  Data  Gb  main.o [1]
ldexp                    0x800'29b1         Code  Gb  ldexp.o [4]
ldexpl                   0x800'29b1         Code  Gb  ldexp.o [4]
main                     0x800'4b81    0xa  Code  Gb  main.o [1]
memchr                   0x800'27e1         Code  Gb  memchr.o [5]
mparams                 0x2000'0418   0x18  Data  Lc  dlmalloc.o [2]
next_abi_dtor_rec       0x2000'04c0    0x4  Data  Lc  cppinit.o [2]
operator delete (void *)
                         0x800'43c9    0xa  Code  Gb  delop_0.o [3]
operator delete (void *, unsigned int)
                         0x800'495d    0x4  Code  Gb  delop4_0.o [3]
operator delete[] (void *)
                         0x800'5f99    0x4  Code  Gb  delaop_0.o [3]
operator new (unsigned int)
                         0x800'445d   0x24  Code  Gb  newop_0.o [3]
operator new (unsigned int, void *)
                         0x800'4481    0x4  Code  Gb  main.o [1]
prvResetNextTaskUnblockTime
                         0x800'36bb   0x28  Code  Lc  tasks.o [1]
putchar                  0x800'5bd1   0x20  Code  Gb  putchar.o [2]
pxCurrentTCB            0x2000'0490    0x4  Data  Gb  tasks.o [1]
pxDelayedTaskList       0x2000'0494    0x4  Data  Lc  tasks.o [1]
pxOverflowDelayedTaskList
                        0x2000'0498    0x4  Data  Lc  tasks.o [1]
pxReadyTasksLists       0x2000'035c   0x64  Data  Lc  tasks.o [1]
scalbln                  0x800'29b1         Code  Gb  ldexp.o [4]
scalblnl                 0x800'29b1         Code  Gb  ldexp.o [4]
scalbn                   0x800'29b1         Code  Gb  ldexp.o [4]
scalbnl                  0x800'29b1         Code  Gb  ldexp.o [4]
scale                    0x800'261b   0x46  Code  Lc  xprintffull_nomb.o [2]
sec_hand                0x2000'04d0    0x4  Data  Lc  xfail_s.o [2]
segment_holding          0x800'0199   0x1a  Code  Lc  dlmalloc.o [2]
sprintf                  0x800'5521   0x40  Code  Gb  sprintf.o [2]
std::_Compressed_pair<std::_Wrap_alloc<std::allocator<char>>, std::_String_val<std::_Simple_types<char>>, (bool)1>::_Compressed_pair<const std::allocator<char>&, >(std::_One_then_variadic_args_t, const std::allocator<char>& &&,  &&...)
                         0x800'41dd   0x1c  Code  Gb  main.o [1]
std::_Compressed_pair<std::_Wrap_alloc<std::allocator<char>>, std::_String_val<std::_Simple_types<char>>, (bool)1>::_Get_first()
                         0x800'41f9    0x2  Code  Gb  main.o [1]
std::_Compressed_pair<std::_Wrap_alloc<std::allocator<char>>, std::_String_val<std::_Simple_types<char>>, (bool)1>::_Get_first() const
                         0x800'4395    0x2  Code  Gb  main.o [1]
std::_Compressed_pair<std::_Wrap_alloc<std::allocator<char>>, std::_String_val<std::_Simple_types<char>>, (bool)1>::_Get_second()
                         0x800'4211    0x2  Code  Gb  main.o [1]
std::_Compressed_pair<std::_Wrap_alloc<std::allocator<char>>, std::_String_val<std::_Simple_types<char>>, (bool)1>::_Get_second() const
                         0x800'42d7    0x2  Code  Gb  main.o [1]
std::_Fpz               0x2000'0460   0x10  Data  Gb  ios.o [3]
std::_NomemoryNothrow()
                         0x800'4485    0x4  Code  Gb  nomemory.o [3]
std::_String_alloc<std::_String_base_types<char, std::allocator<char>>>::_Bx()
                         0x800'3ed7    0x8  Code  Gb  main.o [1]
std::_String_alloc<std::_String_base_types<char, std::allocator<char>>>::_Get_data()
                         0x800'3f11    0x8  Code  Gb  main.o [1]
std::_String_alloc<std::_String_base_types<char, std::allocator<char>>>::_Get_data() const
                         0x800'4171    0x8  Code  Gb  main.o [1]
std::_String_alloc<std::_String_base_types<char, std::allocator<char>>>::_Getal()
                         0x800'3edf    0x8  Code  Gb  main.o [1]
std::_String_alloc<std::_String_base_types<char, std::allocator<char>>>::_Getal() const
                         0x800'423d    0x8  Code  Gb  main.o [1]
std::_String_alloc<std::_String_base_types<char, std::allocator<char>>>::_Myptr()
                         0x800'3d4d    0xc  Code  Gb  main.o [1]
std::_String_alloc<std::_String_base_types<char, std::allocator<char>>>::_Myptr() const
                         0x800'3e63    0xc  Code  Gb  main.o [1]
std::_String_alloc<std::_String_base_types<char, std::allocator<char>>>::_Myres()
                         0x800'3ecd    0xa  Code  Gb  main.o [1]
std::_String_alloc<std::_String_base_types<char, std::allocator<char>>>::_Mysize()
                         0x800'3d7b    0xa  Code  Gb  main.o [1]
std::_String_alloc<std::_String_base_types<char, std::allocator<char>>>::_Mysize() const
                         0x800'3e6f    0xa  Code  Gb  main.o [1]
std::_String_alloc<std::_String_base_types<char, std::allocator<char>>>::_String_alloc(const std::allocator<char>&)
                         0x800'3eb5   0x18  Code  Gb  main.o [1]
std::_String_alloc<std::_String_base_types<char, std::allocator<char>>>::_String_alloc(const std::allocator<char>&) [subobject]
                         0x800'3c91    0x8  Code  Gb  main.o [1]
std::_String_val<std::_Simple_types<char>>::_Myptr()
                         0x800'3f19   0x12  Code  Gb  main.o [1]
std::_String_val<std::_Simple_types<char>>::_Myptr() const
                         0x800'4179   0x12  Code  Gb  main.o [1]
std::_String_val<std::_Simple_types<char>>::_String_val()
                         0x800'430d    0xa  Code  Gb  main.o [1]
std::_Wrap_alloc<std::allocator<char>>::_Wrap_alloc(const std::allocator<char>&)
                         0x800'43c7    0x2  Code  Gb  main.o [1]
std::_Wrap_alloc<std::allocator<char>>::_Wrap_alloc(const std::allocator<char>&) [subobject]
                         0x800'4305    0x8  Code  Gb  main.o [1]
std::_Wrap_alloc<std::allocator<char>>::allocate(unsigned int)
                         0x800'424d    0x8  Code  Gb  main.o [1]
std::_Wrap_alloc<std::allocator<char>>::deallocate(char *, unsigned int)
                         0x800'3f09    0x8  Code  Gb  main.o [1]
std::_Wrap_alloc<std::allocator<char>>::max_size(std::_Nil) const
                         0x800'4245    0x8  Code  Gb  main.o [1]
std::_Wrap_facet<std::ctype<char>>::_Wrap_facet()
                         0x800'3c79   0x18  Code  Gb  Timer.o [1]
std::_Wrap_facet<std::num_put<char, std::ostreambuf_iterator<char, std::char_traits<char>>>>::_Wrap_facet()
                         0x800'526d   0x18  Code  Gb  main.o [1]
std::_Wrap_facet<std::numpunct<char>>::_Wrap_facet()
                         0x800'3d59   0x18  Code  Gb  main.o [1]
std::_Wrap_facet<std::numpunct<char>>::~_Wrap_facet()
                         0x800'6021    0xe  Code  Gb  main.o [1]
std::__iar_New_hand     0x2000'04c8    0x4  Data  Gb  new.o [3]
std::__iar_cout_guard::~__iar_cout_guard()
                         0x800'5f9d   0x14  Code  Gb  iostream_cout.o [3]
std::__nobasic_filebuf<char, std::char_traits<char>>::__nobasic_filebuf()
                         0x800'57d1   0x5c  Code  Gb  iostream_cout.o [3]
std::__nobasic_filebuf<char, std::char_traits<char>>::overflow(int)
                         0x800'5b99   0x38  Code  Gb  iostream_cout.o [3]
std::allocator<char>::allocate(unsigned int)
                         0x800'439f    0xe  Code  Gb  main.o [1]
std::allocator<char>::deallocate(char *, unsigned int)
                         0x800'4205    0xc  Code  Gb  main.o [1]
std::allocator<char>::max_size() const
                         0x800'4421    0x6  Code  Gb  main.o [1]
std::allocator_traits<std::allocator<char>>::max_size(const std::allocator<char>&)
                         0x800'4397    0x8  Code  Gb  main.o [1]
std::array<unsigned char, (unsigned int)255>::operator [](unsigned int)
                         0x800'5da3    0x4  Code  Gb  startupF411RE.o [1]
std::char_traits<char>::assign(char &, char const &)
                         0x800'415b    0x6  Code  Gb  main.o [1]
std::char_traits<char>::assign(char *, unsigned int, char)
                         0x800'4161   0x10  Code  Gb  main.o [1]
std::char_traits<char>::copy(char *, char const *, unsigned int)
                         0x800'3ef7   0x12  Code  Gb  main.o [1]
std::char_traits<char>::eq_int_type(int const &, int const &)
                         0x800'41bd   0x12  Code  Gb  Timer.o [1]
std::char_traits<char>::length(char const *)
                         0x800'463b   0x12  Code  Gb  Timer.o [1]
std::char_traits<char>::move(char *, char const *, unsigned int)
                         0x800'3dff   0x12  Code  Gb  main.o [1]
std::char_traits<char>::to_int_type(char const &)
                         0x800'42ff    0x4  Code  Gb  Timer.o [1]
std::chrono::duration<long long, std::ratio<(long long)1, (long long)1000>>::count() const
                         0x800'519b    0x6  Code  Gb  main.o [1]
std::chrono::duration<unsigned int, std::ratio<(long long)10, (long long)1000>>::count() const
                         0x800'4fd9    0x4  Code  Gb  main.o [1]
std::chrono::duration<unsigned int, std::ratio<(long long)10, (long long)1000>>::duration<unsigned int, void>(unsigned int const &)
                         0x800'51a1    0x6  Code  Gb  main.o [1]
std::cout               0x2000'02ec   0x2c  Data  Gb  iostream_cout.o [3]
std::ctype<char> const & std::use_facet<std::ctype<char>>()
                         0x800'3a95   0x20  Code  Gb  Timer.o [1]
std::ctype<char> const & std::use_facet<std::ctype<char>>()::_MyFacet
                        0x2000'04bc    0x4  Data  Gb  Timer.o [1]
std::ctype<char>::ctype()
                         0x800'41d1    0xc  Code  Gb  Timer.o [1]
std::ctype<char>::ctype() [subobject]
                         0x800'3eab    0x8  Code  Gb  Timer.o [1]
std::ctype<char>::widen(char const *, char const *, char *) const
                         0x800'3af1   0x12  Code  Gb  main.o [1]
std::ctype<char>::widen(char) const
                         0x800'3ab5    0x6  Code  Gb  Timer.o [1]
std::enable_if<std::chrono::_Is_duration<std::chrono::duration<unsigned int, std::ratio<(long long)10, (long long)1000>>>::value, std::chrono::duration<unsigned int, std::ratio<(long long)10, (long long)1000>>>::type std::chrono::duration_cast<std::chrono::duration<unsigned int, std::ratio<(long long)10, (long long)1000>>, long long, std::ratio<(long long)1, (long long)1000>>(std::chrono::duration<long long, std::ratio<(long long)1, (long long)1000>> const &)
                         0x800'4fbd   0x1c  Code  Gb  main.o [1]
std::ios::clear(std::_Iosb<int>::_Iostate, bool)
                         0x800'478d   0x18  Code  Gb  Timer.o [1]
std::ios::fill() const   0x800'46cb    0x6  Code  Gb  Timer.o [1]
std::ios::rdbuf() const
                         0x800'46d1    0x4  Code  Gb  Timer.o [1]
std::ios::setstate(std::_Iosb<int>::_Iostate, bool)
                         0x800'46df   0x28  Code  Gb  Timer.o [1]
std::ios::tie() const    0x800'4731    0x4  Code  Gb  Timer.o [1]
std::ios::widen(char) const
                         0x800'5e1b   0x12  Code  Gb  Timer.o [1]
std::ios_base::_Addstd(std::ios_base*)
                         0x800'4861   0x36  Code  Gb  ios.o [3]
std::ios_base::_Callfns(std::ios_base::event)
                         0x800'4845   0x1c  Code  Gb  ios.o [3]
std::ios_base::_Init()   0x800'48a5   0x1c  Code  Gb  ios.o [3]
std::ios_base::_Tidy()   0x800'48c1   0x38  Code  Gb  ios.o [3]
std::ios_base::clear(std::_Iosb<int>::_Iostate, bool)
                         0x800'4801   0x20  Code  Gb  ios.o [3]
std::ios_base::flags() const
                         0x800'3a69    0x4  Code  Gb  Timer.o [1]
std::ios_base::good() const
                         0x800'471d   0x14  Code  Gb  Timer.o [1]
std::ios_base::precision() const
                         0x800'5429    0x4  Code  Gb  main.o [1]
std::ios_base::rdstate() const
                         0x800'4789    0x4  Code  Gb  Timer.o [1]
std::ios_base::width() const
                         0x800'3bff    0x4  Code  Gb  Timer.o [1]
std::ios_base::width(int)
                         0x800'3c5f    0x8  Code  Gb  Timer.o [1]
std::ios_base::~ios_base()
                         0x800'4821   0x24  Code  Gb  ios.o [3]
std::ios_base::~ios_base() [subobject]
                         0x800'47f5    0x2  Code  Gb  ios.o [3]
std::num_put<char, std::ostreambuf_iterator<char, std::char_traits<char>>> const & std::use_facet<std::num_put<char, std::ostreambuf_iterator<char, std::char_traits<char>>>>()
                         0x800'51e1   0x20  Code  Gb  main.o [1]
std::num_put<char, std::ostreambuf_iterator<char, std::char_traits<char>>> const & std::use_facet<std::num_put<char, std::ostreambuf_iterator<char, std::char_traits<char>>>>()::_MyFacet
                        0x2000'0458    0x4  Data  Gb  main.o [1]
std::num_put<char, std::ostreambuf_iterator<char, std::char_traits<char>>>::_Ffmt(char *, char, std::_Iosb<int>::_Fmtflags) const
                         0x800'544d   0xd2  Code  Gb  main.o [1]
std::num_put<char, std::ostreambuf_iterator<char, std::char_traits<char>>>::_Fput(std::ostreambuf_iterator<char, std::char_traits<char>>, std::ios_base &, char, char const *, unsigned int, unsigned int, unsigned int, unsigned int) const
                         0x800'37bd  0x2ac  Code  Gb  main.o [1]
std::num_put<char, std::ostreambuf_iterator<char, std::char_traits<char>>>::_Fput(std::ostreambuf_iterator<char, std::char_traits<char>>, std::ios_base &, char, char const *, unsigned int, unsigned int, unsigned int, unsigned int) const::string
                         0x800'60b4    0x4  Data  Gb  main.o [1]
std::num_put<char, std::ostreambuf_iterator<char, std::char_traits<char>>>::_Fput(std::ostreambuf_iterator<char, std::char_traits<char>>, std::ios_base &, char, char const *, unsigned int, unsigned int, unsigned int, unsigned int) const::string (instance 2)
                         0x800'60c8    0x4  Data  Gb  main.o [1]
std::num_put<char, std::ostreambuf_iterator<char, std::char_traits<char>>>::_Put(std::ostreambuf_iterator<char, std::char_traits<char>>, char const *, unsigned int) const
                         0x800'3c31   0x2e  Code  Gb  main.o [1]
std::num_put<char, std::ostreambuf_iterator<char, std::char_traits<char>>>::_Rep(std::ostreambuf_iterator<char, std::char_traits<char>>, char, unsigned int) const
                         0x800'3c03   0x2e  Code  Gb  main.o [1]
std::num_put<char, std::ostreambuf_iterator<char, std::char_traits<char>>>::do_put(std::ostreambuf_iterator<char, std::char_traits<char>>, std::ios_base &, char, double) const
                         0x800'5299  0x190  Code  Gb  main.o [1]
std::num_put<char, std::ostreambuf_iterator<char, std::char_traits<char>>>::num_put()
                         0x800'528d    0xc  Code  Gb  main.o [1]
std::num_put<char, std::ostreambuf_iterator<char, std::char_traits<char>>>::num_put() [subobject]
                         0x800'5285    0x8  Code  Gb  main.o [1]
std::num_put<char, std::ostreambuf_iterator<char, std::char_traits<char>>>::put(std::ostreambuf_iterator<char, std::char_traits<char>>, std::ios_base &, char, double) const
                         0x800'5251   0x18  Code  Gb  main.o [1]
std::numpunct<char> const & std::use_facet<std::numpunct<char>>()
                         0x800'3b05   0x30  Code  Gb  main.o [1]
std::numpunct<char> const & std::use_facet<std::numpunct<char>>()::_MyFacet
                        0x2000'0430   0x14  Data  Gb  main.o [1]
std::numpunct<char>::_Init(bool)
                         0x800'4321   0x70  Code  Gb  main.o [1]
std::numpunct<char>::_Init(bool)::string
                         0x800'2aea    0x1  Data  Gb  main.o [1]
std::numpunct<char>::_Init(bool)::string (instance 2)
                         0x800'60a4    0x8  Data  Gb  main.o [1]
std::numpunct<char>::_Init(bool)::string (instance 3)
                         0x800'60ac    0x8  Data  Gb  main.o [1]
std::numpunct<char>::_Tidy()
                         0x800'5f81   0x18  Code  Gb  main.o [1]
std::numpunct<char>::decimal_point() const
                         0x800'3bdf    0xa  Code  Gb  main.o [1]
std::numpunct<char>::do_decimal_point() const
                         0x800'60cd    0x4  Code  Gb  main.o [1]
std::numpunct<char>::do_grouping() const
                         0x800'6099    0xa  Code  Gb  main.o [1]
std::numpunct<char>::do_thousands_sep() const
                         0x800'60d1    0x4  Code  Gb  main.o [1]
std::numpunct<char>::grouping() const
                         0x800'3b35    0xa  Code  Gb  main.o [1]
std::numpunct<char>::numpunct()
                         0x800'4215   0x28  Code  Gb  main.o [1]
std::numpunct<char>::numpunct() [subobject]
                         0x800'3f2b    0x8  Code  Gb  main.o [1]
std::numpunct<char>::thousands_sep() const
                         0x800'3b3f    0xa  Code  Gb  main.o [1]
std::numpunct<char>::~numpunct()
                         0x800'5f69   0x18  Code  Gb  main.o [1]
std::numpunct<char>::~numpunct() [subobject]
                         0x800'602f    0x8  Code  Gb  main.o [1]
std::operator &(std::_Iosb<int>::_Fmtflags, std::_Iosb<int>::_Fmtflags)
                         0x800'3a6d    0x6  Code  Gb  Timer.o [1]
std::operator |=(std::_Iosb<int>::_Iostate &, std::_Iosb<int>::_Iostate)
                         0x800'46c3    0x8  Code  Gb  Timer.o [1]
std::ostream & std::endl<char, std::char_traits<char>>(std::ostream &)
                         0x800'5ded   0x2e  Code  Gb  Timer.o [1]
std::ostream & std::operator <<<std::char_traits<char>>(std::ostream &, char const *)
                         0x800'4489  0x1b2  Code  Gb  Timer.o [1]
std::ostream::_Flush_sentry::_Flush_sentry(std::ostream&)
                         0x800'47ad   0x28  Code  Gb  Timer.o [1]
std::ostream::_Flush_sentry::_Flush_sentry(std::ostream&) [subobject]
                         0x800'4715    0x8  Code  Gb  Timer.o [1]
std::ostream::_Flush_sentry::operator bool() const
                         0x800'46bf    0x4  Code  Gb  Timer.o [1]
std::ostream::_Flush_sentry::~_Flush_sentry()
                         0x800'47df   0x14  Code  Gb  Timer.o [1]
std::ostream::_Flush_sentry::~_Flush_sentry() [subobject]
                         0x800'47a5    0x8  Code  Gb  Timer.o [1]
std::ostream::_Osfx()    0x800'4901   0x54  Code  Gb  Timer.o [1]
std::ostream::_Sentry_base::_Sentry_base(std::ostream&)
                         0x800'4961   0x48  Code  Gb  Timer.o [1]
std::ostream::_Sentry_base::_Sentry_base(std::ostream&) [subobject]
                         0x800'48f9    0x8  Code  Gb  Timer.o [1]
std::ostream::_Sentry_base::~_Sentry_base()
                         0x800'49a9   0x46  Code  Gb  Timer.o [1]
std::ostream::_Sentry_base::~_Sentry_base() [subobject]
                         0x800'4955    0x8  Code  Gb  Timer.o [1]
std::ostream::flush()    0x800'4735   0x54  Code  Gb  Timer.o [1]
std::ostream::operator <<(float)
                         0x800'50e5   0xb0  Code  Gb  main.o [1]
std::ostream::operator <<(std::ostream&(*)(std::ostream&))
                         0x800'5195    0x6  Code  Gb  Timer.o [1]
std::ostream::put(char)
                         0x800'5937   0x76  Code  Gb  Timer.o [1]
std::ostream::sentry::sentry(std::ostream&)
                         0x800'464d   0x72  Code  Gb  Timer.o [1]
std::ostream::sentry::~sentry()
                         0x800'4707    0xe  Code  Gb  Timer.o [1]
std::ostream::~basic_ostream()
                         0x800'604f    0xe  Code  Gb  iostream_cout.o [3]
std::ostreambuf_iterator<char, std::char_traits<char>>::failed() const
                         0x800'5269    0x4  Code  Gb  main.o [1]
std::ostreambuf_iterator<char, std::char_traits<char>>::operator *()
                         0x800'3e79    0x2  Code  Gb  main.o [1]
std::ostreambuf_iterator<char, std::char_traits<char>>::operator ++()
                         0x800'3ea9    0x2  Code  Gb  main.o [1]
std::ostreambuf_iterator<char, std::char_traits<char>>::operator =(char)
                         0x800'3e7b   0x2e  Code  Gb  main.o [1]
std::ostreambuf_iterator<char, std::char_traits<char>>::ostreambuf_iterator(std::streambuf *)
                         0x800'5201    0x8  Code  Gb  main.o [1]
std::remove_reference<char *&>::type && std::move<char *&>(char *& &&)
                         0x800'4255    0x2  Code  Gb  main.o [1]
std::streambuf::_Lock()
                         0x800'297f    0x2  Code  Gb  iostream_cout.o [3]
std::streambuf::_Pnavail() const
                         0x800'42d9   0x18  Code  Gb  Timer.o [1]
std::streambuf::_Pninc()
                         0x800'42f1    0xe  Code  Gb  Timer.o [1]
std::streambuf::_Unlock()
                         0x800'29af    0x2  Code  Gb  iostream_cout.o [3]
std::streambuf::overflow(int)
                         0x800'27db    0x6  Code  Gb  iostream_cout.o [3]
std::streambuf::pubsync()
                         0x800'47d5    0xa  Code  Gb  Timer.o [1]
std::streambuf::sputc(char)
                         0x800'418b   0x32  Code  Gb  Timer.o [1]
std::streambuf::sputn(char const *, int)
                         0x800'46d5    0xa  Code  Gb  Timer.o [1]
std::streambuf::sync()   0x800'60d5    0x4  Code  Gb  iostream_cout.o [3]
std::streambuf::xsputn(char const *, int)
                         0x800'59ad   0x60  Code  Gb  iostream_cout.o [3]
std::string::_Chassign(unsigned int, unsigned int, char)
                         0x800'3e11   0x2a  Code  Gb  main.o [1]
std::string::_Copy(unsigned int, unsigned int)
                         0x800'3fed   0xd6  Code  Gb  main.o [1]
std::string::_Eos(unsigned int)
                         0x800'3e3b   0x28  Code  Gb  main.o [1]
std::string::_Grow(unsigned int, bool)
                         0x800'3d85   0x7a  Code  Gb  main.o [1]
std::string::_Inside(char const *)
                         0x800'5a5f   0x32  Code  Gb  main.o [1]
std::string::_Tidy(bool, unsigned int)
                         0x800'3c99   0x7a  Code  Gb  main.o [1]
std::string::assign(char const *)
                         0x800'5f09   0x18  Code  Gb  main.o [1]
std::string::assign(char const *, unsigned int)
                         0x800'5a0d   0x52  Code  Gb  main.o [1]
std::string::assign(const std::string&, unsigned int, unsigned int)
                         0x800'582d   0x7c  Code  Gb  main.o [1]
std::string::assign(unsigned int, char)
                         0x800'3d13   0x3a  Code  Gb  main.o [1]
std::string::basic_string(char const *)
                         0x800'5ee5   0x24  Code  Gb  main.o [1]
std::string::basic_string(unsigned int, char)
                         0x800'3abb   0x2a  Code  Gb  main.o [1]
std::string::erase(unsigned int)
                         0x800'58a9   0x22  Code  Gb  main.o [1]
std::string::erase(unsigned int, unsigned int)
                         0x800'58cb   0x6c  Code  Gb  main.o [1]
std::string::insert(unsigned int, unsigned int, char)
                         0x800'3b49   0x96  Code  Gb  main.o [1]
std::string::max_size() const
                         0x800'3fd5   0x18  Code  Gb  main.o [1]
std::string::operator [](unsigned int)
                         0x800'3ae5    0xc  Code  Gb  main.o [1]
std::string::operator [](unsigned int) const
                         0x800'3be9    0xc  Code  Gb  main.o [1]
std::string::size() const
                         0x800'3bf5    0xa  Code  Gb  main.o [1]
std::string::~basic_string()
                         0x800'3c67   0x12  Code  Gb  main.o [1]
strchr                   0x800'2745         Code  Gb  strchr.o [5]
strcspn                  0x800'3a73   0x22  Code  Gb  strcspn.o [2]
strlen                   0x800'27a5         Code  Gb  strlen.o [5]
ttio_guard              0x2000'04dc    0x1  Data  Lc  XShttio.o [2]
unsigned int RegisterBase<(unsigned int)1073763344, (unsigned int)32, ReadWriteMode>::Get<ReadWriteMode, void>()
                         0x800'50d9    0xc  Code  Gb  main.o [1]
unsigned int RegisterBase<(unsigned int)1073763348, (unsigned int)32, ReadWriteMode>::Get<ReadWriteMode, void>()
                         0x800'503d    0xc  Code  Gb  main.o [1]
unsigned int RegisterBase<(unsigned int)1073763352, (unsigned int)32, ReadMode>::Get<ReadMode, void>()
                         0x800'506d    0xc  Code  Gb  main.o [1]
unsigned int RegisterBase<(unsigned int)1073874960, (unsigned int)32, ReadMode>::Get<ReadMode, void>()
                         0x800'5e91    0xc  Code  Gb  Timer.o [1]
usartDriver             0x2000'01e4  0x108  Data  Gb  startupF411RE.o [1]
uxCriticalNesting       0x2000'0000    0x4  Data  Lc  port.o [1]
uxCurrentNumberOfTasks  0x2000'049c    0x4  Data  Lc  tasks.o [1]
uxListRemove             0x800'3797   0x26  Code  Gb  list.o [1]
uxPendedTicks           0x2000'04a8    0x4  Data  Lc  tasks.o [1]
uxSchedulerSuspended    0x2000'04b8    0x4  Data  Lc  tasks.o [1]
uxTopReadyPriority      0x2000'04a4    0x4  Data  Lc  tasks.o [1]
vEventGroupDelete        0x800'51bf   0x20  Code  Gb  event_groups.o [1]
vListInitialise          0x800'3761   0x1e  Code  Gb  list.o [1]
vListInsertEnd           0x800'377f   0x18  Code  Gb  list.o [1]
vPortEnableVFP           0x800'55ed         Code  Gb  portasm.o [1]
vPortEnterCritical       0x800'3721   0x22  Code  Gb  port.o [1]
vPortExitCritical        0x800'3743   0x16  Code  Gb  port.o [1]
vPortSVCHandler          0x800'55b9         Code  Gb  portasm.o [1]
vPortStartFirstTask      0x800'55d5         Code  Gb  portasm.o [1]
vTaskSuspendAll          0x800'3445    0xc  Code  Gb  tasks.o [1]
vTaskSwitchContext       0x800'3607   0x58  Code  Gb  tasks.o [1]
void FieldValueBase<GPIOB_AFRL_AFRL7_Values<GPIOB::AFRH, (unsigned int)0, (unsigned int)4, ReadWriteMode, GPIOB::GPIOBAFRHBase>, GPIOB::GPIOBAFRHBase, (unsigned int)4>::Set<ReadWriteMode, void>()
                         0x800'4d51   0x14  Code  Gb  main.o [1]
void FieldValueBase<GPIOB_AFRL_AFRL7_Values<GPIOB::AFRH, (unsigned int)4, (unsigned int)4, ReadWriteMode, GPIOB::GPIOBAFRHBase>, GPIOB::GPIOBAFRHBase, (unsigned int)4>::Set<ReadWriteMode, void>()
                         0x800'4d65   0x14  Code  Gb  main.o [1]
void FieldValueBase<GPIOB_BSRR_BS1_Values<GPIOB::BSRR, (unsigned int)1, (unsigned int)1, WriteMode, GPIOB::GPIOBBSRRBase>, GPIOB::GPIOBBSRRBase, (unsigned int)1>::Write<WriteMode, void>()
                         0x800'4e25    0xc  Code  Gb  main.o [1]
void FieldValueBase<GPIOB_MODER_MODER15_Values<GPIOB::MODER, (unsigned int)16, (unsigned int)2, ReadWriteMode, GPIOB::GPIOBMODERBase>, GPIOB::GPIOBMODERBase, (unsigned int)2>::Set<ReadWriteMode, void>()
                         0x800'4d29   0x14  Code  Gb  main.o [1]
void FieldValueBase<GPIOB_MODER_MODER15_Values<GPIOB::MODER, (unsigned int)18, (unsigned int)2, ReadWriteMode, GPIOB::GPIOBMODERBase>, GPIOB::GPIOBMODERBase, (unsigned int)2>::Set<ReadWriteMode, void>()
                         0x800'4d3d   0x14  Code  Gb  main.o [1]
void FieldValueBase<GPIOB_ODR_ODR8_Values<GPIOB::ODR, (unsigned int)8, (unsigned int)1, ReadWriteMode, GPIOB::GPIOBODRBase>, GPIOB::GPIOBODRBase, (unsigned int)1>::Set<ReadWriteMode, void>()
                         0x800'4d19   0x10  Code  Gb  main.o [1]
void FieldValueBase<GPIOB_OSPEEDR_OSPEEDR15_Values<GPIOB::OSPEEDR, (unsigned int)16, (unsigned int)2, ReadWriteMode, GPIOB::GPIOBOSPEEDRBase>, GPIOB::GPIOBOSPEEDRBase, (unsigned int)3>::Set<ReadWriteMode, void>()
                         0x800'4d99   0x10  Code  Gb  main.o [1]
void FieldValueBase<GPIOB_OSPEEDR_OSPEEDR15_Values<GPIOB::OSPEEDR, (unsigned int)18, (unsigned int)2, ReadWriteMode, GPIOB::GPIOBOSPEEDRBase>, GPIOB::GPIOBOSPEEDRBase, (unsigned int)3>::Set<ReadWriteMode, void>()
                         0x800'4da9   0x10  Code  Gb  main.o [1]
void FieldValueBase<GPIOB_OTYPER_OT8_Values<GPIOB::OTYPER, (unsigned int)8, (unsigned int)1, ReadWriteMode, GPIOB::GPIOBOTYPERBase>, GPIOB::GPIOBOTYPERBase, (unsigned int)1>::Set<ReadWriteMode, void>()
                         0x800'4d79   0x10  Code  Gb  main.o [1]
void FieldValueBase<GPIOB_OTYPER_OT9_Values<GPIOB::OTYPER, (unsigned int)9, (unsigned int)1, ReadWriteMode, GPIOB::GPIOBOTYPERBase>, GPIOB::GPIOBOTYPERBase, (unsigned int)1>::Set<ReadWriteMode, void>()
                         0x800'4d89   0x10  Code  Gb  main.o [1]
void FieldValueBase<GPIOB_PUPDR_PUPDR15_Values<GPIOB::PUPDR, (unsigned int)16, (unsigned int)2, ReadWriteMode, GPIOB::GPIOBPUPDRBase>, GPIOB::GPIOBPUPDRBase, (unsigned int)1>::Set<ReadWriteMode, void>()
                         0x800'4db9   0x14  Code  Gb  main.o [1]
void FieldValueBase<GPIOB_PUPDR_PUPDR15_Values<GPIOB::PUPDR, (unsigned int)18, (unsigned int)2, ReadWriteMode, GPIOB::GPIOBPUPDRBase>, GPIOB::GPIOBPUPDRBase, (unsigned int)1>::Set<ReadWriteMode, void>()
                         0x800'4dcd   0x14  Code  Gb  main.o [1]
void FieldValueBase<I2C1_CCR_F_S_Values<I2C1::CCR, (unsigned int)15, (unsigned int)1, ReadWriteMode, I2C1::I2C1CCRBase>, I2C1::I2C1CCRBase, (unsigned int)0>::Set<ReadWriteMode, void>()
                         0x800'4cad   0x10  Code  Gb  main.o [1]
void FieldValueBase<I2C1_CR1_ACK_Values<I2C1::CR1, (unsigned int)10, (unsigned int)1, ReadWriteMode, I2C1::I2C1CR1Base>, I2C1::I2C1CR1Base, (unsigned int)0>::Set<ReadWriteMode, void>()
                         0x800'5091   0x10  Code  Gb  main.o [1]
void FieldValueBase<I2C1_CR1_ACK_Values<I2C1::CR1, (unsigned int)10, (unsigned int)1, ReadWriteMode, I2C1::I2C1CR1Base>, I2C1::I2C1CR1Base, (unsigned int)1>::Set<ReadWriteMode, void>()
                         0x800'5019   0x10  Code  Gb  main.o [1]
void FieldValueBase<I2C1_CR1_PE_Values<I2C1::CR1, (unsigned int)0, (unsigned int)1, ReadWriteMode, I2C1::I2C1CR1Base>, I2C1::I2C1CR1Base, (unsigned int)1>::Set<ReadWriteMode, void>()
                         0x800'4d09   0x10  Code  Gb  main.o [1]
void FieldValueBase<I2C1_CR1_POS_Values<I2C1::CR1, (unsigned int)11, (unsigned int)1, ReadWriteMode, I2C1::I2C1CR1Base>, I2C1::I2C1CR1Base, (unsigned int)1>::Set<ReadWriteMode, void>()
                         0x800'50a1   0x10  Code  Gb  main.o [1]
void FieldValueBase<I2C1_CR1_SMBTYPE_Values<I2C1::CR1, (unsigned int)3, (unsigned int)1, ReadWriteMode, I2C1::I2C1CR1Base>, I2C1::I2C1CR1Base, (unsigned int)0>::Set<ReadWriteMode, void>()
                         0x800'4c9d   0x10  Code  Gb  main.o [1]
void FieldValueBase<I2C1_CR1_SMBUS_Values<I2C1::CR1, (unsigned int)1, (unsigned int)1, ReadWriteMode, I2C1::I2C1CR1Base>, I2C1::I2C1CR1Base, (unsigned int)1>::Set<ReadWriteMode, void>()
                         0x800'4c8d   0x10  Code  Gb  main.o [1]
void FieldValueBase<I2C1_CR1_START_Values<I2C1::CR1, (unsigned int)8, (unsigned int)1, ReadWriteMode, I2C1::I2C1CR1Base>, I2C1::I2C1CR1Base, (unsigned int)1>::Set<ReadWriteMode, void>()
                         0x800'5009   0x10  Code  Gb  main.o [1]
void FieldValueBase<I2C1_CR1_STOP_Values<I2C1::CR1, (unsigned int)9, (unsigned int)1, ReadWriteMode, I2C1::I2C1CR1Base>, I2C1::I2C1CR1Base, (unsigned int)1>::Set<ReadWriteMode, void>()
                         0x800'50c9   0x10  Code  Gb  main.o [1]
void FieldValueBase<RCC_AHB1ENR_DMA2EN_Values<RCC::APB1ENR, (unsigned int)21, (unsigned int)1, ReadWriteMode, RCC::RCCAPB1ENRBase>, RCC::RCCAPB1ENRBase, (unsigned int)1>::Set<ReadWriteMode, void>()
                         0x800'4c7d   0x10  Code  Gb  main.o [1]
void FieldValueBase<RCC_AHB1ENR_GPIOAEN_Values<RCC::AHB1ENR, (unsigned int)0, (unsigned int)1, ReadWriteMode, RCC::RCCAHB1ENRBase>, RCC::RCCAHB1ENRBase, (unsigned int)1>::Set<ReadWriteMode, void>()
                         0x800'4c39   0x10  Code  Gb  main.o [1]
void FieldValueBase<RCC_AHB1ENR_GPIOBEN_Values<RCC::AHB1ENR, (unsigned int)1, (unsigned int)1, ReadWriteMode, RCC::RCCAHB1ENRBase>, RCC::RCCAHB1ENRBase, (unsigned int)1>::Set<ReadWriteMode, void>()
                         0x800'4c49   0x10  Code  Gb  main.o [1]
void FieldValueBase<RCC_AHB1ENR_GPIOCEN_Values<RCC::AHB1ENR, (unsigned int)2, (unsigned int)1, ReadWriteMode, RCC::RCCAHB1ENRBase>, RCC::RCCAHB1ENRBase, (unsigned int)1>::Set<ReadWriteMode, void>()
                         0x800'4c59   0x10  Code  Gb  main.o [1]
void FieldValueBase<RCC_CFGR_SW_Values<RCC::CFGR, (unsigned int)0, (unsigned int)2, ReadWriteMode, RCC::RCCCFGRBase>, RCC::RCCCFGRBase, (unsigned int)0>::Set<ReadWriteMode, void>()
                         0x800'4c11   0x10  Code  Gb  main.o [1]
void FieldValueBase<RCC_CR_HSION_Values<RCC::CR, (unsigned int)0, (unsigned int)1, ReadWriteMode, RCC::RCCCRBase>, RCC::RCCCRBase, (unsigned int)1>::Set<ReadWriteMode, void>()
                         0x800'4bf1   0x10  Code  Gb  main.o [1]
void FieldValueBase<SPI2_CR1_SPE_Values<SPI2::CR1, (unsigned int)6, (unsigned int)1, ReadWriteMode, SPI2::SPI2CR1Base>, SPI2::SPI2CR1Base, (unsigned int)1>::Set<ReadWriteMode, void>()
                         0x800'4e81   0x10  Code  Gb  main.o [1]
void FieldValueBase<USART2_CR1_RE_Values<USART2::CR1, (unsigned int)2, (unsigned int)1, ReadWriteMode, USART2::USART2CR1Base>, USART2::USART2CR1Base, (unsigned int)0>::Set<ReadWriteMode, void>()
                         0x800'5dcd   0x10  Code  Gb  startupF411RE.o [1]
void FieldValueBase<USART2_CR1_TXEIE_Values<USART2::CR1, (unsigned int)7, (unsigned int)1, ReadWriteMode, USART2::USART2CR1Base>, USART2::USART2CR1Base, (unsigned int)0>::Set<ReadWriteMode, void>()
                         0x800'5ddd   0x10  Code  Gb  startupF411RE.o [1]
void FieldValueBase<USART2_CR1_UE_Values<USART2::CR1, (unsigned int)13, (unsigned int)1, ReadWriteMode, USART2::USART2CR1Base>, USART2::USART2CR1Base, (unsigned int)1>::Set<ReadWriteMode, void>()
                         0x800'4ee1   0x10  Code  Gb  main.o [1]
void Register<(unsigned int)1073756160, (unsigned int)32, ReadWriteMode, SPI2::SPI2CR1Base, FieldValue<SPI2_CR1_MSTR_Values<SPI2::CR1, (unsigned int)2, (unsigned int)1, ReadWriteMode, SPI2::SPI2CR1Base>, SPI2::SPI2CR1Base, (unsigned int)1, void>, FieldValue<SPI2_CR1_BIDIMODE_Values<SPI2::CR1, (unsigned int)15, (unsigned int)1, ReadWriteMode, SPI2::SPI2CR1Base>, SPI2::SPI2CR1Base, (unsigned int)0, void>, FieldValue<SPI2_CR1_DFF_Values<SPI2::CR1, (unsigned int)11, (unsigned int)1, ReadWriteMode, SPI2::SPI2CR1Base>, SPI2::SPI2CR1Base, (unsigned int)0, void>, FieldValue<SPI2_CR1_CPOL_Values<SPI2::CR1, (unsigned int)1, (unsigned int)1, ReadWriteMode, SPI2::SPI2CR1Base>, SPI2::SPI2CR1Base, (unsigned int)1, void>, FieldValue<SPI2_CR1_CPHA_Values<SPI2::CR1, (unsigned int)0, (unsigned int)1, ReadWriteMode, SPI2::SPI2CR1Base>, SPI2::SPI2CR1Base, (unsigned int)1, void>, FieldValue<SPI2_CR1_SSM_Values<SPI2::CR1, (unsigned int)9, (unsigned int)1, ReadWriteMode, SPI2::SPI2CR1Base>, SPI2::SPI2CR1Base, (unsigned int)1, void>, FieldValue<SPI2_CR1_SSI_Values<SPI2::CR1, (unsigned int)8, (unsigned int)1, ReadWriteMode, SPI2::SPI2CR1Base>, SPI2::SPI2CR1Base, (unsigned int)1, void>, FieldValue<SPI2_CR1_BR_Values<SPI2::CR1, (unsigned int)3, (unsigned int)3, ReadWriteMode, SPI2::SPI2CR1Base>, SPI2::SPI2CR1Base, (unsigned int)0, void>, FieldValue<SPI2_CR1_LSBFIRST_Values<SPI2::CR1, (unsigned int)7, (unsigned int)1, ReadWriteMode, SPI2::SPI2CR1Base>, SPI2::SPI2CR1Base, (unsigned int)0, void>, FieldValue<SPI2_CR1_CRCEN_Values<SPI2::CR1, (unsigned int)13, (unsigned int)1, ReadWriteMode, SPI2::SPI2CR1Base>, SPI2::SPI2CR1Base, (unsigned int)0, void>>::Set<ReadWriteMode, void>()
                         0x800'4e31   0x1c  Code  Gb  main.o [1]
void Register<(unsigned int)1073872896, (unsigned int)32, ReadWriteMode, GPIOA::GPIOAMODERBase, FieldValue<GPIOA_MODER_MODER15_Values<GPIOA::MODER, (unsigned int)4, (unsigned int)2, ReadWriteMode, GPIOA::GPIOAMODERBase>, GPIOA::GPIOAMODERBase, (unsigned int)2, void>, FieldValue<GPIOA_MODER_MODER15_Values<GPIOA::MODER, (unsigned int)6, (unsigned int)2, ReadWriteMode, GPIOA::GPIOAMODERBase>, GPIOA::GPIOAMODERBase, (unsigned int)2, void>>::Set<ReadWriteMode, void>()
                         0x800'4ead   0x14  Code  Gb  main.o [1]
void Register<(unsigned int)1073872896, (unsigned int)32, ReadWriteMode, GPIOA::GPIOAMODERBase, FieldValue<GPIOA_MODER_MODER15_Values<GPIOA::MODER, (unsigned int)8, (unsigned int)2, ReadWriteMode, GPIOA::GPIOAMODERBase>, GPIOA::GPIOAMODERBase, (unsigned int)1, void>, FieldValue<GPIOA_MODER_MODER15_Values<GPIOA::MODER, (unsigned int)4, (unsigned int)2, ReadWriteMode, GPIOA::GPIOAMODERBase>, GPIOA::GPIOAMODERBase, (unsigned int)1, void>, FieldValue<GPIOA_MODER_MODER15_Values<GPIOA::MODER, (unsigned int)2, (unsigned int)2, ReadWriteMode, GPIOA::GPIOAMODERBase>, GPIOA::GPIOAMODERBase, (unsigned int)1, void>, FieldValue<GPIOA_MODER_MODER15_Values<GPIOA::MODER, (unsigned int)6, (unsigned int)2, ReadWriteMode, GPIOA::GPIOAMODERBase>, GPIOA::GPIOAMODERBase, (unsigned int)1, void>>::Set<ReadWriteMode, void>()
                         0x800'4de1   0x14  Code  Gb  main.o [1]
void Register<(unsigned int)1073872928, (unsigned int)32, ReadWriteMode, GPIOA::GPIOAAFRLBase, FieldValue<GPIOA_AFRL_AFRL7_Values<GPIOA::AFRL, (unsigned int)8, (unsigned int)4, ReadWriteMode, GPIOA::GPIOAAFRLBase>, GPIOA::GPIOAAFRLBase, (unsigned int)7, void>, FieldValue<GPIOA_AFRL_AFRL7_Values<GPIOA::AFRL, (unsigned int)12, (unsigned int)4, ReadWriteMode, GPIOA::GPIOAAFRLBase>, GPIOA::GPIOAAFRLBase, (unsigned int)7, void>>::Set<ReadWriteMode, void>()
                         0x800'4ec1   0x14  Code  Gb  main.o [1]
void Register<(unsigned int)1073873920, (unsigned int)32, ReadWriteMode, GPIOB::GPIOBMODERBase, FieldValue<GPIOB_MODER_MODER15_Values<GPIOB::MODER, (unsigned int)16, (unsigned int)2, ReadWriteMode, GPIOB::GPIOBMODERBase>, GPIOB::GPIOBMODERBase, (unsigned int)2, void>, FieldValue<GPIOB_MODER_MODER15_Values<GPIOB::MODER, (unsigned int)18, (unsigned int)2, ReadWriteMode, GPIOB::GPIOBMODERBase>, GPIOB::GPIOBMODERBase, (unsigned int)2, void>>::Set<ReadWriteMode, void>()
                         0x800'4c69   0x14  Code  Gb  main.o [1]
void Register<(unsigned int)1073873920, (unsigned int)32, ReadWriteMode, GPIOB::GPIOBMODERBase, FieldValue<GPIOB_MODER_MODER15_Values<GPIOB::MODER, (unsigned int)26, (unsigned int)2, ReadWriteMode, GPIOB::GPIOBMODERBase>, GPIOB::GPIOBMODERBase, (unsigned int)2, void>, FieldValue<GPIOB_MODER_MODER15_Values<GPIOB::MODER, (unsigned int)30, (unsigned int)2, ReadWriteMode, GPIOB::GPIOBMODERBase>, GPIOB::GPIOBMODERBase, (unsigned int)2, void>>::Set<ReadWriteMode, void>()
                         0x800'4df5   0x14  Code  Gb  main.o [1]
void Register<(unsigned int)1073873956, (unsigned int)32, ReadWriteMode, GPIOB::GPIOBAFRHBase, FieldValue<GPIOB_AFRL_AFRL7_Values<GPIOB::AFRH, (unsigned int)20, (unsigned int)4, ReadWriteMode, GPIOB::GPIOBAFRHBase>, GPIOB::GPIOBAFRHBase, (unsigned int)5, void>, FieldValue<GPIOB_AFRL_AFRL7_Values<GPIOB::AFRH, (unsigned int)28, (unsigned int)4, ReadWriteMode, GPIOB::GPIOBAFRHBase>, GPIOB::GPIOBAFRHBase, (unsigned int)5, void>>::Set<ReadWriteMode, void>()
                         0x800'4e09   0x1c  Code  Gb  main.o [1]
void Register<(unsigned int)1073887296, (unsigned int)32, ReadWriteMode, RCC::RCCAPB1ENRBase, FieldValue<RCC_AHB1ENR_DMA2EN_Values<RCC::APB1ENR, (unsigned int)0, (unsigned int)1, ReadWriteMode, RCC::RCCAPB1ENRBase>, RCC::RCCAPB1ENRBase, (unsigned int)1, void>, FieldValue<RCC_AHB1ENR_DMA2EN_Values<RCC::APB1ENR, (unsigned int)17, (unsigned int)1, ReadWriteMode, RCC::RCCAPB1ENRBase>, RCC::RCCAPB1ENRBase, (unsigned int)1, void>>::Set<ReadWriteMode, void>()
                         0x800'4e91   0x1c  Code  Gb  main.o [1]
void RegisterBase<(unsigned int)1073759236, (unsigned int)32, ReadWriteMode>::Write<ReadWriteMode, void>(unsigned int)
                         0x800'5dc1    0xc  Code  Gb  startupF411RE.o [1]
void RegisterBase<(unsigned int)1073759240, (unsigned int)32, ReadWriteMode>::Write<ReadWriteMode, void>(unsigned int)
                         0x800'4ed5    0xc  Code  Gb  main.o [1]
void RegisterBase<(unsigned int)1073763344, (unsigned int)32, ReadWriteMode>::Write<ReadWriteMode, void>(unsigned int)
                         0x800'5049    0xc  Code  Gb  main.o [1]
void RegisterBase<(unsigned int)1073763356, (unsigned int)32, ReadWriteMode>::Set<ReadWriteMode, void>(unsigned int)
                         0x800'4cbd   0x10  Code  Gb  main.o [1]
void RegisterBase<(unsigned int)1073763360, (unsigned int)32, ReadWriteMode>::Write<ReadWriteMode, void>(unsigned int)
                         0x800'4cfd    0xc  Code  Gb  main.o [1]
void RegisterBase<(unsigned int)3758153988, (unsigned int)32, ReadWriteMode>::Write<ReadWriteMode, void>(unsigned int)
                         0x800'4ef1    0xc  Code  Gb  main.o [1]
void RegisterField<I2C1::CR2, (unsigned int)0, (unsigned int)6, ReadWriteMode, void>::Set<ReadWriteMode, void>(unsigned int)
                         0x800'4ccd   0x30  Code  Gb  main.o [1]
void RegisterField<I2C1::CR2, (unsigned int)0, (unsigned int)6, ReadWriteMode, void>::Set<ReadWriteMode, void>(unsigned int)::string
                         0x800'5608   0x9c  Data  Gb  main.o [1]
void RegisterField<I2C1::CR2, (unsigned int)0, (unsigned int)6, ReadWriteMode, void>::Set<ReadWriteMode, void>(unsigned int)::string (instance 2)
                         0x800'5b18   0x40  Data  Gb  main.o [1]
void RegisterField<SPI2::CRCPR, (unsigned int)0, (unsigned int)16, ReadWriteMode, void>::Set<ReadWriteMode, void>(unsigned int)
                         0x800'4e4d   0x34  Code  Gb  main.o [1]
void RegisterField<SPI2::CRCPR, (unsigned int)0, (unsigned int)16, ReadWriteMode, void>::Set<ReadWriteMode, void>(unsigned int)::string
                         0x800'56a4   0x9c  Data  Gb  main.o [1]
void RegisterField<SPI2::CRCPR, (unsigned int)0, (unsigned int)16, ReadWriteMode, void>::Set<ReadWriteMode, void>(unsigned int)::string (instance 2)
                         0x800'5b58   0x40  Data  Gb  main.o [1]
void std::_Deallocate<char>(char *, unsigned int)
                         0x800'4319    0x8  Code  Gb  main.o [1]
void std::_Wrap_alloc<std::allocator<char>>::construct<char *, char *>(char * *, char * &&...)
                         0x800'4257   0x18  Code  Gb  main.o [1]
void std::_Wrap_alloc<std::allocator<char>>::destroy<char *>(char * *)
                         0x800'3ee7    0x8  Code  Gb  main.o [1]
void std::allocator<char>::construct<char *, char *>(char * *, char * &&...)
                         0x800'4439   0x20  Code  Gb  main.o [1]
void std::allocator<char>::destroy<char *>(char * *)
                         0x800'4317    0x2  Code  Gb  main.o [1]
void std::allocator_traits<std::allocator<char>>::construct<char *, char *>(std::allocator<char>&, char * *, char * &&...)
                         0x800'43af   0x18  Code  Gb  main.o [1]
void std::allocator_traits<std::allocator<char>>::destroy<char *>(std::allocator<char>&, char * *)
                         0x800'41fb    0x8  Code  Gb  main.o [1]
void std::numpunct<char>::_Getvals<char>(char)
                         0x800'4407   0x1a  Code  Gb  main.o [1]
xEventGroupCreateStatic
                         0x800'51a9   0x16  Code  Gb  event_groups.o [1]
xNextTaskUnblockTime    0x2000'04b4    0x4  Data  Lc  tasks.o [1]
xNumOfOverflows         0x2000'04b0    0x4  Data  Lc  tasks.o [1]
xPendingReadyList       0x2000'0444   0x14  Data  Lc  tasks.o [1]
xPortPendSVHandler       0x800'5561         Code  Gb  portasm.o [1]
xTaskIncrementTick       0x800'3521   0xe6  Code  Gb  tasks.o [1]
xTaskRemoveFromUnorderedEventList
                         0x800'365f   0x5c  Code  Gb  tasks.o [1]
xTaskResumeAll           0x800'3451   0xd0  Code  Gb  tasks.o [1]
xTickCount              0x2000'04a0    0x4  Data  Lc  tasks.o [1]
xYieldPending           0x2000'04ac    0x4  Data  Lc  tasks.o [1]


[1] = D:\Git\POIP\Kursovoy\code\Debug\Obj
[2] = dl7M_tln.a
[3] = dlpp7M_tl_nc.a
[4] = m7M_tls.a
[5] = rt7M_tl.a
[6] = shb_l.a

  23'371 bytes of readonly  code memory
   1'421 bytes of readonly  data memory
   1'969 bytes of readwrite data memory

Errors: none
Warnings: none
