###############################################################################
#
# IAR ANSI C/C++ Compiler V8.40.2.214/W32 for ARM         06/Apr/2021  22:43:01
# Copyright 1999-2019 IAR Systems AB.
#
#    Cpu mode     =  
#    Endian       =  little
#    Source file  =  E:\Git\POIP\Kursovoy\code\main.cpp
#    Command line =
#        -f C:\Users\D9F8~1\AppData\Local\Temp\EWB692.tmp
#        (E:\Git\POIP\Kursovoy\code\main.cpp -lC
#        E:\Git\POIP\Kursovoy\code\Debug\List -lA
#        E:\Git\POIP\Kursovoy\code\Debug\List -o
#        E:\Git\POIP\Kursovoy\code\Debug\Obj --no_cse --no_unroll --no_inline
#        --no_code_motion --no_tbaa --no_clustering --no_scheduling --debug
#        --endian=little --cpu=Cortex-M4 -e --fpu=VFPv4_sp --dlib_config
#        "D:\@@@@@\@@@@@@\7
#        @@@@@\IAR\arm\inc\c\DLib_Config_Normal.h" -I
#        E:\Git\POIP\Kursovoy\code\Rtos\ -I
#        E:\Git\POIP\Kursovoy\code\Rtos\wrapper\ -I
#        E:\Git\POIP\Kursovoy\code\Rtos\wrapper\FreeRtos\ -I
#        E:\Git\POIP\Kursovoy\code\Rtos\FreeRtos\ -I
#        E:\Git\POIP\Kursovoy\code\Rtos\FreeRtos\include\ -I
#        E:\Git\POIP\Kursovoy\code\Rtos\FreeRtos\portable\ -I
#        E:\Git\POIP\Kursovoy\code\Rtos\FreeRtos\portable\Common\ -I
#        E:\Git\POIP\Kursovoy\code\Rtos\FreeRtos\portable\IAR\ -I
#        E:\Git\POIP\Kursovoy\code\Rtos\FreeRtos\portable\IAR\ARM_CM4F\ -I
#        E:\Git\POIP\Kursovoy\code\Rtos\FreeRtos\portable\MemMang\ -I
#        E:\Git\POIP\Kursovoy\code\MyTasks\ -I
#        E:\Git\POIP\Kursovoy\code\Common\ -I E:\Git\POIP\Kursovoy\code\CMSIS\
#        -I E:\Git\POIP\Kursovoy\code\Application\ -I
#        E:\Git\POIP\Kursovoy\code\Application\Diagnostic\ -I
#        E:\Git\POIP\Kursovoy\code\AHardware\ -I
#        E:\Git\POIP\Kursovoy\code\AHardware\GpioPort\ -I
#        E:\Git\POIP\Kursovoy\code\AHardware\IrqController\ -I
#        E:\Git\POIP\Kursovoy\code\..\CortexLib\AbstractHardware\Pin\ -I
#        E:\Git\POIP\Kursovoy\code\..\CortexLib\AbstractHardware\Registers\STM32F411\FieldValues\
#        -I
#        E:\Git\POIP\Kursovoy\code\..\CortexLib\AbstractHardware\Registers\STM32F411\
#        -I E:\Git\POIP\Kursovoy\code\..\CortexLib\AbstractHardware\Registers\
#        -I E:\Git\POIP\Kursovoy\code\..\CortexLib\AbstractHardware\Port\ -I
#        E:\Git\POIP\Kursovoy\code\..\CortexLib\AbstractHardware\Atomic\ -I
#        E:\Git\POIP\Kursovoy\code\..\CortexLib\Common\ -I
#        E:\Git\POIP\Kursovoy\code\..\CortexLib\Common\Singleton\ -I
#        E:\Git\POIP\Kursovoy\code\..\CortexLib\Common\RomObject\ -I
#        E:\Git\POIP\Kursovoy\code\AHardware\Registers\ -I
#        E:\Git\POIP\Kursovoy\code\AHardware\Registers\CortexM4\ -I
#        E:\Git\POIP\Kursovoy\code\AHardware\Registers\CortexM4\FieldValues\ -I
#        E:\Git\POIP\Kursovoy\code\AHardware\Registers\STM32F411\FieldValues\
#        -I E:\Git\POIP\Kursovoy\code\Common\ -I
#        E:\Git\POIP\Kursovoy\code\AHardware\Atomic\ -I
#        E:\Git\POIP\Kursovoy\code\AHardware\USART\ -I
#        E:\Git\POIP\Kursovoy\code\Tasks\ -I
#        E:\Git\POIP\Kursovoy\code\Application\Button\ -I
#        E:\Git\POIP\Kursovoy\code\Application\ -I
#        E:\Git\POIP\Kursovoy\code\AHardware\Timer\ -I
#        E:\Git\POIP\Kursovoy\code\AHardware\ -I
#        E:\Git\POIP\Kursovoy\code\AHardware\Registers\STM32F411\ -I
#        E:\Git\POIP\Kursovoy\code\AHardware\Registers\IrqController\ -I
#        E:\Git\POIP\Kursovoy\code\AHardware\Button\ -I
#        E:\Git\POIP\Kursovoy\code\AHardware\ButtonPoll\ -I
#        E:\Git\POIP\Kursovoy\code\AHardware\ITransmit\ -I
#        E:\Git\POIP\Kursovoy\code\AHardware\LCDDriver\ -I
#        E:\Git\POIP\Kursovoy\code\AHardware\SMBus\ -I
#        E:\Git\POIP\Kursovoy\code\AHardware\SPIx\ -I
#        E:\Git\POIP\Kursovoy\code\AHardware\TempSens\ -I
#        E:\Git\POIP\Kursovoy\code\AHardware\Timer\ -I
#        E:\Git\POIP\Kursovoy\code\AHardware\UART\ -I
#        E:\Git\POIP\Kursovoy\code\AHardware\UARTDriver\ -I
#        E:\Git\POIP\Kursovoy\code\Application\Filter\ -I
#        E:\Git\POIP\Kursovoy\code\Application\Tasks\ -I
#        E:\Git\POIP\Kursovoy\code\Application\Tasks\BlueToothTask\ -I
#        E:\Git\POIP\Kursovoy\code\Application\Tasks\ScreenTask\ -I
#        E:\Git\POIP\Kursovoy\code\Application\Tasks\TemperatureTask\ -I
#        E:\Git\POIP\Kursovoy\code\Application\Temp\ -I
#        E:\Git\POIP\Kursovoy\code\Application\Temp\Temp\ -I
#        E:\Git\POIP\Kursovoy\code\Application\Temp\Units\ -I
#        E:\Git\POIP\Kursovoy\code\AHardware\InterruptHandler\ -Ol --c++
#        --no_exceptions --no_rtti)
#    Locale       =  C
#    List file    =  E:\Git\POIP\Kursovoy\code\Debug\List\main.lst
#    Object file  =  E:\Git\POIP\Kursovoy\code\Debug\Obj\main.o
#
###############################################################################

E:\Git\POIP\Kursovoy\code\main.cpp
      1          #include "rtos.hpp"         // for Rtos

   \                                 In section .rodata, align 1
   \   __absolute bool const std::chrono::system_clock::is_steady
   \                     _ZNSt6chrono12system_clock9is_steadyE:
   \        0x0   0x00               DC8 0

   \                                 In section .rodata, align 1
   \   __absolute bool const std::chrono::system_clock::is_monotonic
   \                     _ZNSt6chrono12system_clock12is_monotonicE:
   \        0x0   0x00               DC8 0

   \                                 In section .rodata, align 1
   \   __absolute bool const std::chrono::steady_clock::is_steady
   \                     _ZNSt6chrono12steady_clock9is_steadyE:
   \        0x0   0x01               DC8 1
      2          
      3          #include "ButtonPoll.hpp"

   \                                 In section .text, align 4
   \   __interwork __vfp void FieldValueBase<RCC_CR_HSION_Values<RCC::CR, 0U, 1U, ReadWriteMode, RCC::RCCCRBase>, RCC::RCCCRBase, 1U>::Set<ReadWriteMode, void>()
   \                     _ZN14FieldValueBaseI19RCC_CR_HSION_ValuesIN3RCC2CRELj0ELj1E13ReadWriteModeNS1_9RCCCRBaseEES4_Lj1EE3SetIS3_vEEvv: (+1)
   \        0x0   0x4902             LDR.N    R1,??Set_0       ;; 0x40023800
   \        0x2   0x6808             LDR      R0,[R1, #+0]
   \        0x4   0xF050 0x0001      ORRS     R0,R0,#0x1
   \        0x8   0x6008             STR      R0,[R1, #+0]
   \        0xA   0x4770             BX       LR               ;; return
   \                     ??Set_0:
   \        0xC   0x4002'3800        DC32     0x40023800

   \                                 In section .text, align 4
   \   __interwork __vfp void FieldValueBase<RCC_CFGR_SW_Values<RCC::CFGR, 0U, 2U, ReadWriteMode, RCC::RCCCFGRBase>, RCC::RCCCFGRBase, 0U>::Set<ReadWriteMode, void>()
   \                     _ZN14FieldValueBaseI18RCC_CFGR_SW_ValuesIN3RCC4CFGRELj0ELj2E13ReadWriteModeNS1_11RCCCFGRBaseEES4_Lj0EE3SetIS3_vEEvv: (+1)
   \        0x0   0x4902             LDR.N    R1,??Set_1       ;; 0x40023808
   \        0x2   0x6808             LDR      R0,[R1, #+0]
   \        0x4   0x0880             LSRS     R0,R0,#+2
   \        0x6   0x0080             LSLS     R0,R0,#+2
   \        0x8   0x6008             STR      R0,[R1, #+0]
   \        0xA   0x4770             BX       LR               ;; return
   \                     ??Set_1:
   \        0xC   0x4002'3808        DC32     0x40023808

   \                                 In section .text, align 4
   \   __interwork __vfp void FieldValueBase<RCC_AHB1ENR_GPIOAEN_Values<RCC::AHB1ENR, 0U, 1U, ReadWriteMode, RCC::RCCAHB1ENRBase>, RCC::RCCAHB1ENRBase, 1U>::Set<ReadWriteMode, void>()
   \                     _ZN14FieldValueBaseI26RCC_AHB1ENR_GPIOAEN_ValuesIN3RCC7AHB1ENRELj0ELj1E13ReadWriteModeNS1_14RCCAHB1ENRBaseEES4_Lj1EE3SetIS3_vEEvv: (+1)
   \        0x0   0x4902             LDR.N    R1,??Set_2       ;; 0x40023830
   \        0x2   0x6808             LDR      R0,[R1, #+0]
   \        0x4   0xF050 0x0001      ORRS     R0,R0,#0x1
   \        0x8   0x6008             STR      R0,[R1, #+0]
   \        0xA   0x4770             BX       LR               ;; return
   \                     ??Set_2:
   \        0xC   0x4002'3830        DC32     0x40023830

   \                                 In section .text, align 4
   \   __interwork __vfp void FieldValueBase<RCC_AHB1ENR_GPIOCEN_Values<RCC::AHB1ENR, 2U, 1U, ReadWriteMode, RCC::RCCAHB1ENRBase>, RCC::RCCAHB1ENRBase, 1U>::Set<ReadWriteMode, void>()
   \                     _ZN14FieldValueBaseI26RCC_AHB1ENR_GPIOCEN_ValuesIN3RCC7AHB1ENRELj2ELj1E13ReadWriteModeNS1_14RCCAHB1ENRBaseEES4_Lj1EE3SetIS3_vEEvv: (+1)
   \        0x0   0x4902             LDR.N    R1,??Set_3       ;; 0x40023830
   \        0x2   0x6808             LDR      R0,[R1, #+0]
   \        0x4   0xF050 0x0004      ORRS     R0,R0,#0x4
   \        0x8   0x6008             STR      R0,[R1, #+0]
   \        0xA   0x4770             BX       LR               ;; return
   \                     ??Set_3:
   \        0xC   0x4002'3830        DC32     0x40023830

   \                                 In section .text, align 4
   \   __interwork __vfp void FieldValueBase<USART2_CR1_UE_Values<USART2::CR1, 13U, 1U, ReadWriteMode, USART2::USART2CR1Base>, USART2::USART2CR1Base, 1U>::Set<ReadWriteMode, void>()
   \                     _ZN14FieldValueBaseI20USART2_CR1_UE_ValuesIN6USART23CR1ELj13ELj1E13ReadWriteModeNS1_13USART2CR1BaseEES4_Lj1EE3SetIS3_vEEvv: (+1)
   \        0x0   0x4902             LDR.N    R1,??Set_4       ;; 0x4000440c
   \        0x2   0x6808             LDR      R0,[R1, #+0]
   \        0x4   0xF450 0x5000      ORRS     R0,R0,#0x2000
   \        0x8   0x6008             STR      R0,[R1, #+0]
   \        0xA   0x4770             BX       LR               ;; return
   \                     ??Set_4:
   \        0xC   0x4000'440C        DC32     0x4000440c

   \                                 In section .text, align 4
   \   __interwork __vfp bool FieldValueBase<RCC_CR_HSIRDY_Values<RCC::CR, 1U, 1U, ReadMode, RCC::RCCCRBase>, RCC::RCCCRBase, 1U>::IsSet<ReadMode, void>()
   \                     _ZN14FieldValueBaseI20RCC_CR_HSIRDY_ValuesIN3RCC2CRELj1ELj1E8ReadModeNS1_9RCCCRBaseEES4_Lj1EE5IsSetIS3_vEEbv: (+1)
   \        0x0   0x4802             LDR.N    R0,??IsSet_0     ;; 0x40023800
   \        0x2   0x6800             LDR      R0,[R0, #+0]
   \        0x4   0x0840             LSRS     R0,R0,#+1
   \        0x6   0xF010 0x0001      ANDS     R0,R0,#0x1
   \        0xA   0x4770             BX       LR               ;; return
   \                     ??IsSet_0:
   \        0xC   0x4002'3800        DC32     0x40023800

   \                                 In section .text, align 4
   \   __interwork __vfp bool FieldValueBase<RCC_CFGR_SWS_Values<RCC::CFGR, 2U, 2U, ReadMode, RCC::RCCCFGRBase>, RCC::RCCCFGRBase, 0U>::IsSet<ReadMode, void>()
   \                     _ZN14FieldValueBaseI19RCC_CFGR_SWS_ValuesIN3RCC4CFGRELj2ELj2E8ReadModeNS1_11RCCCFGRBaseEES4_Lj0EE5IsSetIS3_vEEbv: (+1)
   \        0x0   0x4804             LDR.N    R0,??IsSet_1     ;; 0x40023808
   \        0x2   0x6800             LDR      R0,[R0, #+0]
   \        0x4   0xF010 0x0F0C      TST      R0,#0xC
   \        0x8   0xD101             BNE.N    ??IsSet_2
   \        0xA   0x2001             MOVS     R0,#+1
   \        0xC   0xE000             B.N      ??IsSet_3
   \                     ??IsSet_2: (+1)
   \        0xE   0x2000             MOVS     R0,#+0
   \                     ??IsSet_3: (+1)
   \       0x10   0xB2C0             UXTB     R0,R0            ;; ZeroExt  R0,R0,#+24,#+24
   \       0x12   0x4770             BX       LR               ;; return
   \                     ??IsSet_1:
   \       0x14   0x4002'3808        DC32     0x40023808

   \                                 In section .text, align 4
   \   __interwork __vfp void RegisterBase<3758153988U, 32U, ReadWriteMode>::Write<ReadWriteMode, void>(uint32_t)
   \                     _ZN12RegisterBaseILj3758153988ELj32E13ReadWriteModeE5WriteIS0_vEEvj: (+1)
   \        0x0   0x4901             LDR.N    R1,??Write_0     ;; 0xe000e104
   \        0x2   0x6008             STR      R0,[R1, #+0]
   \        0x4   0x4770             BX       LR               ;; return
   \        0x6   0xBF00             Nop      
   \                     ??Write_0:
   \        0x8   0xE000'E104        DC32     0xe000e104

   \                                 In section .text, align 4
   \   __interwork __vfp void RegisterBase<1073759240U, 32U, ReadWriteMode>::Write<ReadWriteMode, void>(uint32_t)
   \                     _ZN12RegisterBaseILj1073759240ELj32E13ReadWriteModeE5WriteIS0_vEEvj: (+1)
   \        0x0   0x4901             LDR.N    R1,??Write_1     ;; 0x40004408
   \        0x2   0x6008             STR      R0,[R1, #+0]
   \        0x4   0x4770             BX       LR               ;; return
   \        0x6   0xBF00             Nop      
   \                     ??Write_1:
   \        0x8   0x4000'4408        DC32     0x40004408

   \                                 In section .text, align 4
   \   __interwork __vfp void Register<1073887296U, 32U, ReadWriteMode, RCC::RCCAPB1ENRBase, RCC_AHB1ENR_DMA2EN_Values<RCC::APB1ENR, 0U, 1U, ReadWriteMode, RCC::RCCAPB1ENRBase>::Enable, RCC_AHB1ENR_DMA2EN_Values<RCC::APB1ENR, 17U, 1U, ReadWriteMode, RCC::RCCAPB1ENRBase>::Enable>::Set<ReadWriteMode, void>()
   \                     _ZN8RegisterILj1073887296ELj32E13ReadWriteModeN3RCC14RCCAPB1ENRBaseEJ10FieldValueI25RCC_AHB1ENR_DMA2EN_ValuesINS1_7APB1ENRELj0ELj1ES0_S2_ES2_Lj1EvES3_IS4_IS5_Lj17ELj1ES0_S2_ES2_Lj1EvEEE3SetIS0_vEEvv: (+1)
   \        0x0   0x4A04             LDR.N    R2,??Set_5       ;; 0x40023840
   \        0x2   0x6811             LDR      R1,[R2, #+0]
   \        0x4   0x4804             LDR.N    R0,??Set_5+0x4   ;; 0xfffdfffe
   \        0x6   0x4001             ANDS     R1,R0,R1
   \        0x8   0xF441 0x3100      ORR      R1,R1,#0x20000
   \        0xC   0xF051 0x0101      ORRS     R1,R1,#0x1
   \       0x10   0x6011             STR      R1,[R2, #+0]
   \       0x12   0x4770             BX       LR               ;; return
   \                     ??Set_5:
   \       0x14   0x4002'3840        DC32     0x40023840
   \       0x18   0xFFFD'FFFE        DC32     0xfffdfffe

   \                                 In section .text, align 4
   \   __interwork __vfp void Register<1073872896U, 32U, ReadWriteMode, GPIOA::GPIOAMODERBase, GPIOA_MODER_MODER15_Values<GPIOA::MODER, 4U, 2U, ReadWriteMode, GPIOA::GPIOAMODERBase>::Alternate, GPIOA_MODER_MODER15_Values<GPIOA::MODER, 6U, 2U, ReadWriteMode, GPIOA::GPIOAMODERBase>::Alternate>::Set<ReadWriteMode, void>()
   \                     _ZN8RegisterILj1073872896ELj32E13ReadWriteModeN5GPIOA14GPIOAMODERBaseEJ10FieldValueI26GPIOA_MODER_MODER15_ValuesINS1_5MODERELj4ELj2ES0_S2_ES2_Lj2EvES3_IS4_IS5_Lj6ELj2ES0_S2_ES2_Lj2EvEEE3SetIS0_vEEvv: (+1)
   \        0x0   0x4903             LDR.N    R1,??Set_6       ;; 0x40020000
   \        0x2   0x6808             LDR      R0,[R1, #+0]
   \        0x4   0xF030 0x00F0      BICS     R0,R0,#0xF0
   \        0x8   0xF050 0x00A0      ORRS     R0,R0,#0xA0
   \        0xC   0x6008             STR      R0,[R1, #+0]
   \        0xE   0x4770             BX       LR               ;; return
   \                     ??Set_6:
   \       0x10   0x4002'0000        DC32     0x40020000

   \                                 In section .text, align 4
   \   __interwork __vfp void Register<1073872928U, 32U, ReadWriteMode, GPIOA::GPIOAAFRLBase, GPIOA_AFRL_AFRL7_Values<GPIOA::AFRL, 8U, 4U, ReadWriteMode, GPIOA::GPIOAAFRLBase>::Af7, GPIOA_AFRL_AFRL7_Values<GPIOA::AFRL, 12U, 4U, ReadWriteMode, GPIOA::GPIOAAFRLBase>::Af7>::Set<ReadWriteMode, void>()
   \                     _ZN8RegisterILj1073872928ELj32E13ReadWriteModeN5GPIOA13GPIOAAFRLBaseEJ10FieldValueI23GPIOA_AFRL_AFRL7_ValuesINS1_4AFRLELj8ELj4ES0_S2_ES2_Lj7EvES3_IS4_IS5_Lj12ELj4ES0_S2_ES2_Lj7EvEEE3SetIS0_vEEvv: (+1)
   \        0x0   0x4903             LDR.N    R1,??Set_7       ;; 0x40020020
   \        0x2   0x6808             LDR      R0,[R1, #+0]
   \        0x4   0xF430 0x407F      BICS     R0,R0,#0xFF00
   \        0x8   0xF450 0x40EE      ORRS     R0,R0,#0x7700
   \        0xC   0x6008             STR      R0,[R1, #+0]
   \        0xE   0x4770             BX       LR               ;; return
   \                     ??Set_7:
   \       0x10   0x4002'0020        DC32     0x40020020

   \                                 In section .rodata, align 4
   \   __absolute unsigned int const mask
   \                     _ZZN8RegisterILj1073887296ELj32E13ReadWriteModeN3RCC14RCCAPB1ENRBaseEJ10FieldValueI25RCC_AHB1ENR_DMA2EN_ValuesINS1_7APB1ENRELj0ELj1ES0_S2_ES2_Lj1EvES3_IS4_IS5_Lj17ELj1ES0_S2_ES2_Lj1EvEEE3SetIS0_vEEvvE4mask:
   \        0x0   0x0002'0001        DC32 131'073

   \                                 In section .rodata, align 4
   \   __absolute unsigned int const mask
   \                     _ZZN8RegisterILj1073872896ELj32E13ReadWriteModeN5GPIOA14GPIOAMODERBaseEJ10FieldValueI26GPIOA_MODER_MODER15_ValuesINS1_5MODERELj4ELj2ES0_S2_ES2_Lj2EvES3_IS4_IS5_Lj6ELj2ES0_S2_ES2_Lj2EvEEE3SetIS0_vEEvvE4mask:
   \        0x0   0x0000'00F0        DC32 240

   \                                 In section .rodata, align 4
   \   __absolute unsigned int const mask
   \                     _ZZN8RegisterILj1073872928ELj32E13ReadWriteModeN5GPIOA13GPIOAAFRLBaseEJ10FieldValueI23GPIOA_AFRL_AFRL7_ValuesINS1_4AFRLELj8ELj4ES0_S2_ES2_Lj7EvES3_IS4_IS5_Lj12ELj4ES0_S2_ES2_Lj7EvEEE3SetIS0_vEEvvE4mask:
   \        0x0   0x0000'FF00        DC32 65'280

   \                                 In section .rodata, align 4
   \   __absolute unsigned int const value
   \                     _ZZN8RegisterILj1073887296ELj32E13ReadWriteModeN3RCC14RCCAPB1ENRBaseEJ10FieldValueI25RCC_AHB1ENR_DMA2EN_ValuesINS1_7APB1ENRELj0ELj1ES0_S2_ES2_Lj1EvES3_IS4_IS5_Lj17ELj1ES0_S2_ES2_Lj1EvEEE3SetIS0_vEEvvE5value:
   \        0x0   0x0002'0001        DC32 131'073

   \                                 In section .rodata, align 4
   \   __absolute unsigned int const value
   \                     _ZZN8RegisterILj1073872896ELj32E13ReadWriteModeN5GPIOA14GPIOAMODERBaseEJ10FieldValueI26GPIOA_MODER_MODER15_ValuesINS1_5MODERELj4ELj2ES0_S2_ES2_Lj2EvES3_IS4_IS5_Lj6ELj2ES0_S2_ES2_Lj2EvEEE3SetIS0_vEEvvE5value:
   \        0x0   0x0000'00A0        DC32 160

   \                                 In section .rodata, align 4
   \   __absolute unsigned int const value
   \                     _ZZN8RegisterILj1073872928ELj32E13ReadWriteModeN5GPIOA13GPIOAAFRLBaseEJ10FieldValueI23GPIOA_AFRL_AFRL7_ValuesINS1_4AFRLELj8ELj4ES0_S2_ES2_Lj7EvES3_IS4_IS5_Lj12ELj4ES0_S2_ES2_Lj7EvEEE3SetIS0_vEEvvE5value:
   \        0x0   0x0000'7700        DC32 30'464
      4          #include "rccregisters.hpp" // for RCC
      5          #include <gpioaregisters.hpp>  // for GPIOA
      6          #include <gpiocregisters.hpp>  // for GPIOC
      7          #include "Event.hpp"  // for Event
      8          #include "usartconfig.h"

   \                                 In section .text, align 2
   \   __code __interwork __vfp USARTDriver<Usart2>::USARTDriver()
   \                     _ZN11USARTDriverI6Usart2EC1Ev: (+1)
   \        0x0   0x2100             MOVS     R1,#+0
   \        0x2   0x6001             STR      R1,[R0, #+0]
   \        0x4   0x2100             MOVS     R1,#+0
   \        0x6   0xF8C0 0x1104      STR      R1,[R0, #+260]
   \        0xA   0x4770             BX       LR               ;; return

   \                                 In section .text, align 2, keep-with-next
   \   static __intrinsic __interwork __vfp void __sti__routine()
   \                     __sti__routine: (+1)
   \        0x0   0xB580             PUSH     {R7,LR}
   \        0x2   0x....             LDR.N    R1,??DataTable0
   \        0x4   0x7808             LDRB     R0,[R1, #+0]
   \        0x6   0x2800             CMP      R0,#+0
   \        0x8   0xD104             BNE.N    ??__sti__routine_0
   \        0xA   0x2001             MOVS     R0,#+1
   \        0xC   0x7008             STRB     R0,[R1, #+0]
   \        0xE   0x....             LDR.N    R0,??DataTable0_1
   \       0x10   0x....'....        BL       _ZN11USARTDriverI6Usart2EC1Ev
   \                     ??__sti__routine_0: (+1)
   \       0x14   0xBD01             POP      {R0,PC}          ;; return

   \                                 In section .bss, align 4
   \   __absolute USARTDriver<Usart2> usartDriver
   \                     usartDriver:
   \        0x0                      DS8 264
      9          #include "nvicregisters.hpp"   //for NVIC
     10          #include "tim2registers.hpp"   //for TIM2
     11          
     12          
     13          
     14          constexpr std::uint32_t UartSpeed9600 = std::uint32_t(16000000U / 9600U) ;
     15          
     16          extern "C" {

   \                                 In section .text, align 2, keep-with-next
     17          int __low_level_init(void)
     18          {
   \                     __low_level_init: (+1)
   \        0x0   0xB580             PUSH     {R7,LR}
     19            //Switch on external 16 MHz oscillator
     20            RCC::CR::HSION::On::Set() ;
   \        0x2   0x....'....        BL       _ZN14FieldValueBaseI19RCC_CR_HSION_ValuesIN3RCC2CRELj0ELj1E13ReadWriteModeNS1_9RCCCRBaseEES4_Lj1EE3SetIS3_vEEvv
     21            while (!RCC::CR::HSIRDY::Ready::IsSet())
   \                     ??__low_level_init_0: (+1)
   \        0x6   0x....'....        BL       _ZN14FieldValueBaseI20RCC_CR_HSIRDY_ValuesIN3RCC2CRELj1ELj1E8ReadModeNS1_9RCCCRBaseEES4_Lj1EE5IsSetIS3_vEEbv
   \        0xA   0x2800             CMP      R0,#+0
   \        0xC   0xD0FB             BEQ.N    ??__low_level_init_0
     22            {
     23          
     24            }
     25            //Switch system clock on external oscillator
     26            RCC::CFGR::SW::Hsi::Set() ;
   \        0xE   0x....'....        BL       _ZN14FieldValueBaseI18RCC_CFGR_SW_ValuesIN3RCC4CFGRELj0ELj2E13ReadWriteModeNS1_11RCCCFGRBaseEES4_Lj0EE3SetIS3_vEEvv
     27            while (!RCC::CFGR::SWS::Hsi::IsSet())
   \                     ??__low_level_init_1: (+1)
   \       0x12   0x....'....        BL       _ZN14FieldValueBaseI19RCC_CFGR_SWS_ValuesIN3RCC4CFGRELj2ELj2E8ReadModeNS1_11RCCCFGRBaseEES4_Lj0EE5IsSetIS3_vEEbv
   \       0x16   0x2800             CMP      R0,#+0
   \       0x18   0xD0FB             BEQ.N    ??__low_level_init_1
     28            {
     29          
     30            }
     31              
     32            //Switch on clock on PortA a
     33            RCC::AHB1ENR::GPIOAEN::Enable::Set() ;
   \       0x1A   0x....'....        BL       _ZN14FieldValueBaseI26RCC_AHB1ENR_GPIOAEN_ValuesIN3RCC7AHB1ENRELj0ELj1E13ReadWriteModeNS1_14RCCAHB1ENRBaseEES4_Lj1EE3SetIS3_vEEvv
     34            
     35            RCC::AHB1ENR::GPIOCEN::Enable::Set();
   \       0x1E   0x....'....        BL       _ZN14FieldValueBaseI26RCC_AHB1ENR_GPIOCEN_ValuesIN3RCC7AHB1ENRELj2ELj1E13ReadWriteModeNS1_14RCCAHB1ENRBaseEES4_Lj1EE3SetIS3_vEEvv
     36            
     37            RCC::APB1ENRPack<
     38              RCC::APB1ENR::TIM2EN::Enable, 
     39              RCC::APB1ENR::USART2EN::Enable
     40              >::Set() ;
   \       0x22   0x....'....        BL       _ZN8RegisterILj1073887296ELj32E13ReadWriteModeN3RCC14RCCAPB1ENRBaseEJ10FieldValueI25RCC_AHB1ENR_DMA2EN_ValuesINS1_7APB1ENRELj0ELj1ES0_S2_ES2_Lj1EvES3_IS4_IS5_Lj17ELj1ES0_S2_ES2_Lj1EvEEE3SetIS0_vEEvv
     41            
     42            GPIOA::MODERPack<
     43              GPIOA::MODER::MODER2::Alternate, // Uart2 TX
     44              GPIOA::MODER::MODER3::Alternate  // Uart2 RX
     45              >::Set() ;
   \       0x26   0x....'....        BL       _ZN8RegisterILj1073872896ELj32E13ReadWriteModeN5GPIOA14GPIOAMODERBaseEJ10FieldValueI26GPIOA_MODER_MODER15_ValuesINS1_5MODERELj4ELj2ES0_S2_ES2_Lj2EvES3_IS4_IS5_Lj6ELj2ES0_S2_ES2_Lj2EvEEE3SetIS0_vEEvv
     46            
     47            GPIOA::AFRLPack <
     48              GPIOA::AFRL::AFRL2::Af7, // Uart2 TX
     49              GPIOA::AFRL::AFRL3::Af7  // Uart2 RX
     50              >::Set() ;
   \       0x2A   0x....'....        BL       _ZN8RegisterILj1073872928ELj32E13ReadWriteModeN5GPIOA13GPIOAAFRLBaseEJ10FieldValueI23GPIOA_AFRL_AFRL7_ValuesINS1_4AFRLELj8ELj4ES0_S2_ES2_Lj7EvES3_IS4_IS5_Lj12ELj4ES0_S2_ES2_Lj7EvEEE3SetIS0_vEEvv
     51            
     52              USART2::BRR::Write(UartSpeed9600);
   \       0x2E   0xF240 0x6082      MOVW     R0,#+1666
   \       0x32   0x....'....        BL       _ZN12RegisterBaseILj1073759240ELj32E13ReadWriteModeE5WriteIS0_vEEvj
     53              USART2::CR1::UE::Enable::Set();    
   \       0x36   0x....'....        BL       _ZN14FieldValueBaseI20USART2_CR1_UE_ValuesIN6USART23CR1ELj13ELj1E13ReadWriteModeNS1_13USART2CR1BaseEES4_Lj1EE3SetIS3_vEEvv
     54              NVIC::ISER1::Write(1<<6);
   \       0x3A   0x2040             MOVS     R0,#+64
   \       0x3C   0x....'....        BL       _ZN12RegisterBaseILj3758153988ELj32E13ReadWriteModeE5WriteIS0_vEEvj
     55           
     56            return 1;
   \       0x40   0x2001             MOVS     R0,#+1
   \       0x42   0xBD02             POP      {R1,PC}          ;; return
     57          }
     58          };
     59          
     60          
     61          
     62          

   \                                 In section .text, align 2, keep-with-next
     63          int main()
     64          {
   \                     main: (+1)
   \        0x0   0xB580             PUSH     {R7,LR}
     65            //const char* message = "Hello World \n";
     66          
     67            
     68            for(;;)
     69            {
     70              
     71              ButtonPoll::ButtonPollInitialization();
   \                     ??main_0: (+1)
   \        0x2   0x....'....        BL       _ZN10ButtonPoll24ButtonPollInitializationEv
   \        0x6   0xE7FC             B.N      ??main_0
     72             // usartDriver.SendMessage(message, strlen(message));
     73              
     74          
     75            }
     76            return 0;
                   ^
Warning[Pe111]: statement is unreachable
Warning[Ms014]: some characters could not be correctly encoded in
          "E:\Git\POIP\Kursovoy\code\Debug\List\main.s", and have been replaced
          with '@'. The first such character has unicode code point 0x41f ("@")
     77          }

   \                                 In section .text, align 4, keep-with-next
   \                     ??DataTable0:
   \        0x0   0x....'....        DC32     _ZGV11usartDriver

   \                                 In section .text, align 4, keep-with-next
   \                     ??DataTable0_1:
   \        0x0   0x....'....        DC32     usartDriver

   Maximum stack usage in bytes:

   .cstack Function
   ------- --------
       0   FieldValueBase<RCC_AHB1ENR_GPIOAEN_Values<RCC::AHB1ENR, 0U, 1U, ReadWriteMode, RCC::RCCAHB1ENRBase>, RCC::RCCAHB1ENRBase, 1U>::Set<ReadWriteMode, void>()
       0   FieldValueBase<RCC_AHB1ENR_GPIOCEN_Values<RCC::AHB1ENR, 2U, 1U, ReadWriteMode, RCC::RCCAHB1ENRBase>, RCC::RCCAHB1ENRBase, 1U>::Set<ReadWriteMode, void>()
       0   FieldValueBase<RCC_CFGR_SWS_Values<RCC::CFGR, 2U, 2U, ReadMode, RCC::RCCCFGRBase>, RCC::RCCCFGRBase, 0U>::IsSet<ReadMode, void>()
       0   FieldValueBase<RCC_CFGR_SW_Values<RCC::CFGR, 0U, 2U, ReadWriteMode, RCC::RCCCFGRBase>, RCC::RCCCFGRBase, 0U>::Set<ReadWriteMode, void>()
       0   FieldValueBase<RCC_CR_HSION_Values<RCC::CR, 0U, 1U, ReadWriteMode, RCC::RCCCRBase>, RCC::RCCCRBase, 1U>::Set<ReadWriteMode, void>()
       0   FieldValueBase<RCC_CR_HSIRDY_Values<RCC::CR, 1U, 1U, ReadMode, RCC::RCCCRBase>, RCC::RCCCRBase, 1U>::IsSet<ReadMode, void>()
       0   FieldValueBase<USART2_CR1_UE_Values<USART2::CR1, 13U, 1U, ReadWriteMode, USART2::USART2CR1Base>, USART2::USART2CR1Base, 1U>::Set<ReadWriteMode, void>()
       0   Register<1073872896U, 32U, ReadWriteMode, GPIOA::GPIOAMODERBase, GPIOA_MODER_MODER15_Values<GPIOA::MODER, 4U, 2U, ReadWriteMode, GPIOA::GPIOAMODERBase>::Alternate, GPIOA_MODER_MODER15_Values<GPIOA::MODER, 6U, 2U, ReadWriteMode, GPIOA::GPIOAMODERBase>::Alternate>::Set<ReadWriteMode, void>()
       0   Register<1073872928U, 32U, ReadWriteMode, GPIOA::GPIOAAFRLBase, GPIOA_AFRL_AFRL7_Values<GPIOA::AFRL, 8U, 4U, ReadWriteMode, GPIOA::GPIOAAFRLBase>::Af7, GPIOA_AFRL_AFRL7_Values<GPIOA::AFRL, 12U, 4U, ReadWriteMode, GPIOA::GPIOAAFRLBase>::Af7>::Set<ReadWriteMode, void>()
       0   Register<1073887296U, 32U, ReadWriteMode, RCC::RCCAPB1ENRBase, RCC_AHB1ENR_DMA2EN_Values<RCC::APB1ENR, 0U, 1U, ReadWriteMode, RCC::RCCAPB1ENRBase>::Enable, RCC_AHB1ENR_DMA2EN_Values<RCC::APB1ENR, 17U, 1U, ReadWriteMode, RCC::RCCAPB1ENRBase>::Enable>::Set<ReadWriteMode, void>()
       0   RegisterBase<1073759240U, 32U, ReadWriteMode>::Write<ReadWriteMode, void>(uint32_t)
       0   RegisterBase<3758153988U, 32U, ReadWriteMode>::Write<ReadWriteMode, void>(uint32_t)
       0   USARTDriver<Usart2>::USARTDriver()
       8   __low_level_init
         8   -> FieldValueBase<RCC_AHB1ENR_GPIOAEN_Values<RCC::AHB1ENR, 0U, 1U, ReadWriteMode, RCC::RCCAHB1ENRBase>, RCC::RCCAHB1ENRBase, 1U>::Set<ReadWriteMode, void>()
         8   -> FieldValueBase<RCC_AHB1ENR_GPIOCEN_Values<RCC::AHB1ENR, 2U, 1U, ReadWriteMode, RCC::RCCAHB1ENRBase>, RCC::RCCAHB1ENRBase, 1U>::Set<ReadWriteMode, void>()
         8   -> FieldValueBase<RCC_CFGR_SWS_Values<RCC::CFGR, 2U, 2U, ReadMode, RCC::RCCCFGRBase>, RCC::RCCCFGRBase, 0U>::IsSet<ReadMode, void>()
         8   -> FieldValueBase<RCC_CFGR_SW_Values<RCC::CFGR, 0U, 2U, ReadWriteMode, RCC::RCCCFGRBase>, RCC::RCCCFGRBase, 0U>::Set<ReadWriteMode, void>()
         8   -> FieldValueBase<RCC_CR_HSION_Values<RCC::CR, 0U, 1U, ReadWriteMode, RCC::RCCCRBase>, RCC::RCCCRBase, 1U>::Set<ReadWriteMode, void>()
         8   -> FieldValueBase<RCC_CR_HSIRDY_Values<RCC::CR, 1U, 1U, ReadMode, RCC::RCCCRBase>, RCC::RCCCRBase, 1U>::IsSet<ReadMode, void>()
         8   -> FieldValueBase<USART2_CR1_UE_Values<USART2::CR1, 13U, 1U, ReadWriteMode, USART2::USART2CR1Base>, USART2::USART2CR1Base, 1U>::Set<ReadWriteMode, void>()
         8   -> Register<1073872896U, 32U, ReadWriteMode, GPIOA::GPIOAMODERBase, GPIOA_MODER_MODER15_Values<GPIOA::MODER, 4U, 2U, ReadWriteMode, GPIOA::GPIOAMODERBase>::Alternate, GPIOA_MODER_MODER15_Values<GPIOA::MODER, 6U, 2U, ReadWriteMode, GPIOA::GPIOAMODERBase>::Alternate>::Set<ReadWriteMode, void>()
         8   -> Register<1073872928U, 32U, ReadWriteMode, GPIOA::GPIOAAFRLBase, GPIOA_AFRL_AFRL7_Values<GPIOA::AFRL, 8U, 4U, ReadWriteMode, GPIOA::GPIOAAFRLBase>::Af7, GPIOA_AFRL_AFRL7_Values<GPIOA::AFRL, 12U, 4U, ReadWriteMode, GPIOA::GPIOAAFRLBase>::Af7>::Set<ReadWriteMode, void>()
         8   -> Register<1073887296U, 32U, ReadWriteMode, RCC::RCCAPB1ENRBase, RCC_AHB1ENR_DMA2EN_Values<RCC::APB1ENR, 0U, 1U, ReadWriteMode, RCC::RCCAPB1ENRBase>::Enable, RCC_AHB1ENR_DMA2EN_Values<RCC::APB1ENR, 17U, 1U, ReadWriteMode, RCC::RCCAPB1ENRBase>::Enable>::Set<ReadWriteMode, void>()
         8   -> RegisterBase<1073759240U, 32U, ReadWriteMode>::Write<ReadWriteMode, void>(uint32_t)
         8   -> RegisterBase<3758153988U, 32U, ReadWriteMode>::Write<ReadWriteMode, void>(uint32_t)
       8   __sti__routine()
         8   -> USARTDriver<Usart2>::USARTDriver()
       8   main
         8   -> ButtonPoll::ButtonPollInitialization()


   Section sizes:

   Bytes  Function/Label
   -----  --------------
       4  ??DataTable0
       4  ??DataTable0_1
      16  FieldValueBase<RCC_AHB1ENR_GPIOAEN_Values<RCC::AHB1ENR, 0U, 1U, ReadWriteMode, RCC::RCCAHB1ENRBase>, RCC::RCCAHB1ENRBase, 1U>::Set<ReadWriteMode, void>()
      16  FieldValueBase<RCC_AHB1ENR_GPIOCEN_Values<RCC::AHB1ENR, 2U, 1U, ReadWriteMode, RCC::RCCAHB1ENRBase>, RCC::RCCAHB1ENRBase, 1U>::Set<ReadWriteMode, void>()
      24  FieldValueBase<RCC_CFGR_SWS_Values<RCC::CFGR, 2U, 2U, ReadMode, RCC::RCCCFGRBase>, RCC::RCCCFGRBase, 0U>::IsSet<ReadMode, void>()
      16  FieldValueBase<RCC_CFGR_SW_Values<RCC::CFGR, 0U, 2U, ReadWriteMode, RCC::RCCCFGRBase>, RCC::RCCCFGRBase, 0U>::Set<ReadWriteMode, void>()
      16  FieldValueBase<RCC_CR_HSION_Values<RCC::CR, 0U, 1U, ReadWriteMode, RCC::RCCCRBase>, RCC::RCCCRBase, 1U>::Set<ReadWriteMode, void>()
      16  FieldValueBase<RCC_CR_HSIRDY_Values<RCC::CR, 1U, 1U, ReadMode, RCC::RCCCRBase>, RCC::RCCCRBase, 1U>::IsSet<ReadMode, void>()
      16  FieldValueBase<USART2_CR1_UE_Values<USART2::CR1, 13U, 1U, ReadWriteMode, USART2::USART2CR1Base>, USART2::USART2CR1Base, 1U>::Set<ReadWriteMode, void>()
      20  Register<1073872896U, 32U, ReadWriteMode, GPIOA::GPIOAMODERBase, GPIOA_MODER_MODER15_Values<GPIOA::MODER, 4U, 2U, ReadWriteMode, GPIOA::GPIOAMODERBase>::Alternate, GPIOA_MODER_MODER15_Values<GPIOA::MODER, 6U, 2U, ReadWriteMode, GPIOA::GPIOAMODERBase>::Alternate>::Set<ReadWriteMode, void>()
      20  Register<1073872928U, 32U, ReadWriteMode, GPIOA::GPIOAAFRLBase, GPIOA_AFRL_AFRL7_Values<GPIOA::AFRL, 8U, 4U, ReadWriteMode, GPIOA::GPIOAAFRLBase>::Af7, GPIOA_AFRL_AFRL7_Values<GPIOA::AFRL, 12U, 4U, ReadWriteMode, GPIOA::GPIOAAFRLBase>::Af7>::Set<ReadWriteMode, void>()
      28  Register<1073887296U, 32U, ReadWriteMode, RCC::RCCAPB1ENRBase, RCC_AHB1ENR_DMA2EN_Values<RCC::APB1ENR, 0U, 1U, ReadWriteMode, RCC::RCCAPB1ENRBase>::Enable, RCC_AHB1ENR_DMA2EN_Values<RCC::APB1ENR, 17U, 1U, ReadWriteMode, RCC::RCCAPB1ENRBase>::Enable>::Set<ReadWriteMode, void>()
      12  RegisterBase<1073759240U, 32U, ReadWriteMode>::Write<ReadWriteMode, void>(uint32_t)
      12  RegisterBase<3758153988U, 32U, ReadWriteMode>::Write<ReadWriteMode, void>(uint32_t)
      12  USARTDriver<Usart2>::USARTDriver()
      68  __low_level_init
      22  __sti__routine()
       8  main
       4  mask
       4  mask
       4  mask
       1  std::chrono::steady_clock::is_steady
       1  std::chrono::system_clock::is_monotonic
       1  std::chrono::system_clock::is_steady
     264  usartDriver
       4  value
       4  value
       4  value
      29  -- Other

 
 265 bytes in section .bss
   4 bytes in section .init_array
  51 bytes in section .rodata
 330 bytes in section .text
 
 110 bytes of CODE  memory (+ 224 bytes shared)
   0 bytes of CONST memory (+  51 bytes shared)
   0 bytes of DATA  memory (+ 265 bytes shared)

Errors: none
Warnings: 2
