###############################################################################
#
# IAR ANSI C/C++ Compiler V8.40.2.214/W32 for ARM         21/May/2021  23:29:17
# Copyright 1999-2019 IAR Systems AB.
#
#    Cpu mode     =  
#    Endian       =  little
#    Source file  =  D:\Git\POIP\Kursovoy\code\startupF411RE.cpp
#    Command line =
#        -f C:\Users\KONSTA~1\AppData\Local\Temp\EW8188.tmp
#        (D:\Git\POIP\Kursovoy\code\startupF411RE.cpp -lC
#        D:\Git\POIP\Kursovoy\code\Debug\List -lA
#        D:\Git\POIP\Kursovoy\code\Debug\List -o
#        D:\Git\POIP\Kursovoy\code\Debug\Obj --no_cse --no_unroll --no_inline
#        --no_code_motion --no_tbaa --no_clustering --no_scheduling --debug
#        --endian=little --cpu=Cortex-M4 -e --fpu=VFPv4_sp --dlib_config
#        D:\IAR\arm\inc\c\DLib_Config_Normal.h -I
#        D:\Git\POIP\Kursovoy\code\Rtos\ -I
#        D:\Git\POIP\Kursovoy\code\Rtos\wrapper\ -I
#        D:\Git\POIP\Kursovoy\code\Rtos\wrapper\FreeRtos\ -I
#        D:\Git\POIP\Kursovoy\code\Rtos\FreeRtos\ -I
#        D:\Git\POIP\Kursovoy\code\Rtos\FreeRtos\include\ -I
#        D:\Git\POIP\Kursovoy\code\Rtos\FreeRtos\portable\ -I
#        D:\Git\POIP\Kursovoy\code\Rtos\FreeRtos\portable\Common\ -I
#        D:\Git\POIP\Kursovoy\code\Rtos\FreeRtos\portable\IAR\ -I
#        D:\Git\POIP\Kursovoy\code\Rtos\FreeRtos\portable\IAR\ARM_CM4F\ -I
#        D:\Git\POIP\Kursovoy\code\Rtos\FreeRtos\portable\MemMang\ -I
#        D:\Git\POIP\Kursovoy\code\MyTasks\ -I
#        D:\Git\POIP\Kursovoy\code\Common\ -I D:\Git\POIP\Kursovoy\code\CMSIS\
#        -I D:\Git\POIP\Kursovoy\code\Application\ -I
#        D:\Git\POIP\Kursovoy\code\Application\Diagnostic\ -I
#        D:\Git\POIP\Kursovoy\code\AHardware\ -I
#        D:\Git\POIP\Kursovoy\code\AHardware\GpioPort\ -I
#        D:\Git\POIP\Kursovoy\code\AHardware\IrqController\ -I
#        D:\Git\POIP\Kursovoy\code\..\CortexLib\AbstractHardware\Pin\ -I
#        D:\Git\POIP\Kursovoy\code\..\CortexLib\AbstractHardware\Registers\STM32F411\FieldValues\
#        -I
#        D:\Git\POIP\Kursovoy\code\..\CortexLib\AbstractHardware\Registers\STM32F411\
#        -I D:\Git\POIP\Kursovoy\code\..\CortexLib\AbstractHardware\Registers\
#        -I D:\Git\POIP\Kursovoy\code\..\CortexLib\AbstractHardware\Port\ -I
#        D:\Git\POIP\Kursovoy\code\..\CortexLib\AbstractHardware\Atomic\ -I
#        D:\Git\POIP\Kursovoy\code\..\CortexLib\Common\ -I
#        D:\Git\POIP\Kursovoy\code\..\CortexLib\Common\Singleton\ -I
#        D:\Git\POIP\Kursovoy\code\..\CortexLib\Common\RomObject\ -I
#        D:\Git\POIP\Kursovoy\code\AHardware\Registers\ -I
#        D:\Git\POIP\Kursovoy\code\AHardware\Registers\CortexM4\ -I
#        D:\Git\POIP\Kursovoy\code\AHardware\Registers\CortexM4\FieldValues\ -I
#        D:\Git\POIP\Kursovoy\code\AHardware\Registers\STM32F411\FieldValues\
#        -I D:\Git\POIP\Kursovoy\code\Common\ -I
#        D:\Git\POIP\Kursovoy\code\AHardware\Atomic\ -I
#        D:\Git\POIP\Kursovoy\code\AHardware\USART\ -I
#        D:\Git\POIP\Kursovoy\code\Tasks\ -I
#        D:\Git\POIP\Kursovoy\code\Application\Button\ -I
#        D:\Git\POIP\Kursovoy\code\Application\ -I
#        D:\Git\POIP\Kursovoy\code\AHardware\Timer\ -I
#        D:\Git\POIP\Kursovoy\code\AHardware\ -I
#        D:\Git\POIP\Kursovoy\code\AHardware\Registers\STM32F411\ -I
#        D:\Git\POIP\Kursovoy\code\AHardware\Registers\IrqController\ -I
#        D:\Git\POIP\Kursovoy\code\AHardware\Button\ -I
#        D:\Git\POIP\Kursovoy\code\AHardware\ButtonPoll\ -I
#        D:\Git\POIP\Kursovoy\code\AHardware\ITransmit\ -I
#        D:\Git\POIP\Kursovoy\code\AHardware\LCDDriver\ -I
#        D:\Git\POIP\Kursovoy\code\AHardware\SMBus\ -I
#        D:\Git\POIP\Kursovoy\code\AHardware\SPIx\ -I
#        D:\Git\POIP\Kursovoy\code\AHardware\TempSens\ -I
#        D:\Git\POIP\Kursovoy\code\AHardware\Timer\ -I
#        D:\Git\POIP\Kursovoy\code\AHardware\UART\ -I
#        D:\Git\POIP\Kursovoy\code\AHardware\UARTDriver\ -I
#        D:\Git\POIP\Kursovoy\code\Application\Filter\ -I
#        D:\Git\POIP\Kursovoy\code\Application\Tasks\ -I
#        D:\Git\POIP\Kursovoy\code\Application\Tasks\BlueToothTask\ -I
#        D:\Git\POIP\Kursovoy\code\Application\Tasks\ScreenTask\ -I
#        D:\Git\POIP\Kursovoy\code\Application\Tasks\TemperatureTask\ -I
#        D:\Git\POIP\Kursovoy\code\Application\Temp\ -I
#        D:\Git\POIP\Kursovoy\code\Application\Temp\Temp\ -I
#        D:\Git\POIP\Kursovoy\code\Application\Temp\Units\ -I
#        D:\Git\POIP\Kursovoy\code\AHardware\InterruptHandler\ -I
#        D:\Git\POIP\Kursovoy\code\ -I
#        D:\Git\POIP\Kursovoy\code\AHardware\Temp\ -I
#        D:\Git\POIP\Kursovoy\code\Common\ -I
#        D:\Git\POIP\Kursovoy\code\AHardware\LCDDriver\Fonts\ -I
#        D:\Git\POIP\Kursovoy\code\AHardware\Pin\ -I
#        D:\Git\POIP\Kursovoy\code\AHardware\Port\ -I
#        D:\Git\POIP\Kursovoy\code\AHardware\Atomic\ -I
#        D:\Git\POIP\Kursovoy\code\AHardware\LCDDriver\ -I
#        D:\Git\POIP\Kursovoy\code\AHardware\Filter\ -Ol --c++ --no_exceptions
#        --no_rtti)
#    Locale       =  C
#    List file    =  D:\Git\POIP\Kursovoy\code\Debug\List\startupF411RE.lst
#    Object file  =  D:\Git\POIP\Kursovoy\code\Debug\Obj\startupF411RE.o
#
###############################################################################

D:\Git\POIP\Kursovoy\code\startupF411RE.cpp
      1          
      2          #pragma language = extended
      3          #pragma segment = "CSTACK"
      4          #include "USARTDriver.h"

   \                                 In section .text, align 2
   \   __interwork __vfp uint8_t & std::array<uint8_t, 255U>::operator[](size_t)
   \                     _ZNSt5arrayIhLj255EEixEj: (+1)
   \        0x0   0x4408             ADD      R0,R0,R1
   \        0x2   0x4770             BX       LR               ;; return

   \                                 In section .text, align 2
   \   __code __interwork __vfp USARTDriver<Usart2>::USARTDriver()
   \                     _ZN11USARTDriverI6Usart2EC1Ev: (+1)
   \        0x0   0x2100             MOVS     R1,#+0
   \        0x2   0x6001             STR      R1,[R0, #+0]
   \        0x4   0x2100             MOVS     R1,#+0
   \        0x6   0xF8C0 0x1104      STR      R1,[R0, #+260]
   \        0xA   0x4770             BX       LR               ;; return

   \                                 In section .text, align 2
   \   __interwork __vfp void USARTDriver<Usart2>::OnNextByteTransmit()
   \                     _ZN11USARTDriverI6Usart2E18OnNextByteTransmitEv: (+1)
   \        0x0   0xB510             PUSH     {R4,LR}
   \        0x2   0x0004             MOVS     R4,R0
   \        0x4   0x6821             LDR      R1,[R4, #+0]
   \        0x6   0x1C48             ADDS     R0,R1,#+1
   \        0x8   0x6020             STR      R0,[R4, #+0]
   \        0xA   0x1D20             ADDS     R0,R4,#+4
   \        0xC   0x....'....        BL       _ZNSt5arrayIhLj255EEixEj
   \       0x10   0x7800             LDRB     R0,[R0, #+0]
   \       0x12   0x....'....        BL       _ZN5UsartI6USART2E9WriteByteEh
   \       0x16   0x6820             LDR      R0,[R4, #+0]
   \       0x18   0xF8D4 0x1104      LDR      R1,[R4, #+260]
   \       0x1C   0x4288             CMP      R0,R1
   \       0x1E   0xD305             BCC.N    ??OnNextByteTransmit_0
   \       0x20   0x....'....        BL       _ZN5UsartI6USART2E15TransmitDisableEv
   \       0x24   0x....'....        BL       _ZN5UsartI6USART2E16InterruptDisableEv
   \       0x28   0x2000             MOVS     R0,#+0
   \       0x2A   0x6020             STR      R0,[R4, #+0]
   \                     ??OnNextByteTransmit_0: (+1)
   \       0x2C   0xBD10             POP      {R4,PC}          ;; return
      5          
      6          #include "usartconfig.h"

   \                                 In section .text, align 4
   \   __interwork __vfp void FieldValueBase<USART2_CR1_RE_Values<USART2::CR1, 2U, 1U, ReadWriteMode, USART2::USART2CR1Base>, USART2::USART2CR1Base, 0U>::Set<ReadWriteMode, void>()
   \                     _ZN14FieldValueBaseI20USART2_CR1_RE_ValuesIN6USART23CR1ELj2ELj1E13ReadWriteModeNS1_13USART2CR1BaseEES4_Lj0EE3SetIS3_vEEvv: (+1)
   \        0x0   0x4902             LDR.N    R1,??Set_0       ;; 0x4000440c
   \        0x2   0x6808             LDR      R0,[R1, #+0]
   \        0x4   0xF030 0x0004      BICS     R0,R0,#0x4
   \        0x8   0x6008             STR      R0,[R1, #+0]
   \        0xA   0x4770             BX       LR               ;; return
   \                     ??Set_0:
   \        0xC   0x4000'440C        DC32     0x4000440c

   \                                 In section .text, align 4
   \   __interwork __vfp void FieldValueBase<USART2_CR1_TXEIE_Values<USART2::CR1, 7U, 1U, ReadWriteMode, USART2::USART2CR1Base>, USART2::USART2CR1Base, 0U>::Set<ReadWriteMode, void>()
   \                     _ZN14FieldValueBaseI23USART2_CR1_TXEIE_ValuesIN6USART23CR1ELj7ELj1E13ReadWriteModeNS1_13USART2CR1BaseEES4_Lj0EE3SetIS3_vEEvv: (+1)
   \        0x0   0x4902             LDR.N    R1,??Set_1       ;; 0x4000440c
   \        0x2   0x6808             LDR      R0,[R1, #+0]
   \        0x4   0xF030 0x0080      BICS     R0,R0,#0x80
   \        0x8   0x6008             STR      R0,[R1, #+0]
   \        0xA   0x4770             BX       LR               ;; return
   \                     ??Set_1:
   \        0xC   0x4000'440C        DC32     0x4000440c

   \                                 In section .text, align 4
   \   __interwork __vfp void RegisterBase<1073759236U, 32U, ReadWriteMode>::Write<ReadWriteMode, void>(uint32_t)
   \                     _ZN12RegisterBaseILj1073759236ELj32E13ReadWriteModeE5WriteIS0_vEEvj: (+1)
   \        0x0   0x4901             LDR.N    R1,??Write_0     ;; 0x40004404
   \        0x2   0x6008             STR      R0,[R1, #+0]
   \        0x4   0x4770             BX       LR               ;; return
   \        0x6   0xBF00             Nop      
   \                     ??Write_0:
   \        0x8   0x4000'4404        DC32     0x40004404

   \                                 In section .text, align 2
   \   __interwork __vfp void Usart<USART2>::WriteByte(uint8_t)
   \                     _ZN5UsartI6USART2E9WriteByteEh: (+1)
   \        0x0   0xB580             PUSH     {R7,LR}
   \        0x2   0xB2C0             UXTB     R0,R0            ;; ZeroExt  R0,R0,#+24,#+24
   \        0x4   0x....'....        BL       _ZN12RegisterBaseILj1073759236ELj32E13ReadWriteModeE5WriteIS0_vEEvj
   \        0x8   0xBD01             POP      {R0,PC}          ;; return

   \                                 In section .text, align 2
   \   __interwork __vfp void Usart<USART2>::InterruptDisable()
   \                     _ZN5UsartI6USART2E16InterruptDisableEv: (+1)
   \        0x0   0xB580             PUSH     {R7,LR}
   \        0x2   0x....'....        BL       _ZN14FieldValueBaseI23USART2_CR1_TXEIE_ValuesIN6USART23CR1ELj7ELj1E13ReadWriteModeNS1_13USART2CR1BaseEES4_Lj0EE3SetIS3_vEEvv
   \        0x6   0xBD01             POP      {R0,PC}          ;; return

   \                                 In section .text, align 2
   \   __interwork __vfp void Usart<USART2>::TransmitDisable()
   \                     _ZN5UsartI6USART2E15TransmitDisableEv: (+1)
   \        0x0   0xB580             PUSH     {R7,LR}
   \        0x2   0x....'....        BL       _ZN14FieldValueBaseI20USART2_CR1_RE_ValuesIN6USART23CR1ELj2ELj1E13ReadWriteModeNS1_13USART2CR1BaseEES4_Lj0EE3SetIS3_vEEvv
   \        0x6   0xBD01             POP      {R0,PC}          ;; return

   \                                 In section .text, align 2, keep-with-next
   \   static __intrinsic __interwork __vfp void __sti__routine()
   \                     __sti__routine: (+1)
   \        0x0   0xB580             PUSH     {R7,LR}
   \        0x2   0x....             LDR.N    R1,??DataTable0
   \        0x4   0x7808             LDRB     R0,[R1, #+0]
   \        0x6   0x2800             CMP      R0,#+0
   \        0x8   0xD104             BNE.N    ??__sti__routine_0
   \        0xA   0x2001             MOVS     R0,#+1
   \        0xC   0x7008             STRB     R0,[R1, #+0]
   \        0xE   0x....             LDR.N    R0,??DataTable0_1
   \       0x10   0x....'....        BL       _ZN11USARTDriverI6Usart2EC1Ev
   \                     ??__sti__routine_0: (+1)
   \       0x14   0xBD01             POP      {R0,PC}          ;; return

   \                                 In section .bss, align 4
   \   __absolute USARTDriver<Usart2> usartDriver
   \                     usartDriver:
   \        0x0                      DS8 264
      7          #include "Timer.hpp"

   \                                 In section .rodata, align 1
   \   __absolute bool const std::chrono::system_clock::is_steady
   \                     _ZNSt6chrono12system_clock9is_steadyE:
   \        0x0   0x00               DC8 0

   \                                 In section .rodata, align 1
   \   __absolute bool const std::chrono::system_clock::is_monotonic
   \                     _ZNSt6chrono12system_clock12is_monotonicE:
   \        0x0   0x00               DC8 0

   \                                 In section .rodata, align 1
   \   __absolute bool const std::chrono::steady_clock::is_steady
   \                     _ZNSt6chrono12steady_clock9is_steadyE:
   \        0x0   0x01               DC8 1

   \                                 In section .text, align 2
   \   __interwork __vfp void OsWrapper::RtosWrapper::wHandleSvcInterrupt()
   \                     _ZN9OsWrapper11RtosWrapper19wHandleSvcInterruptEv: (+1)
   \        0x0   0xB580             PUSH     {R7,LR}
   \        0x2   0x....'....        BL       vPortSVCHandler
   \        0x6   0xBD01             POP      {R0,PC}          ;; return

   \                                 In section .text, align 2
   \   __interwork __vfp void OsWrapper::RtosWrapper::wHandleSysTickInterrupt()
   \                     _ZN9OsWrapper11RtosWrapper23wHandleSysTickInterruptEv: (+1)
   \        0x0   0xB580             PUSH     {R7,LR}
   \        0x2   0x....'....        BL       xPortSysTickHandler
   \        0x6   0xBD01             POP      {R0,PC}          ;; return
      8          #include "rtos.hpp"

   \                                 In section .text, align 2
   \   __interwork __vfp void OsWrapper::Rtos::HandleSvcInterrupt()
   \                     _ZN9OsWrapper4Rtos18HandleSvcInterruptEv: (+1)
   \        0x0   0xB580             PUSH     {R7,LR}
   \        0x2   0x....'....        BL       _ZN9OsWrapper11RtosWrapper19wHandleSvcInterruptEv
   \        0x6   0xBD01             POP      {R0,PC}          ;; return

   \                                 In section .text, align 2
   \   __interwork __vfp void OsWrapper::Rtos::HandleSysTickInterrupt()
   \                     _ZN9OsWrapper4Rtos22HandleSysTickInterruptEv: (+1)
   \        0x0   0xB580             PUSH     {R7,LR}
   \        0x2   0x....'....        BL       _ZN9OsWrapper11RtosWrapper23wHandleSysTickInterruptEv
   \        0x6   0xBD01             POP      {R0,PC}          ;; return
      9          extern "C" void __iar_program_start( void );
     10          extern "C" void xPortPendSVHandler(void);
     11          
     12          
     13          class Uart
     14          {
     15          public:

   \                                 In section .text, align 4
     16            static void interruptHandler()
     17            {
   \                     _ZN4Uart16interruptHandlerEv: (+1)
   \        0x0   0xB580             PUSH     {R7,LR}
     18              usartDriver.OnNextByteTransmit();
   \        0x2   0x4802             LDR.N    R0,??interruptHandler_0
   \        0x4   0x....'....        BL       _ZN11USARTDriverI6Usart2E18OnNextByteTransmitEv
     19            }
   \        0x8   0xBD01             POP      {R0,PC}          ;; return
   \        0xA   0xBF00             Nop      
   \                     ??interruptHandler_0:
   \        0xC   0x....'....        DC32     usartDriver
     20          };
     21          
     22          
     23          class DummyModule
     24          {
     25            public:
     26              static void handler();
     27          };
     28          
     29          using tIntFunct = void(*)();
     30          //cstat !MISRAC++2008-9-5-1
     31          using tIntVectItem = union {tIntFunct __fun; void * __ptr;};
     32          
     33          // The vector table is normally located at address 0.
     34          // When debugging in RAM, it can be located in RAM, aligned to at least 2^6.
     35          // If you need to define interrupt service routines,
     36          // make a copy of this file and include it in your project.
     37          // The name "__vector_table" has special meaning for C-SPY:
     38          // it is where the SP start value is found, and the NVIC vector
     39          // table register (VTOR) is initialized to this address if != 0.
     40          
     41          #pragma location = ".intvec"
     42          //cstat !MISRAC++2008-0-1-4_b !MISRAC++2008-9-5-1

   \                                 In section .intvec, align 4
     43          extern "C" const tIntVectItem __vector_table[] =
   \                     __vector_table:
   \        0x0   0x....'....        DC32 SFE(CSTACK), __iar_program_start, _ZN11DummyModule7handlerEv
   \              0x....'....  
   \              0x....'....  
   \        0xC   0x....'....        DC32 _ZN11DummyModule7handlerEv, _ZN11DummyModule7handlerEv
   \              0x....'....  
   \       0x14   0x....'....        DC32 _ZN11DummyModule7handlerEv, _ZN11DummyModule7handlerEv, 0x0, 0x0
   \              0x....'....  
   \              0x0000'0000  
   \              0x0000'0000  
   \       0x24   0x0000'0000        DC32 0x0, 0x0, _ZN9OsWrapper4Rtos18HandleSvcInterruptEv
   \              0x0000'0000  
   \              0x....'....  
   \       0x30   0x....'....        DC32 _ZN11DummyModule7handlerEv, 0x0, xPortPendSVHandler
   \              0x0000'0000  
   \              0x....'....  
   \       0x3C   0x....'....        DC32 _ZN9OsWrapper4Rtos22HandleSysTickInterruptEv
   \       0x40   0x....'....        DC32 _ZN11DummyModule7handlerEv, _ZN11DummyModule7handlerEv
   \              0x....'....  
   \       0x48   0x....'....        DC32 _ZN11DummyModule7handlerEv, _ZN11DummyModule7handlerEv
   \              0x....'....  
   \       0x50   0x....'....        DC32 _ZN11DummyModule7handlerEv, _ZN11DummyModule7handlerEv
   \              0x....'....  
   \       0x58   0x....'....        DC32 _ZN11DummyModule7handlerEv, _ZN11DummyModule7handlerEv
   \              0x....'....  
   \       0x60   0x....'....        DC32 _ZN11DummyModule7handlerEv, _ZN11DummyModule7handlerEv
   \              0x....'....  
   \       0x68   0x....'....        DC32 _ZN11DummyModule7handlerEv, _ZN11DummyModule7handlerEv
   \              0x....'....  
   \       0x70   0x....'....        DC32 _ZN11DummyModule7handlerEv, _ZN11DummyModule7handlerEv
   \              0x....'....  
   \       0x78   0x....'....        DC32 _ZN11DummyModule7handlerEv, _ZN11DummyModule7handlerEv
   \              0x....'....  
   \       0x80   0x....'....        DC32 _ZN11DummyModule7handlerEv, _ZN11DummyModule7handlerEv
   \              0x....'....  
   \       0x88   0x....'....        DC32 _ZN11DummyModule7handlerEv, 0x0, 0x0, 0x0, 0x0
   \              0x0000'0000  
   \              0x0000'0000  
   \              0x0000'0000  
   \              0x0000'0000  
   \       0x9C   0x....'....        DC32 _ZN11DummyModule7handlerEv, _ZN11DummyModule7handlerEv
   \              0x....'....  
   \       0xA4   0x....'....        DC32 _ZN11DummyModule7handlerEv, _ZN11DummyModule7handlerEv
   \              0x....'....  
   \       0xAC   0x....'....        DC32 _ZN5Timer16InterruptHandlerEv, _ZN5Timer16InterruptHandlerEv
   \              0x....'....  
   \       0xB4   0x....'....        DC32 _ZN5Timer16InterruptHandlerEv, _ZN11DummyModule7handlerEv
   \              0x....'....  
   \       0xBC   0x....'....        DC32 _ZN11DummyModule7handlerEv, _ZN11DummyModule7handlerEv
   \              0x....'....  
   \       0xC4   0x....'....        DC32 _ZN11DummyModule7handlerEv, _ZN11DummyModule7handlerEv
   \              0x....'....  
   \       0xCC   0x....'....        DC32 _ZN11DummyModule7handlerEv, _ZN11DummyModule7handlerEv
   \              0x....'....  
   \       0xD4   0x....'....        DC32 _ZN11DummyModule7handlerEv, _ZN4Uart16interruptHandlerEv, 0x0
   \              0x....'....  
   \              0x0000'0000  
   \       0xE0   0x....'....        DC32 _ZN11DummyModule7handlerEv, _ZN11DummyModule7handlerEv
   \              0x....'....  
   \       0xE8   0x....'....        DC32 _ZN11DummyModule7handlerEv, 0x0, 0x0, 0x0, 0x0
   \              0x0000'0000  
   \              0x0000'0000  
   \              0x0000'0000  
   \              0x0000'0000  
   \       0xFC   0x....'....        DC32 _ZN11DummyModule7handlerEv, 0x0, _ZN11DummyModule7handlerEv
   \              0x0000'0000  
   \              0x....'....  
   \      0x108   0x....'....        DC32 _ZN11DummyModule7handlerEv, _ZN11DummyModule7handlerEv, 0x0, 0x0
   \              0x....'....  
   \              0x0000'0000  
   \              0x0000'0000  
   \      0x118   0x0000'0000        DC32 0x0, 0x0, _ZN11DummyModule7handlerEv, _ZN11DummyModule7handlerEv
   \              0x0000'0000  
   \              0x....'....  
   \              0x....'....  
   \      0x128   0x....'....        DC32 _ZN11DummyModule7handlerEv, _ZN11DummyModule7handlerEv
   \              0x....'....  
   \      0x130   0x....'....        DC32 _ZN11DummyModule7handlerEv, 0x0, 0x0, 0x0, 0x0, 0x0, 0x0
   \              0x0000'0000  
   \              0x0000'0000  
   \              0x0000'0000  
   \              0x0000'0000  
   \              0x0000'0000  
   \              0x0000'0000  
   \      0x14C   0x....'....        DC32 _ZN11DummyModule7handlerEv, _ZN11DummyModule7handlerEv
   \              0x....'....  
   \      0x154   0x....'....        DC32 _ZN11DummyModule7handlerEv, _ZN11DummyModule7handlerEv
   \              0x....'....  
   \      0x15C   0x....'....        DC32 _ZN11DummyModule7handlerEv, _ZN11DummyModule7handlerEv
   \              0x....'....  
   \      0x164   0x....'....        DC32 _ZN11DummyModule7handlerEv, 0x0, 0x0, 0x0, 0x0, 0x0, 0x0, 0x0
   \              0x0000'0000  
   \              0x0000'0000  
   \              0x0000'0000  
   \              0x0000'0000  
   \              0x0000'0000  
   \              0x0000'0000  
   \              0x0000'0000  
   \      0x184   0x....'....        DC32 _ZN11DummyModule7handlerEv, 0x0, 0x0, _ZN11DummyModule7handlerEv
   \              0x0000'0000  
   \              0x0000'0000  
   \              0x....'....  
   \      0x194   0x....'....        DC32 _ZN11DummyModule7handlerEv
     44          {
     45            { .__ptr = __sfe( "CSTACK" ) },
     46            __iar_program_start,
     47          
     48            DummyModule::handler,
     49            DummyModule::handler,
     50            DummyModule::handler,
     51            DummyModule::handler,
     52            DummyModule::handler,
     53            0,
     54            0,
     55            0,
     56            0,
     57            OsWrapper::Rtos::HandleSvcInterrupt,
     58            DummyModule::handler,
     59            0,
     60            xPortPendSVHandler,
     61            OsWrapper::Rtos::HandleSysTickInterrupt,
     62            //External Interrupts
     63            DummyModule::handler,         //Window Watchdog
     64            DummyModule::handler,         //PVD through EXTI Line detect/EXTI16
     65            DummyModule::handler,         //Tamper and Time Stamp/EXTI21 
     66            DummyModule::handler,         //RTC Wakeup/EXTI22 
     67            DummyModule::handler,         //FLASH
     68            DummyModule::handler,         //RCC
     69            DummyModule::handler,         //EXTI Line 0
     70            DummyModule::handler,         //EXTI Line 1
     71            DummyModule::handler,         //EXTI Line 2
     72            DummyModule::handler,         //EXTI Line 3
     73            DummyModule::handler,         //EXTI Line 4
     74            DummyModule::handler,         //DMA1 Stream 0
     75            DummyModule::handler,         //DMA1 Stream 1
     76            DummyModule::handler,         //DMA1 Stream 2
     77            DummyModule::handler,         //DMA1 Stream 3
     78            DummyModule::handler,         //DMA1 Stream 4
     79            DummyModule::handler,         //DMA1 Stream 5
     80            DummyModule::handler,         //DMA1 Stream 6
     81            DummyModule::handler,         //ADC1
     82            0,                            //USB High Priority
     83            0,                            //USB Low  Priority
     84            0,                            //DAC
     85            0,                            //COMP through EXTI Line
     86            DummyModule::handler,         //EXTI Line 9..5
     87            DummyModule::handler,         //TIM9/TIM1 Break interrupt 
     88            DummyModule::handler,         //TIM10/TIM1 Update interrupt
     89            DummyModule::handler,         //TIM11/TIM1 Trigger/Commutation interrupts
     90            Timer::InterruptHandler,		//TIM1 Capture Compare interrupt
     91            Timer::InterruptHandler,         //TIM2  	
     92            Timer::InterruptHandler,         //TIM3
     93            DummyModule::handler,         //TIM4
     94            DummyModule::handler,         //I2C1 Event
     95            DummyModule::handler,         //I2C1 Error
     96            DummyModule::handler,         //I2C2 Event
     97            DummyModule::handler,         //I2C2 Error
     98            DummyModule::handler,         //SPI1
     99            DummyModule::handler,         //SPI2
    100            DummyModule::handler,         //USART1
    101            Uart::interruptHandler,         //USART2
    102            0,
    103            DummyModule::handler,         //EXTI Line 15..10
    104            DummyModule::handler,         //EXTI Line 17 interrupt / RTC Alarms (A and B) through EXTI line interrupt
    105            DummyModule::handler,         //EXTI Line 18 interrupt / USB On-The-Go  FS Wakeup through EXTI line interrupt
    106            0,				//TIM6
    107            0,				//TIM7  f0
    108            0,
    109            0,
    110            DummyModule::handler,         //DMA1 Stream 7 global interrupt fc
    111            0,
    112            DummyModule::handler,	        //SDIO global interrupt
    113            DummyModule::handler,	        //TIM5 global interrupt
    114            DummyModule::handler,	        //SPI3 global interrupt
    115            0,			        // 110
    116            0,
    117            0,
    118            0,
    119            DummyModule::handler,		//DMA2 Stream0 global interrupt 120
    120            DummyModule::handler,		//DMA2 Stream1 global interrupt
    121            DummyModule::handler,		//DMA2 Stream2 global interrupt
    122            DummyModule::handler,		//DMA2 Stream3 global interrupt
    123            DummyModule::handler,		//DMA2 Stream4 global interrupt 130
    124            0,
    125            0,
    126            0,
    127            0,
    128            0,
    129            0,
    130            DummyModule::handler,		//USB On The Go FS global interrupt, 14C
    131            DummyModule::handler,		//DMA2 Stream5 global interrupt
    132            DummyModule::handler,		//DMA2 Stream6 global interrupt
    133            DummyModule::handler,		//DMA2 Stream7 global interrupt
    134            DummyModule::handler,				//USART6 15C
    135            DummyModule::handler,         //I2C3 Event
    136            DummyModule::handler,         //I2C3 Error 164
    137            0,
    138            0,
    139            0,
    140            0,
    141            0,
    142            0,
    143            0,
    144            DummyModule::handler,		//FPU 184
    145            0,
    146            0,
    147            DummyModule::handler,		//SPI 4 global interrupt
    148            DummyModule::handler		//SPI 5 global interrupt
    149          };
    150          

   \                                 In section .text, align 2, keep-with-next
    151          void DummyModule::handler()   { for(;;) {} } ;
   \                     _ZN11DummyModule7handlerEv: (+1)
   \                     ??handler_0: (+1)
   \        0x0   0xE7FE             B.N      ??handler_0
    152          
    153          extern "C" void __cmain( void );
    154          extern "C" __weak void __iar_init_core( void );
    155          extern "C" __weak void __iar_init_vfp( void );
    156          
    157          #pragma required=__vector_table

   \                                 In section .text, align 2, keep-with-next
    158          void __iar_program_start( void )
    159          {
   \                     __iar_program_start: (+1)
   \        0x0   0xB580             PUSH     {R7,LR}
    160            __iar_init_core();
   \        0x2   0x....'....        BL       __iar_init_core
    161            __iar_init_vfp();
   \        0x6   0x....'....        BL       __iar_init_vfp
    162            __cmain();
   \        0xA   0x....'....        BL       __cmain
    163          }
   \        0xE   0xBD01             POP      {R0,PC}          ;; return
   \       0x10                      REQUIRE __vector_table

   \                                 In section .text, align 4, keep-with-next
   \                     ??DataTable0:
   \        0x0   0x....'....        DC32     _ZGV11usartDriver

   \                                 In section .text, align 4, keep-with-next
   \                     ??DataTable0_1:
   \        0x0   0x....'....        DC32     usartDriver
    164          

   Maximum stack usage in bytes:

   .cstack Function
   ------- --------
       0   DummyModule::handler()
       0   FieldValueBase<USART2_CR1_RE_Values<USART2::CR1, 2U, 1U, ReadWriteMode, USART2::USART2CR1Base>, USART2::USART2CR1Base, 0U>::Set<ReadWriteMode, void>()
       0   FieldValueBase<USART2_CR1_TXEIE_Values<USART2::CR1, 7U, 1U, ReadWriteMode, USART2::USART2CR1Base>, USART2::USART2CR1Base, 0U>::Set<ReadWriteMode, void>()
       8   OsWrapper::Rtos::HandleSvcInterrupt()
         8   -> OsWrapper::RtosWrapper::wHandleSvcInterrupt()
       8   OsWrapper::Rtos::HandleSysTickInterrupt()
         8   -> OsWrapper::RtosWrapper::wHandleSysTickInterrupt()
       8   OsWrapper::RtosWrapper::wHandleSvcInterrupt()
         8   -> OsWrapper::vPortSVCHandler
       8   OsWrapper::RtosWrapper::wHandleSysTickInterrupt()
         8   -> OsWrapper::xPortSysTickHandler
       0   RegisterBase<1073759236U, 32U, ReadWriteMode>::Write<ReadWriteMode, void>(uint32_t)
       8   USARTDriver<Usart2>::OnNextByteTransmit()
         8   -> Usart<USART2>::InterruptDisable()
         8   -> Usart<USART2>::TransmitDisable()
         8   -> Usart<USART2>::WriteByte(uint8_t)
         8   -> std::array<uint8_t, 255U>::operator[](size_t)
       0   USARTDriver<Usart2>::USARTDriver()
       8   Uart::interruptHandler()
         8   -> USARTDriver<Usart2>::OnNextByteTransmit()
       8   Usart<USART2>::InterruptDisable()
         8   -> FieldValueBase<USART2_CR1_TXEIE_Values<USART2::CR1, 7U, 1U, ReadWriteMode, USART2::USART2CR1Base>, USART2::USART2CR1Base, 0U>::Set<ReadWriteMode, void>()
       8   Usart<USART2>::TransmitDisable()
         8   -> FieldValueBase<USART2_CR1_RE_Values<USART2::CR1, 2U, 1U, ReadWriteMode, USART2::USART2CR1Base>, USART2::USART2CR1Base, 0U>::Set<ReadWriteMode, void>()
       8   Usart<USART2>::WriteByte(uint8_t)
         8   -> RegisterBase<1073759236U, 32U, ReadWriteMode>::Write<ReadWriteMode, void>(uint32_t)
       8   __iar_program_start
         8   -> __cmain
         8   -> __iar_init_core
         8   -> __iar_init_vfp
       8   __sti__routine()
         8   -> USARTDriver<Usart2>::USARTDriver()
       0   std::array<uint8_t, 255U>::operator[](size_t)


   Section sizes:

   Bytes  Function/Label
   -----  --------------
       4  ??DataTable0
       4  ??DataTable0_1
       2  DummyModule::handler()
      16  FieldValueBase<USART2_CR1_RE_Values<USART2::CR1, 2U, 1U, ReadWriteMode, USART2::USART2CR1Base>, USART2::USART2CR1Base, 0U>::Set<ReadWriteMode, void>()
      16  FieldValueBase<USART2_CR1_TXEIE_Values<USART2::CR1, 7U, 1U, ReadWriteMode, USART2::USART2CR1Base>, USART2::USART2CR1Base, 0U>::Set<ReadWriteMode, void>()
       8  OsWrapper::Rtos::HandleSvcInterrupt()
       8  OsWrapper::Rtos::HandleSysTickInterrupt()
       8  OsWrapper::RtosWrapper::wHandleSvcInterrupt()
       8  OsWrapper::RtosWrapper::wHandleSysTickInterrupt()
      12  RegisterBase<1073759236U, 32U, ReadWriteMode>::Write<ReadWriteMode, void>(uint32_t)
      46  USARTDriver<Usart2>::OnNextByteTransmit()
      12  USARTDriver<Usart2>::USARTDriver()
      16  Uart::interruptHandler()
       8  Usart<USART2>::InterruptDisable()
       8  Usart<USART2>::TransmitDisable()
      10  Usart<USART2>::WriteByte(uint8_t)
      16  __iar_program_start
      22  __sti__routine()
     408  __vector_table
       4  std::array<uint8_t, 255U>::operator[](size_t)
       1  std::chrono::steady_clock::is_steady
       1  std::chrono::system_clock::is_monotonic
       1  std::chrono::system_clock::is_steady
     264  usartDriver
      49  -- Other

 
 265 bytes in section .bss
   4 bytes in section .init_array
 408 bytes in section .intvec
  47 bytes in section .rodata
 228 bytes in section .text
 
  52 bytes of CODE  memory (+ 180 bytes shared)
 408 bytes of CONST memory (+  47 bytes shared)
   0 bytes of DATA  memory (+ 265 bytes shared)

Errors: none
Warnings: none
