###############################################################################
#
# IAR ANSI C/C++ Compiler V8.40.2.214/W32 for ARM         15/May/2021  19:04:32
# Copyright 1999-2019 IAR Systems AB.
#
#    Cpu mode     =  
#    Endian       =  little
#    Source file  =  D:\Git\POIP\Kursovoy\code\AHardware\Timer\Timer.cpp
#    Command line =
#        -f C:\Users\KONSTA~1\AppData\Local\Temp\EW49A.tmp
#        (D:\Git\POIP\Kursovoy\code\AHardware\Timer\Timer.cpp -lC
#        D:\Git\POIP\Kursovoy\code\Debug\List -lA
#        D:\Git\POIP\Kursovoy\code\Debug\List -o
#        D:\Git\POIP\Kursovoy\code\Debug\Obj --no_cse --no_unroll --no_inline
#        --no_code_motion --no_tbaa --no_clustering --no_scheduling --debug
#        --endian=little --cpu=Cortex-M4 -e --fpu=VFPv4_sp --dlib_config
#        D:\IAR\arm\inc\c\DLib_Config_Normal.h -I
#        D:\Git\POIP\Kursovoy\code\Rtos\ -I
#        D:\Git\POIP\Kursovoy\code\Rtos\wrapper\ -I
#        D:\Git\POIP\Kursovoy\code\Rtos\wrapper\FreeRtos\ -I
#        D:\Git\POIP\Kursovoy\code\Rtos\FreeRtos\ -I
#        D:\Git\POIP\Kursovoy\code\Rtos\FreeRtos\include\ -I
#        D:\Git\POIP\Kursovoy\code\Rtos\FreeRtos\portable\ -I
#        D:\Git\POIP\Kursovoy\code\Rtos\FreeRtos\portable\Common\ -I
#        D:\Git\POIP\Kursovoy\code\Rtos\FreeRtos\portable\IAR\ -I
#        D:\Git\POIP\Kursovoy\code\Rtos\FreeRtos\portable\IAR\ARM_CM4F\ -I
#        D:\Git\POIP\Kursovoy\code\Rtos\FreeRtos\portable\MemMang\ -I
#        D:\Git\POIP\Kursovoy\code\MyTasks\ -I
#        D:\Git\POIP\Kursovoy\code\Common\ -I D:\Git\POIP\Kursovoy\code\CMSIS\
#        -I D:\Git\POIP\Kursovoy\code\Application\ -I
#        D:\Git\POIP\Kursovoy\code\Application\Diagnostic\ -I
#        D:\Git\POIP\Kursovoy\code\AHardware\ -I
#        D:\Git\POIP\Kursovoy\code\AHardware\GpioPort\ -I
#        D:\Git\POIP\Kursovoy\code\AHardware\IrqController\ -I
#        D:\Git\POIP\Kursovoy\code\..\CortexLib\AbstractHardware\Pin\ -I
#        D:\Git\POIP\Kursovoy\code\..\CortexLib\AbstractHardware\Registers\STM32F411\FieldValues\
#        -I
#        D:\Git\POIP\Kursovoy\code\..\CortexLib\AbstractHardware\Registers\STM32F411\
#        -I D:\Git\POIP\Kursovoy\code\..\CortexLib\AbstractHardware\Registers\
#        -I D:\Git\POIP\Kursovoy\code\..\CortexLib\AbstractHardware\Port\ -I
#        D:\Git\POIP\Kursovoy\code\..\CortexLib\AbstractHardware\Atomic\ -I
#        D:\Git\POIP\Kursovoy\code\..\CortexLib\Common\ -I
#        D:\Git\POIP\Kursovoy\code\..\CortexLib\Common\Singleton\ -I
#        D:\Git\POIP\Kursovoy\code\..\CortexLib\Common\RomObject\ -I
#        D:\Git\POIP\Kursovoy\code\AHardware\Registers\ -I
#        D:\Git\POIP\Kursovoy\code\AHardware\Registers\CortexM4\ -I
#        D:\Git\POIP\Kursovoy\code\AHardware\Registers\CortexM4\FieldValues\ -I
#        D:\Git\POIP\Kursovoy\code\AHardware\Registers\STM32F411\FieldValues\
#        -I D:\Git\POIP\Kursovoy\code\Common\ -I
#        D:\Git\POIP\Kursovoy\code\AHardware\Atomic\ -I
#        D:\Git\POIP\Kursovoy\code\AHardware\USART\ -I
#        D:\Git\POIP\Kursovoy\code\Tasks\ -I
#        D:\Git\POIP\Kursovoy\code\Application\Button\ -I
#        D:\Git\POIP\Kursovoy\code\Application\ -I
#        D:\Git\POIP\Kursovoy\code\AHardware\Timer\ -I
#        D:\Git\POIP\Kursovoy\code\AHardware\ -I
#        D:\Git\POIP\Kursovoy\code\AHardware\Registers\STM32F411\ -I
#        D:\Git\POIP\Kursovoy\code\AHardware\Registers\IrqController\ -I
#        D:\Git\POIP\Kursovoy\code\AHardware\Button\ -I
#        D:\Git\POIP\Kursovoy\code\AHardware\ButtonPoll\ -I
#        D:\Git\POIP\Kursovoy\code\AHardware\ITransmit\ -I
#        D:\Git\POIP\Kursovoy\code\AHardware\LCDDriver\ -I
#        D:\Git\POIP\Kursovoy\code\AHardware\SMBus\ -I
#        D:\Git\POIP\Kursovoy\code\AHardware\SPIx\ -I
#        D:\Git\POIP\Kursovoy\code\AHardware\TempSens\ -I
#        D:\Git\POIP\Kursovoy\code\AHardware\Timer\ -I
#        D:\Git\POIP\Kursovoy\code\AHardware\UART\ -I
#        D:\Git\POIP\Kursovoy\code\AHardware\UARTDriver\ -I
#        D:\Git\POIP\Kursovoy\code\Application\Filter\ -I
#        D:\Git\POIP\Kursovoy\code\Application\Tasks\ -I
#        D:\Git\POIP\Kursovoy\code\Application\Tasks\BlueToothTask\ -I
#        D:\Git\POIP\Kursovoy\code\Application\Tasks\ScreenTask\ -I
#        D:\Git\POIP\Kursovoy\code\Application\Tasks\TemperatureTask\ -I
#        D:\Git\POIP\Kursovoy\code\Application\Temp\ -I
#        D:\Git\POIP\Kursovoy\code\Application\Temp\Temp\ -I
#        D:\Git\POIP\Kursovoy\code\Application\Temp\Units\ -I
#        D:\Git\POIP\Kursovoy\code\AHardware\InterruptHandler\ -I
#        D:\Git\POIP\Kursovoy\code\ -I
#        D:\Git\POIP\Kursovoy\code\AHardware\Temp\ -I
#        D:\Git\POIP\Kursovoy\code\Common\ -I
#        D:\Git\POIP\Kursovoy\code\AHardware\LCDDriver\Fonts\ -I
#        D:\Git\POIP\Kursovoy\code\AHardware\Pin\ -I
#        D:\Git\POIP\Kursovoy\code\AHardware\Port\ -I
#        D:\Git\POIP\Kursovoy\code\AHardware\Atomic\ -I
#        D:\Git\POIP\Kursovoy\code\AHardware\LCDDriver\ -I
#        D:\Git\POIP\Kursovoy\code\AHardware\Filter\ -Ol --c++ --no_exceptions
#        --no_rtti)
#    Locale       =  C
#    List file    =  D:\Git\POIP\Kursovoy\code\Debug\List\Timer.lst
#    Object file  =  D:\Git\POIP\Kursovoy\code\Debug\Obj\Timer.o
#
###############################################################################

D:\Git\POIP\Kursovoy\code\AHardware\Timer\Timer.cpp
      1          #include "timer.hpp" // for Timer

   \                                 In section .text, align 4
   \   __interwork __vfp uint32_t RegisterBase<1073874960U, 32U, ReadMode>::Get<ReadMode, void>()
   \                     _ZN12RegisterBaseILj1073874960ELj32E8ReadModeE3GetIS0_vEEjv: (+1)
   \        0x0   0x4801             LDR.N    R0,??Get_0       ;; 0x40020810
   \        0x2   0x6800             LDR      R0,[R0, #+0]
   \        0x4   0x4770             BX       LR               ;; return
   \        0x6   0xBF00             Nop      
   \                     ??Get_0:
   \        0x8   0x4002'0810        DC32     0x40020810

   \                                 In section .rodata, align 1
   \   __absolute bool const std::chrono::system_clock::is_steady
   \                     _ZNSt6chrono12system_clock9is_steadyE:
   \        0x0   0x00               DC8 0

   \                                 In section .rodata, align 1
   \   __absolute bool const std::chrono::system_clock::is_monotonic
   \                     _ZNSt6chrono12system_clock12is_monotonicE:
   \        0x0   0x00               DC8 0

   \                                 In section .rodata, align 1
   \   __absolute bool const std::chrono::steady_clock::is_steady
   \                     _ZNSt6chrono12steady_clock9is_steadyE:
   \        0x0   0x01               DC8 1

   \                                 In section .text, align 2
   \   __interwork __vfp bool Button<GPIOC, 13>::IsPressed()
   \                     _ZN6ButtonI5GPIOCLi13EE9IsPressedEv: (+1)
   \        0x0   0xB580             PUSH     {R7,LR}
   \        0x2   0x....'....        BL       _ZN12RegisterBaseILj1073874960ELj32E8ReadModeE3GetIS0_vEEjv
   \        0x6   0x0B40             LSRS     R0,R0,#+13
   \        0x8   0xF010 0x0001      ANDS     R0,R0,#0x1
   \        0xC   0xF090 0x0001      EORS     R0,R0,#0x1
   \       0x10   0xB2C0             UXTB     R0,R0            ;; ZeroExt  R0,R0,#+24,#+24
   \       0x12   0xBD02             POP      {R1,PC}          ;; return

   \                                 In section .text, align 2
   \   __interwork __vfp void ButtonPoll<Timer>::Poll()
   \                     _ZN10ButtonPollI5TimerE4PollEv: (+1)
   \        0x0   0xB580             PUSH     {R7,LR}
   \        0x2   0x6840             LDR      R0,[R0, #+4]
   \        0x4   0x....'....        BL       _ZN6ButtonI5GPIOCLi13EE9IsPressedEv
   \        0x8   0xBD01             POP      {R0,PC}          ;; return
      2          

   \                                 In section .text, align 4, keep-with-next
      3          void Timer::InterruptHandler()
      4          {
   \                     _ZN5Timer16InterruptHandlerEv: (+1)
   \        0x0   0xB580             PUSH     {R7,LR}
      5            buttonPoll.Poll();
   \        0x2   0x4802             LDR.N    R0,??InterruptHandler_0
   \        0x4   0x....'....        BL       _ZN10ButtonPollI5TimerE4PollEv
      6          }
   \        0x8   0xBD01             POP      {R0,PC}          ;; return
   \        0xA   0xBF00             Nop      
   \                     ??InterruptHandler_0:
   \        0xC   0x....'....        DC32     buttonPoll

   Maximum stack usage in bytes:

   .cstack Function
   ------- --------
       8   Button<GPIOC, 13>::IsPressed()
         8   -> RegisterBase<1073874960U, 32U, ReadMode>::Get<ReadMode, void>()
       8   ButtonPoll<Timer>::Poll()
         8   -> Button<GPIOC, 13>::IsPressed()
       0   RegisterBase<1073874960U, 32U, ReadMode>::Get<ReadMode, void>()
       8   Timer::InterruptHandler()
         8   -> ButtonPoll<Timer>::Poll()


   Section sizes:

   Bytes  Function/Label
   -----  --------------
      20  Button<GPIOC, 13>::IsPressed()
      10  ButtonPoll<Timer>::Poll()
      12  RegisterBase<1073874960U, 32U, ReadMode>::Get<ReadMode, void>()
      16  Timer::InterruptHandler()
       1  std::chrono::steady_clock::is_steady
       1  std::chrono::system_clock::is_monotonic
       1  std::chrono::system_clock::is_steady
      44  -- Other

 
 47 bytes in section .rodata
 58 bytes in section .text
 
 16 bytes of CODE  memory (+ 42 bytes shared)
  0 bytes of CONST memory (+ 47 bytes shared)

Errors: none
Warnings: none
